
  [39;41;1m FAIL [39;49;22m[39m Tests\Feature\AcademicRouteTest[39m
  [31;1m⨯[39;22m[90m [39m[90madmin can access academic years page[39m[90m                                                                                                                                                                                                    [39m [90m1.32s[39m  
  [31m────────────────────────────────────────────────────────────────────────────────────────────────────────────────────────────────────────────────────────────────────────────────────────────────────────────────────────────────────────────────[39m  
  [41;1m FAILED [49;22m [1mTests\Feature\AcademicRouteTest[22m [90m>[39m admin can access academic years page                                                                                                                                                                   
[39;1m  Expected: [39;22m[31m<!DOCTYPE html>\n
[39m[31m<html lang="id" class="dark">[39m[31m\n
[39m[31m<head>[39m[31m\n
    [39m[31m<meta name="csrf-token" content="qyPJHPsyKAthsEUqX75toWm6Y2OG8IYVpQaEOmVs">[39m[31m\n
    \n
        \n
    \n
    [39m[31m<meta charset="utf-8" />[39m[31m\n
[39m[31m<meta name="viewport" content="width=device-width, initial-scale=1.0" />[39m[31m\n
\n
[39m[31m<title>[39m[31mPKBM Baitusyukur LC[39m[31m</title>[39m[31m\n
\n
[39m[31m<link rel="icon" href="/favicon.ico" sizes="any">[39m[31m\n
[39m[31m<link rel="icon" href="/favicon.svg" type="image/svg+xml">[39m[31m\n
[39m[31m<link rel="apple-touch-icon" href="/apple-touch-icon.png">[39m[31m\n
\n
<!-- DNS Prefetch for common domains -->\n
[39m[31m<link rel="dns-prefetch" href="https://fonts.bunny.net">[39m[31m\n
[39m[31m<link rel="dns-prefetch" href="https://cdnjs.cloudflare.com">[39m[31m\n
\n
<!-- Bunny Fonts (privacy-friendly alternative) -->\n
[39m[31m<link rel="preconnect" href="https://fonts.bunny.net">[39m[31m\n
[39m[31m<link href="https://fonts.bunny.net/css?family=instrument-sans:400,500,600|inter:300,400,500,600,700&display=swap" rel="stylesheet" />[39m[31m\n
\n
[39m[31m<style>[39m[31m\n
    :root.dark {\n
        color-scheme: dark;\n
    }\n
[39m[31m</style>[39m[31m\n
[39m[31m<script>[39m[31m\n
    window.Flux = {\n
        applyAppearance (appearance) {\n
            let applyDark = () => document.documentElement.classList.add('dark')\n
            let applyLight = () => document.documentElement.classList.remove('dark')\n
\n
            if (appearance === 'system') {\n
                let media = window.matchMedia('(prefers-color-scheme: dark)')\n
\n
                window.localStorage.removeItem('flux.appearance')\n
\n
                media.matches ? applyDark() : applyLight()\n
            } else if (appearance === 'dark') {\n
                window.localStorage.setItem('flux.appearance', 'dark')\n
\n
                applyDark()\n
            } else if (appearance === 'light') {\n
                window.localStorage.setItem('flux.appearance', 'light')\n
\n
                applyLight()\n
            }\n
        }\n
    }\n
\n
    window.Flux.applyAppearance(window.localStorage.getItem('flux.appearance') || 'system')\n
[39m[31m</script>[39m[31m\n
<!-- Livewire Styles -->[39m[31m<style >[39m[31m[wire\:loading][wire\:loading], [wire\:loading\.delay][wire\:loading\.delay], [wire\:loading\.list-item][wire\:loading\.list-item], [wire\:loading\.inline-block][wire\:loading\.inline-block], [wire\:loading\.inline][wire\:loading\.inline], [wire\:loading\.block][wire\:loading\.block], [wire\:loading\.flex][wire\:loading\.flex], [wire\:loading\.table][wire\:loading\.table], [wire\:loading\.grid][wire\:loading\.grid], [wire\:loading\.inline-flex][wire\:loading\.inline-flex] {display: none;}[wire\:loading\.delay\.none][wire\:loading\.delay\.none], [wire\:loading\.delay\.shortest][wire\:loading\.delay\.shortest], [wire\:loading\.delay\.shorter][wire\:loading\.delay\.shorter], [wire\:loading\.delay\.short][wire\:loading\.delay\.short], [wire\:loading\.delay\.default][wire\:loading\.delay\.default], [wire\:loading\.delay\.long][wire\:loading\.delay\.long], [wire\:loading\.delay\.longer][wire\:loading\.delay\.longer], [wire\:loading\.delay\.longest][wire\:loading\.delay\.longest] {display: none;}[wire\:offline][wire\:offline] {display: none;}[wire\:dirty]:not(textarea):not(input):not(select) {display: none;}:root {--livewire-progress-bar-color: #2299dd;}[x-cloak] {display: none !important;}[wire\:cloak] {display: none !important;}dialog#livewire-error::backdrop {background-color: rgba(0, 0, 0, .6);}[39m[31m</style>[39m[31m\n
[39m[31m</head>[39m[31m\n
[39m[31m<body class="min-h-screen bg-white font-sans antialiased dark:bg-zinc-900">[39m[31m\n
    [39m[31m<ui-sidebar-toggle class="z-20 fixed inset-0 bg-black/10 hidden data-flux-sidebar-on-mobile:not-data-flux-sidebar-collapsed-mobile:block" data-flux-sidebar-backdrop>[39m[31m</ui-sidebar-toggle>[39m[31m\n
\n
[39m[31m<ui-sidebar\n
    class="[grid-area:sidebar] z-1 flex flex-col gap-4 [:where(&amp;)]:w-64 p-4 data-flux-sidebar-collapsed-desktop:w-14 data-flux-sidebar-collapsed-desktop:px-2 data-flux-sidebar-collapsed-desktop:cursor-e-resize rtl:data-flux-sidebar-collapsed-desktop:cursor-w-resize max-lg:data-flux-sidebar-cloak:hidden data-flux-sidebar-on-mobile:data-flux-sidebar-collapsed-mobile:-translate-x-full data-flux-sidebar-on-mobile:data-flux-sidebar-collapsed-mobile:rtl:translate-x-full z-20! data-flux-sidebar-on-mobile:start-0! data-flux-sidebar-on-mobile:fixed! data-flux-sidebar-on-mobile:top-0! data-flux-sidebar-on-mobile:min-h-dvh! data-flux-sidebar-on-mobile:max-h-dvh! max-h-dvh overflow-y-auto overscroll-contain border-e border-zinc-200 bg-zinc-50 dark:border-zinc-700 dark:bg-zinc-900" x-init="$el.classList.add(&#039;transition-transform&#039;)"\n
     collapsible="true"          sticky     x-data\n
    data-flux-sidebar-cloak\n
    data-flux-sidebar\n
>[39m[31m\n
    [39m[31m<div class="flex items-center justify-between gap-2 min-h-10" data-flux-sidebar-header>[39m[31m\n
        [39m[31m<a href="http://simkopkbm.test/admin/dashboard" class="h-10 flex items-center px-2 in-data-flux-sidebar-collapsed-desktop:w-10 in-data-flux-sidebar-collapsed-desktop:px-0 in-data-flux-sidebar-collapsed-desktop:justify-center in-data-flux-sidebar-collapsed-desktop:in-data-flux-sidebar-active:absolute in-data-flux-sidebar-collapsed-desktop:in-data-flux-sidebar-active:opacity-0 gap-2" wire:navigate.hover="" data-flux-sidebar-brand>[39m[31m\n
                    [39m[31m<div class="flex items-center justify-center [:where(&amp;)]:h-6 [:where(&amp;)]:min-w-6 [:where(&amp;)]:rounded-sm overflow-hidden shrink-0">[39m[31m\n
                \n
                [39m[31m<img src="http://simkopkbm.test/img/logo.png" class="size-7 fill-current text-white dark:text-black">[39m[31m\n
\n
            \n
            [39m[31m</div>[39m[31m\n
        \n
        [39m[31m<div class="text-sm font-medium truncate [:where(&amp;)]:text-zinc-800 dark:[:where(&amp;)]:text-zinc-100 in-data-flux-sidebar-collapsed-desktop:hidden">[39m[31mPKBM Baitusyukur LC[39m[31m</div>[39m[31m\n
    [39m[31m</a>[39m[31m\n
\n
        [39m[31m<ui-sidebar-toggle class="w-10 h-8 flex items-center justify-center in-data-flux-sidebar-collapsed-desktop:opacity-0 in-data-flux-sidebar-collapsed-desktop:absolute in-data-flux-sidebar-collapsed-desktop:in-data-flux-sidebar-active:opacity-100  in-data-flux-sidebar-on-desktop:not-in-data-flux-sidebar-collapsed-desktop:-mr-2" data-flux-sidebar-collapse>[39m[31m\n
    [39m[31m<ui-tooltip position="right center"  data-flux-tooltip >[39m[31m\n
        [39m[31m<button type="button" class="size-10 relative items-center font-medium justify-center gap-2 whitespace-nowrap disabled:opacity-75 dark:disabled:opacity-75 disabled:cursor-default disabled:pointer-events-none text-sm rounded-lg inline-flex  bg-transparent hover:bg-zinc-800/5 dark:hover:bg-white/15 text-zinc-500 hover:text-zinc-800 dark:text-zinc-400 dark:hover:text-white in-data-flux-sidebar-collapsed-desktop:cursor-e-resize rtl:in-data-flux-sidebar-collapsed-desktop:cursor-w-resize [&amp;[collapsible=&quot;mobile&quot;]]:in-data-flux-sidebar-on-desktop:hidden rtl:rotate-180">[39m[31m\n
            [39m[31m<svg class="text-zinc-500 dark:text-zinc-400" width="20" height="20" viewBox="0 0 20 20" fill="none" xmlns="http://www.w3.org/2000/svg">[39m[31m\n
                [39m[31m<path d="M7.5 3.75V16.25M3.4375 16.25H16.5625C17.08 16.25 17.5 15.83 17.5 15.3125V4.6875C17.5 4.17 17.08 3.75 16.5625 3.75H3.4375C2.92 3.75 2.5 4.17 2.5 4.6875V15.3125C2.5 15.83 2.92 16.25 3.4375 16.25Z" stroke="currentColor" stroke-width="1.25" stroke-linecap="round" stroke-linejoin="round">[39m[31m</path>[39m[31m\n
            [39m[31m</svg>[39m[31m\n
        [39m[31m</button>[39m[31m\n
\n
                    [39m[31m<div popover="manual" class="relative py-2 px-2.5 rounded-md text-xs text-white font-medium bg-zinc-800 dark:bg-zinc-700 dark:border dark:border-white/10 p-0 overflow-visible" data-flux-tooltip-content>[39m[31m\n
    Toggle sidebar\n
\n
    [39m[31m</div>[39m[31m\n
            [39m[31m</ui-tooltip>[39m[31m\n
[39m[31m</ui-sidebar-toggle>[39m[31m\n
\n
    [39m[31m</div>[39m[31m\n
\n
    [39m[31m<nav class="flex flex-col overflow-visible min-h-auto" data-flux-sidebar-nav>[39m[31m\n
        <!-- Dashboard -->\n
        [39m[31m<ui-tooltip position="right center"  data-flux-tooltip >[39m[31m\n
    [39m[31m<a href="http://simkopkbm.test/admin/dashboard" wire:current.ignore="" class="h-8 in-data-flux-sidebar-on-mobile:h-10 relative flex items-center gap-3 rounded-lg in-data-flux-sidebar-collapsed-desktop:w-10 in-data-flux-sidebar-collapsed-desktop:justify-center py-0 text-start w-full px-3 has-data-flux-navlist-badge:not-in-data-flux-sidebar-collapsed-desktop:pe-1.5 my-px text-zinc-500 dark:text-white/80 data-current:text-(--color-accent-content) hover:data-current:text-(--color-accent-content) data-current:bg-white dark:data-current:bg-white/[7%] data-current:border data-current:border-zinc-200 dark:data-current:border-transparent hover:text-zinc-800 dark:hover:text-white dark:hover:bg-white/[7%] hover:bg-zinc-800/5  border border-transparent in-data-flux-sidebar-group-dropdown:w-auto! in-data-flux-sidebar-group-dropdown:px-2! in-data-flux-sidebar-group-dropdown:text-zinc-800! in-data-flux-sidebar-group-dropdown:bg-white! in-data-flux-sidebar-group-dropdown:hover:bg-zinc-50! dark:in-data-flux-sidebar-group-dropdown:text-white! dark:in-data-flux-sidebar-group-dropdown:bg-transparent! dark:in-data-flux-sidebar-group-dropdown:hover:bg-zinc-600! mb-3" data-flux-sidebar-item="data-flux-sidebar-item" wire:navigate.hover="">[39m[31m\n
        [39m[31m<div class="relative">[39m[31m\n
                                    [39m[31m<svg class="shrink-0 [:where(&amp;)]:size-6 size-4 in-data-flux-sidebar-group-dropdown:text-zinc-400! dark:in-data-flux-sidebar-group-dropdown:text-white/80! [[data-flux-sidebar-item]:hover_&]:text-current!" data-flux-icon xmlns="http://www.w3.org/2000/svg" fill="none" viewBox="0 0 24 24" stroke-width="1.5" stroke="currentColor" aria-hidden="true" data-slot="icon">[39m[31m\n
  [39m[31m<path stroke-linecap="round" stroke-linejoin="round" d="m2.25 12 8.954-8.955c.44-.439 1.152-.439 1.591 0L21.75 12M4.5 9.75v10.125c0 .621.504 1.125 1.125 1.125H9.75v-4.875c0-.621.504-1.125 1.125-1.125h2.25c.621 0 1.125.504 1.125 1.125V21h4.125c.621 0 1.125-.504 1.125-1.125V9.75M8.25 21h8.25"/>[39m[31m\n
[39m[31m</svg>[39m[31m\n
\n
                        \n
                            [39m[31m</div>[39m[31m\n
        \n
                    [39m[31m<div class="\n
                in-data-flux-sidebar-collapsed-desktop:not-in-data-flux-sidebar-group-dropdown:hidden\n
                flex-1 text-sm font-medium truncate [[data-nav-footer]_&]:hidden [[data-nav-sidebar]_[data-nav-footer]_&]:block" data-content>[39m[31mDashboard[39m[31m</div>[39m[31m\n
    [39m[31m</a>[39m[31m\n
\n
    [39m[31m<div popover="manual" class="relative py-2 px-2.5 rounded-md text-xs text-white font-medium bg-zinc-800 dark:bg-zinc-700 dark:border dark:border-white/10 p-0 overflow-visible not-in-data-flux-sidebar-collapsed-desktop:hidden in-data-flux-sidebar-group-dropdown:hidden cursor-default" data-flux-tooltip-content>[39m[31m\n
        Dashboard\n
    [39m[31m<span class="ps-1 text-zinc-300">[39m[31m</span>[39m[31m\n
    [39m[31m</div>[39m[31m\n
\n
[39m[31m</ui-tooltip>[39m[31m\n
\n
                    <!-- Data Master -->\n
            [39m[31m<ui-disclosure class="group/disclosure in-data-flux-sidebar-collapsed-desktop:hidden grid"  open  data-flux-sidebar-group>[39m[31m\n
            [39m[31m<button type="button" class="border-1 border-transparent w-full h-8 in-data-flux-sidebar-on-mobile:h-10 flex items-center group/disclosure-button mb-[2px] rounded-lg hover:bg-zinc-800/5 dark:hover:bg-white/[7%] text-zinc-500 hover:text-zinc-800 dark:text-white/80 dark:hover:text-white">[39m[31m\n
                [39m[31m<div class="px-3">[39m[31m\n
                                            [39m[31m<svg class="shrink-0 [:where(&amp;)]:size-6 size-4" data-flux-icon xmlns="http://www.w3.org/2000/svg" fill="none" viewBox="0 0 24 24" stroke-width="1.5" stroke="currentColor" aria-hidden="true" data-slot="icon">[39m[31m\n
  [39m[31m<path stroke-linecap="round" stroke-linejoin="round" d="M12 6.042A8.967 8.967 0 0 0 6 3.75c-1.052 0-2.062.18-3 .512v14.25A8.987 8.987 0 0 1 6 18c2.305 0 4.408.867 6 2.292m0-14.25a8.966 8.966 0 0 1 6-2.292c1.052 0 2.062.18 3 .512v14.25A8.987 8.987 0 0 0 18 18a8.967 8.967 0 0 0-6 2.292m0-14.25v14.25"/>[39m[31m\n
[39m[31m</svg>[39m[31m\n
\n
                                            [39m[31m</div>[39m[31m\n
\n
                [39m[31m<span class="flex-1 text-left rtl:text-right text-sm font-medium leading-none">[39m[31mData Master[39m[31m</span>[39m[31m\n
\n
                [39m[31m<div class="ps-3 pe-2.5">[39m[31m\n
                    [39m[31m<svg class="shrink-0 [:where(&amp;)]:size-6 size-3! hidden group-data-open/disclosure-button:block" data-flux-icon xmlns="http://www.w3.org/2000/svg" fill="none" viewBox="0 0 24 24" stroke-width="1.5" stroke="currentColor" aria-hidden="true" data-slot="icon">[39m[31m\n
  [39m[31m<path stroke-linecap="round" stroke-linejoin="round" d="m19.5 8.25-7.5 7.5-7.5-7.5"/>[39m[31m\n
[39m[31m</svg>[39m[31m\n
\n
        \n
                    [39m[31m<svg class="shrink-0 [:where(&amp;)]:size-6 size-3! block group-data-open/disclosure-button:hidden rtl:rotate-180" data-flux-icon xmlns="http://www.w3.org/2000/svg" fill="none" viewBox="0 0 24 24" stroke-width="1.5" stroke="currentColor" aria-hidden="true" data-slot="icon">[39m[31m\n
  [39m[31m<path stroke-linecap="round" stroke-linejoin="round" d="m8.25 4.5 7.5 7.5-7.5 7.5"/>[39m[31m\n
[39m[31m</svg>[39m[31m\n
\n
        \n
                [39m[31m</div>[39m[31m\n
            [39m[31m</button>[39m[31m\n
\n
            [39m[31m<div class="relative hidden data-open:block space-y-[2px] ps-7"  data-open >[39m[31m\n
                [39m[31m<div class="absolute inset-y-[3px] w-px bg-zinc-200 dark:bg-white/30 start-0 ms-5">[39m[31m</div>[39m[31m\n
\n
                [39m[31m<ui-tooltip position="right center"  data-flux-tooltip >[39m[31m\n
    [39m[31m<a href="http://simkopkbm.test/admin/students" wire:current.ignore="" class="h-8 in-data-flux-sidebar-on-mobile:h-10 relative flex items-center gap-3 rounded-lg in-data-flux-sidebar-collapsed-desktop:w-10 in-data-flux-sidebar-collapsed-desktop:justify-center py-0 text-start w-full px-3 has-data-flux-navlist-badge:not-in-data-flux-sidebar-collapsed-desktop:pe-1.5 my-px text-zinc-500 dark:text-white/80 data-current:text-(--color-accent-content) hover:data-current:text-(--color-accent-content) data-current:bg-white dark:data-current:bg-white/[7%] data-current:border data-current:border-zinc-200 dark:data-current:border-transparent hover:text-zinc-800 dark:hover:text-white dark:hover:bg-white/[7%] hover:bg-zinc-800/5  border border-transparent in-data-flux-sidebar-group-dropdown:w-auto! in-data-flux-sidebar-group-dropdown:px-2! in-data-flux-sidebar-group-dropdown:text-zinc-800! in-data-flux-sidebar-group-dropdown:bg-white! in-data-flux-sidebar-group-dropdown:hover:bg-zinc-50! dark:in-data-flux-sidebar-group-dropdown:text-white! dark:in-data-flux-sidebar-group-dropdown:bg-transparent! dark:in-data-flux-sidebar-group-dropdown:hover:bg-zinc-600!" data-flux-sidebar-item="data-flux-sidebar-item" wire:navigate.hover="">[39m[31m\n
        [39m[31m<div class="relative">[39m[31m\n
                                    [39m[31m<svg class="shrink-0 [:where(&amp;)]:size-6 size-4 in-data-flux-sidebar-group-dropdown:text-zinc-400! dark:in-data-flux-sidebar-group-dropdown:text-white/80! [[data-flux-sidebar-item]:hover_&]:text-current!" data-flux-icon xmlns="http://www.w3.org/2000/svg" fill="none" viewBox="0 0 24 24" stroke-width="1.5" stroke="currentColor" aria-hidden="true" data-slot="icon">[39m[31m\n
  [39m[31m<path stroke-linecap="round" stroke-linejoin="round" d="M15 19.128a9.38 9.38 0 0 0 2.625.372 9.337 9.337 0 0 0 4.121-.952 4.125 4.125 0 0 0-7.533-2.493M15 19.128v-.003c0-1.113-.285-2.16-.786-3.07M15 19.128v.106A12.318 12.318 0 0 1 8.624 21c-2.331 0-4.512-.645-6.374-1.766l-.001-.109a6.375 6.375 0 0 1 11.964-3.07M12 6.375a3.375 3.375 0 1 1-6.75 0 3.375 3.375 0 0 1 6.75 0Zm8.25 2.25a2.625 2.625 0 1 1-5.25 0 2.625 2.625 0 0 1 5.25 0Z"/>[39m[31m\n
[39m[31m</svg>[39m[31m\n
\n
                        \n
                            [39m[31m</div>[39m[31m\n
        \n
                    [39m[31m<div class="\n
                in-data-flux-sidebar-collapsed-desktop:not-in-data-flux-sidebar-group-dropdown:hidden\n
                flex-1 text-sm font-medium truncate [[data-nav-footer]_&]:hidden [[data-nav-sidebar]_[data-nav-footer]_&]:block" data-content>[39m[31mSiswa[39m[31m</div>[39m[31m\n
    [39m[31m</a>[39m[31m\n
\n
    [39m[31m<div popover="manual" class="relative py-2 px-2.5 rounded-md text-xs text-white font-medium bg-zinc-800 dark:bg-zinc-700 dark:border dark:border-white/10 p-0 overflow-visible not-in-data-flux-sidebar-collapsed-desktop:hidden in-data-flux-sidebar-group-dropdown:hidden cursor-default" data-flux-tooltip-content>[39m[31m\n
        Siswa\n
    [39m[31m<span class="ps-1 text-zinc-300">[39m[31m</span>[39m[31m\n
    [39m[31m</div>[39m[31m\n
\n
[39m[31m</ui-tooltip>[39m[31m\n
                [39m[31m<ui-tooltip position="right center"  data-flux-tooltip >[39m[31m\n
    [39m[31m<a href="http://simkopkbm.test/admin/ptk" wire:current.ignore="" class="h-8 in-data-flux-sidebar-on-mobile:h-10 relative flex items-center gap-3 rounded-lg in-data-flux-sidebar-collapsed-desktop:w-10 in-data-flux-sidebar-collapsed-desktop:justify-center py-0 text-start w-full px-3 has-data-flux-navlist-badge:not-in-data-flux-sidebar-collapsed-desktop:pe-1.5 my-px text-zinc-500 dark:text-white/80 data-current:text-(--color-accent-content) hover:data-current:text-(--color-accent-content) data-current:bg-white dark:data-current:bg-white/[7%] data-current:border data-current:border-zinc-200 dark:data-current:border-transparent hover:text-zinc-800 dark:hover:text-white dark:hover:bg-white/[7%] hover:bg-zinc-800/5  border border-transparent in-data-flux-sidebar-group-dropdown:w-auto! in-data-flux-sidebar-group-dropdown:px-2! in-data-flux-sidebar-group-dropdown:text-zinc-800! in-data-flux-sidebar-group-dropdown:bg-white! in-data-flux-sidebar-group-dropdown:hover:bg-zinc-50! dark:in-data-flux-sidebar-group-dropdown:text-white! dark:in-data-flux-sidebar-group-dropdown:bg-transparent! dark:in-data-flux-sidebar-group-dropdown:hover:bg-zinc-600!" data-flux-sidebar-item="data-flux-sidebar-item" wire:navigate.hover="">[39m[31m\n
        [39m[31m<div class="relative">[39m[31m\n
                                    [39m[31m<svg class="shrink-0 [:where(&amp;)]:size-6 size-4 in-data-flux-sidebar-group-dropdown:text-zinc-400! dark:in-data-flux-sidebar-group-dropdown:text-white/80! [[data-flux-sidebar-item]:hover_&]:text-current!" data-flux-icon xmlns="http://www.w3.org/2000/svg" fill="none" viewBox="0 0 24 24" stroke-width="1.5" stroke="currentColor" aria-hidden="true" data-slot="icon">[39m[31m\n
  [39m[31m<path stroke-linecap="round" stroke-linejoin="round" d="M20.25 14.15v4.25c0 1.094-.787 2.036-1.872 2.18-2.087.277-4.216.42-6.378.42s-4.291-.143-6.378-.42c-1.085-.144-1.872-1.086-1.872-2.18v-4.25m16.5 0a2.18 2.18 0 0 0 .75-1.661V8.706c0-1.081-.768-2.015-1.837-2.175a48.114 48.114 0 0 0-3.413-.387m4.5 8.006c-.194.165-.42.295-.673.38A23.978 23.978 0 0 1 12 15.75c-2.648 0-5.195-.429-7.577-1.22a2.016 2.016 0 0 1-.673-.38m0 0A2.18 2.18 0 0 1 3 12.489V8.706c0-1.081.768-2.015 1.837-2.175a48.111 48.111 0 0 1 3.413-.387m7.5 0V5.25A2.25 2.25 0 0 0 13.5 3h-3a2.25 2.25 0 0 0-2.25 2.25v.894m7.5 0a48.667 48.667 0 0 0-7.5 0M12 12.75h.008v.008H12v-.008Z"/>[39m[31m\n
[39m[31m</svg>[39m[31m\n
\n
                        \n
                            [39m[31m</div>[39m[31m\n
        \n
                    [39m[31m<div class="\n
                in-data-flux-sidebar-collapsed-desktop:not-in-data-flux-sidebar-group-dropdown:hidden\n
                flex-1 text-sm font-medium truncate [[data-nav-footer]_&]:hidden [[data-nav-sidebar]_[data-nav-footer]_&]:block" data-content>[39m[31mPTK[39m[31m</div>[39m[31m\n
    [39m[31m</a>[39m[31m\n
\n
    [39m[31m<div popover="manual" class="relative py-2 px-2.5 rounded-md text-xs text-white font-medium bg-zinc-800 dark:bg-zinc-700 dark:border dark:border-white/10 p-0 overflow-visible not-in-data-flux-sidebar-collapsed-desktop:hidden in-data-flux-sidebar-group-dropdown:hidden cursor-default" data-flux-tooltip-content>[39m[31m\n
        PTK\n
    [39m[31m<span class="ps-1 text-zinc-300">[39m[31m</span>[39m[31m\n
    [39m[31m</div>[39m[31m\n
\n
[39m[31m</ui-tooltip>[39m[31m\n
                [39m[31m<ui-tooltip position="right center"  data-flux-tooltip >[39m[31m\n
    [39m[31m<a href="http://simkopkbm.test/admin/data-master/users" wire:current.ignore="" class="h-8 in-data-flux-sidebar-on-mobile:h-10 relative flex items-center gap-3 rounded-lg in-data-flux-sidebar-collapsed-desktop:w-10 in-data-flux-sidebar-collapsed-desktop:justify-center py-0 text-start w-full px-3 has-data-flux-navlist-badge:not-in-data-flux-sidebar-collapsed-desktop:pe-1.5 my-px text-zinc-500 dark:text-white/80 data-current:text-(--color-accent-content) hover:data-current:text-(--color-accent-content) data-current:bg-white dark:data-current:bg-white/[7%] data-current:border data-current:border-zinc-200 dark:data-current:border-transparent hover:text-zinc-800 dark:hover:text-white dark:hover:bg-white/[7%] hover:bg-zinc-800/5  border border-transparent in-data-flux-sidebar-group-dropdown:w-auto! in-data-flux-sidebar-group-dropdown:px-2! in-data-flux-sidebar-group-dropdown:text-zinc-800! in-data-flux-sidebar-group-dropdown:bg-white! in-data-flux-sidebar-group-dropdown:hover:bg-zinc-50! dark:in-data-flux-sidebar-group-dropdown:text-white! dark:in-data-flux-sidebar-group-dropdown:bg-transparent! dark:in-data-flux-sidebar-group-dropdown:hover:bg-zinc-600!" data-flux-sidebar-item="data-flux-sidebar-item" wire:navigate.hover="">[39m[31m\n
        [39m[31m<div class="relative">[39m[31m\n
                                    [39m[31m<svg class="shrink-0 [:where(&amp;)]:size-6 size-4 in-data-flux-sidebar-group-dropdown:text-zinc-400! dark:in-data-flux-sidebar-group-dropdown:text-white/80! [[data-flux-sidebar-item]:hover_&]:text-current!" data-flux-icon xmlns="http://www.w3.org/2000/svg" fill="none" viewBox="0 0 24 24" stroke-width="1.5" stroke="currentColor" aria-hidden="true" data-slot="icon">[39m[31m\n
  [39m[31m<path stroke-linecap="round" stroke-linejoin="round" d="M17.982 18.725A7.488 7.488 0 0 0 12 15.75a7.488 7.488 0 0 0-5.982 2.975m11.963 0a9 9 0 1 0-11.963 0m11.963 0A8.966 8.966 0 0 1 12 21a8.966 8.966 0 0 1-5.982-2.275M15 9.75a3 3 0 1 1-6 0 3 3 0 0 1 6 0Z"/>[39m[31m\n
[39m[31m</svg>[39m[31m\n
\n
                        \n
                            [39m[31m</div>[39m[31m\n
        \n
                    [39m[31m<div class="\n
                in-data-flux-sidebar-collapsed-desktop:not-in-data-flux-sidebar-group-dropdown:hidden\n
                flex-1 text-sm font-medium truncate [[data-nav-footer]_&]:hidden [[data-nav-sidebar]_[data-nav-footer]_&]:block" data-content>[39m[31mPengguna[39m[31m</div>[39m[31m\n
    [39m[31m</a>[39m[31m\n
\n
    [39m[31m<div popover="manual" class="relative py-2 px-2.5 rounded-md text-xs text-white font-medium bg-zinc-800 dark:bg-zinc-700 dark:border dark:border-white/10 p-0 overflow-visible not-in-data-flux-sidebar-collapsed-desktop:hidden in-data-flux-sidebar-group-dropdown:hidden cursor-default" data-flux-tooltip-content>[39m[31m\n
        Pengguna\n
    [39m[31m<span class="ps-1 text-zinc-300">[39m[31m</span>[39m[31m\n
    [39m[31m</div>[39m[31m\n
\n
[39m[31m</ui-tooltip>[39m[31m\n
                [39m[31m<ui-tooltip position="right center"  data-flux-tooltip >[39m[31m\n
    [39m[31m<a href="http://simkopkbm.test/admin/registrations" wire:current.ignore="" class="h-8 in-data-flux-sidebar-on-mobile:h-10 relative flex items-center gap-3 rounded-lg in-data-flux-sidebar-collapsed-desktop:w-10 in-data-flux-sidebar-collapsed-desktop:justify-center py-0 text-start w-full px-3 has-data-flux-navlist-badge:not-in-data-flux-sidebar-collapsed-desktop:pe-1.5 my-px text-zinc-500 dark:text-white/80 data-current:text-(--color-accent-content) hover:data-current:text-(--color-accent-content) data-current:bg-white dark:data-current:bg-white/[7%] data-current:border data-current:border-zinc-200 dark:data-current:border-transparent hover:text-zinc-800 dark:hover:text-white dark:hover:bg-white/[7%] hover:bg-zinc-800/5  border border-transparent in-data-flux-sidebar-group-dropdown:w-auto! in-data-flux-sidebar-group-dropdown:px-2! in-data-flux-sidebar-group-dropdown:text-zinc-800! in-data-flux-sidebar-group-dropdown:bg-white! in-data-flux-sidebar-group-dropdown:hover:bg-zinc-50! dark:in-data-flux-sidebar-group-dropdown:text-white! dark:in-data-flux-sidebar-group-dropdown:bg-transparent! dark:in-data-flux-sidebar-group-dropdown:hover:bg-zinc-600!" data-flux-sidebar-item="data-flux-sidebar-item" wire:navigate.hover="">[39m[31m\n
        [39m[31m<div class="relative">[39m[31m\n
                                    [39m[31m<svg class="shrink-0 [:where(&amp;)]:size-6 size-4 in-data-flux-sidebar-group-dropdown:text-zinc-400! dark:in-data-flux-sidebar-group-dropdown:text-white/80! [[data-flux-sidebar-item]:hover_&]:text-current!" data-flux-icon xmlns="http://www.w3.org/2000/svg" fill="none" viewBox="0 0 24 24" stroke-width="1.5" stroke="currentColor" aria-hidden="true" data-slot="icon">[39m[31m\n
  [39m[31m<path stroke-linecap="round" stroke-linejoin="round" d="M18 7.5v3m0 0v3m0-3h3m-3 0h-3m-2.25-4.125a3.375 3.375 0 1 1-6.75 0 3.375 3.375 0 0 1 6.75 0ZM3 19.235v-.11a6.375 6.375 0 0 1 12.75 0v.109A12.318 12.318 0 0 1 9.374 21c-2.331 0-4.512-.645-6.374-1.766Z"/>[39m[31m\n
[39m[31m</svg>[39m[31m\n
\n
                        \n
                            [39m[31m</div>[39m[31m\n
        \n
                    [39m[31m<div class="\n
                in-data-flux-sidebar-collapsed-desktop:not-in-data-flux-sidebar-group-dropdown:hidden\n
                flex-1 text-sm font-medium truncate [[data-nav-footer]_&]:hidden [[data-nav-sidebar]_[data-nav-footer]_&]:block" data-content>[39m[31mPendaftaran[39m[31m</div>[39m[31m\n
    [39m[31m</a>[39m[31m\n
\n
    [39m[31m<div popover="manual" class="relative py-2 px-2.5 rounded-md text-xs text-white font-medium bg-zinc-800 dark:bg-zinc-700 dark:border dark:border-white/10 p-0 overflow-visible not-in-data-flux-sidebar-collapsed-desktop:hidden in-data-flux-sidebar-group-dropdown:hidden cursor-default" data-flux-tooltip-content>[39m[31m\n
        Pendaftaran\n
    [39m[31m<span class="ps-1 text-zinc-300">[39m[31m</span>[39m[31m\n
    [39m[31m</div>[39m[31m\n
\n
[39m[31m</ui-tooltip>[39m[31m\n
            [39m[31m</div>[39m[31m\n
        [39m[31m</ui-disclosure>[39m[31m\n
\n
        [39m[31m<ui-dropdown position="right start" hover="hover" class="in-data-flux-sidebar-on-mobile:hidden not-in-data-flux-sidebar-collapsed-desktop:hidden" data-flux-sidebar-group-dropdown="data-flux-sidebar-group-dropdown" data-flux-dropdown>[39m[31m\n
            [39m[31m<button type="button" class="border-1 border-transparent w-full px-3 in-data-flux-menu:px-2 h-8 flex gap-3 items-center group/disclosure-button mb-[2px] rounded-lg in-data-flux-sidebar-collapsed-desktop:not-in-data-flux-menu:w-10 in-data-flux-sidebar-collapsed-desktop:not-in-data-flux-menu:justify-center hover:bg-zinc-800/5 dark:hover:bg-white/[7%] in-data-flux-menu:hover:bg-zinc-50 dark:in-data-flux-menu:hover:bg-zinc-600 text-zinc-500 in-data-flux-menu:text-zinc-800 hover:text-zinc-800 dark:text-white/80 in-data-flux-menu:dark:text-white dark:hover:text-white">[39m[31m\n
                                    [39m[31m<div class="relative">[39m[31m\n
                                                    [39m[31m<svg class="shrink-0 [:where(&amp;)]:size-6 in-data-flux-menu:text-zinc-400 in-data-flux-menu:dark:text-white/80 in-data-flux-menu:[[data-flux-sidebar-group-dropdown]>[39m[31mbutton:hover_&]:text-current size-4" data-flux-icon xmlns="http://www.w3.org/2000/svg" fill="none" viewBox="0 0 24 24" stroke-width="1.5" stroke="currentColor" aria-hidden="true" data-slot="icon">\n
  [39m[31m<path stroke-linecap="round" stroke-linejoin="round" d="M12 6.042A8.967 8.967 0 0 0 6 3.75c-1.052 0-2.062.18-3 .512v14.25A8.987 8.987 0 0 1 6 18c2.305 0 4.408.867 6 2.292m0-14.25a8.966 8.966 0 0 1 6-2.292c1.052 0 2.062.18 3 .512v14.25A8.987 8.987 0 0 0 18 18a8.967 8.967 0 0 0-6 2.292m0-14.25v14.25"/>[39m[31m\n
[39m[31m</svg>[39m[31m\n
\n
                                                    [39m[31m</div>[39m[31m\n
                \n
                [39m[31m<span class="hidden in-data-flux-menu:block flex-1 text-start text-sm font-medium leading-none text-zinc-800 dark:text-white">[39m[31mData Master[39m[31m</span>[39m[31m\n
\n
                [39m[31m<div class="hidden in-data-flux-menu:block">[39m[31m\n
                    [39m[31m<svg class="shrink-0 [:where(&amp;)]:size-6 ms-auto size-4 text-zinc-400 [[data-flux-sidebar-group-dropdown]>[39m[31mbutton:hover_&]:text-current rtl:hidden" data-flux-icon xmlns="http://www.w3.org/2000/svg" fill="none" viewBox="0 0 24 24" stroke-width="1.5" stroke="currentColor" aria-hidden="true" data-slot="icon">\n
  [39m[31m<path stroke-linecap="round" stroke-linejoin="round" d="m8.25 4.5 7.5 7.5-7.5 7.5"/>[39m[31m\n
[39m[31m</svg>[39m[31m\n
\n
                            [39m[31m<svg class="shrink-0 [:where(&amp;)]:size-6 ms-auto size-4 text-zinc-400 [[data-flux-sidebar-group-dropdown]>[39m[31mbutton:hover_&]:text-current hidden rtl:inline" data-flux-icon xmlns="http://www.w3.org/2000/svg" fill="none" viewBox="0 0 24 24" stroke-width="1.5" stroke="currentColor" aria-hidden="true" data-slot="icon">\n
  [39m[31m<path stroke-linecap="round" stroke-linejoin="round" d="M15.75 19.5 8.25 12l7.5-7.5"/>[39m[31m\n
[39m[31m</svg>[39m[31m\n
\n
                        [39m[31m</div>[39m[31m\n
            [39m[31m</button>[39m[31m\n
\n
            [39m[31m<ui-menu\n
    class="[:where(&amp;)]:min-w-48 p-[.3125rem] rounded-lg shadow-xs border border-zinc-200 dark:border-zinc-600 bg-white dark:bg-zinc-700 focus:outline-hidden"\n
    popover="manual"\n
    data-flux-menu\n
>[39m[31m\n
                [39m[31m<div class="-mx-[.3125rem] px-[.3125rem] [&amp;+&amp;&gt;[data-flux-menu-separator-top]]:hidden [&amp;:first-child&gt;[data-flux-menu-separator-top]]:hidden [&amp;:last-child&gt;[data-flux-menu-separator-bottom]]:hidden" role="group" data-flux-menu-group>[39m[31m\n
    [39m[31m<div class="-mx-[.3125rem] my-[.3125rem] h-px" data-flux-menu-separator-top="data-flux-menu-separator-top" data-flux-menu-separator>[39m[31m\n
    [39m[31m<div data-orientation="horizontal" role="none" class="border-0 [print-color-adjust:exact] bg-zinc-800/15 dark:bg-white/20 h-px w-full dark:bg-zinc-600!" data-flux-separator>[39m[31m</div>[39m[31m\n
[39m[31m</div>[39m[31m\n
\n
            [39m[31m<div class="p-2 pb-1 w-full flex items-center text-start text-xs font-medium text-zinc-500 font-medium dark:text-zinc-300" data-flux-menu-heading>[39m[31m\n
    [39m[31m<div class="w-7 hidden [[data-flux-menu]:has(>[39m[31m[data-flux-menu-item-has-icon])_&]:block">[39m[31m</div>[39m[31m\n
\n
    [39m[31m<div>[39m[31mData Master[39m[31m</div>[39m[31m\n
[39m[31m</div>[39m[31m\n
                    [39m[31m<ui-tooltip position="right center"  data-flux-tooltip >[39m[31m\n
    [39m[31m<a href="http://simkopkbm.test/admin/students" wire:current.ignore="" class="h-8 in-data-flux-sidebar-on-mobile:h-10 relative flex items-center gap-3 rounded-lg in-data-flux-sidebar-collapsed-desktop:w-10 in-data-flux-sidebar-collapsed-desktop:justify-center py-0 text-start w-full px-3 has-data-flux-navlist-badge:not-in-data-flux-sidebar-collapsed-desktop:pe-1.5 my-px text-zinc-500 dark:text-white/80 data-current:text-(--color-accent-content) hover:data-current:text-(--color-accent-content) data-current:bg-white dark:data-current:bg-white/[7%] data-current:border data-current:border-zinc-200 dark:data-current:border-transparent hover:text-zinc-800 dark:hover:text-white dark:hover:bg-white/[7%] hover:bg-zinc-800/5  border border-transparent in-data-flux-sidebar-group-dropdown:w-auto! in-data-flux-sidebar-group-dropdown:px-2! in-data-flux-sidebar-group-dropdown:text-zinc-800! in-data-flux-sidebar-group-dropdown:bg-white! in-data-flux-sidebar-group-dropdown:hover:bg-zinc-50! dark:in-data-flux-sidebar-group-dropdown:text-white! dark:in-data-flux-sidebar-group-dropdown:bg-transparent! dark:in-data-flux-sidebar-group-dropdown:hover:bg-zinc-600!" data-flux-sidebar-item="data-flux-sidebar-item" wire:navigate.hover="">[39m[31m\n
        [39m[31m<div class="relative">[39m[31m\n
                                    [39m[31m<svg class="shrink-0 [:where(&amp;)]:size-6 size-4 in-data-flux-sidebar-group-dropdown:text-zinc-400! dark:in-data-flux-sidebar-group-dropdown:text-white/80! [[data-flux-sidebar-item]:hover_&]:text-current!" data-flux-icon xmlns="http://www.w3.org/2000/svg" fill="none" viewBox="0 0 24 24" stroke-width="1.5" stroke="currentColor" aria-hidden="true" data-slot="icon">[39m[31m\n
  [39m[31m<path stroke-linecap="round" stroke-linejoin="round" d="M15 19.128a9.38 9.38 0 0 0 2.625.372 9.337 9.337 0 0 0 4.121-.952 4.125 4.125 0 0 0-7.533-2.493M15 19.128v-.003c0-1.113-.285-2.16-.786-3.07M15 19.128v.106A12.318 12.318 0 0 1 8.624 21c-2.331 0-4.512-.645-6.374-1.766l-.001-.109a6.375 6.375 0 0 1 11.964-3.07M12 6.375a3.375 3.375 0 1 1-6.75 0 3.375 3.375 0 0 1 6.75 0Zm8.25 2.25a2.625 2.625 0 1 1-5.25 0 2.625 2.625 0 0 1 5.25 0Z"/>[39m[31m\n
[39m[31m</svg>[39m[31m\n
\n
                        \n
                            [39m[31m</div>[39m[31m\n
        \n
                    [39m[31m<div class="\n
                in-data-flux-sidebar-collapsed-desktop:not-in-data-flux-sidebar-group-dropdown:hidden\n
                flex-1 text-sm font-medium truncate [[data-nav-footer]_&]:hidden [[data-nav-sidebar]_[data-nav-footer]_&]:block" data-content>[39m[31mSiswa[39m[31m</div>[39m[31m\n
    [39m[31m</a>[39m[31m\n
\n
    [39m[31m<div popover="manual" class="relative py-2 px-2.5 rounded-md text-xs text-white font-medium bg-zinc-800 dark:bg-zinc-700 dark:border dark:border-white/10 p-0 overflow-visible not-in-data-flux-sidebar-collapsed-desktop:hidden in-data-flux-sidebar-group-dropdown:hidden cursor-default" data-flux-tooltip-content>[39m[31m\n
        Siswa\n
    [39m[31m<span class="ps-1 text-zinc-300">[39m[31m</span>[39m[31m\n
    [39m[31m</div>[39m[31m\n
\n
[39m[31m</ui-tooltip>[39m[31m\n
                [39m[31m<ui-tooltip position="right center"  data-flux-tooltip >[39m[31m\n
    [39m[31m<a href="http://simkopkbm.test/admin/ptk" wire:current.ignore="" class="h-8 in-data-flux-sidebar-on-mobile:h-10 relative flex items-center gap-3 rounded-lg in-data-flux-sidebar-collapsed-desktop:w-10 in-data-flux-sidebar-collapsed-desktop:justify-center py-0 text-start w-full px-3 has-data-flux-navlist-badge:not-in-data-flux-sidebar-collapsed-desktop:pe-1.5 my-px text-zinc-500 dark:text-white/80 data-current:text-(--color-accent-content) hover:data-current:text-(--color-accent-content) data-current:bg-white dark:data-current:bg-white/[7%] data-current:border data-current:border-zinc-200 dark:data-current:border-transparent hover:text-zinc-800 dark:hover:text-white dark:hover:bg-white/[7%] hover:bg-zinc-800/5  border border-transparent in-data-flux-sidebar-group-dropdown:w-auto! in-data-flux-sidebar-group-dropdown:px-2! in-data-flux-sidebar-group-dropdown:text-zinc-800! in-data-flux-sidebar-group-dropdown:bg-white! in-data-flux-sidebar-group-dropdown:hover:bg-zinc-50! dark:in-data-flux-sidebar-group-dropdown:text-white! dark:in-data-flux-sidebar-group-dropdown:bg-transparent! dark:in-data-flux-sidebar-group-dropdown:hover:bg-zinc-600!" data-flux-sidebar-item="data-flux-sidebar-item" wire:navigate.hover="">[39m[31m\n
        [39m[31m<div class="relative">[39m[31m\n
                                    [39m[31m<svg class="shrink-0 [:where(&amp;)]:size-6 size-4 in-data-flux-sidebar-group-dropdown:text-zinc-400! dark:in-data-flux-sidebar-group-dropdown:text-white/80! [[data-flux-sidebar-item]:hover_&]:text-current!" data-flux-icon xmlns="http://www.w3.org/2000/svg" fill="none" viewBox="0 0 24 24" stroke-width="1.5" stroke="currentColor" aria-hidden="true" data-slot="icon">[39m[31m\n
  [39m[31m<path stroke-linecap="round" stroke-linejoin="round" d="M20.25 14.15v4.25c0 1.094-.787 2.036-1.872 2.18-2.087.277-4.216.42-6.378.42s-4.291-.143-6.378-.42c-1.085-.144-1.872-1.086-1.872-2.18v-4.25m16.5 0a2.18 2.18 0 0 0 .75-1.661V8.706c0-1.081-.768-2.015-1.837-2.175a48.114 48.114 0 0 0-3.413-.387m4.5 8.006c-.194.165-.42.295-.673.38A23.978 23.978 0 0 1 12 15.75c-2.648 0-5.195-.429-7.577-1.22a2.016 2.016 0 0 1-.673-.38m0 0A2.18 2.18 0 0 1 3 12.489V8.706c0-1.081.768-2.015 1.837-2.175a48.111 48.111 0 0 1 3.413-.387m7.5 0V5.25A2.25 2.25 0 0 0 13.5 3h-3a2.25 2.25 0 0 0-2.25 2.25v.894m7.5 0a48.667 48.667 0 0 0-7.5 0M12 12.75h.008v.008H12v-.008Z"/>[39m[31m\n
[39m[31m</svg>[39m[31m\n
\n
                        \n
                            [39m[31m</div>[39m[31m\n
        \n
                    [39m[31m<div class="\n
                in-data-flux-sidebar-collapsed-desktop:not-in-data-flux-sidebar-group-dropdown:hidden\n
                flex-1 text-sm font-medium truncate [[data-nav-footer]_&]:hidden [[data-nav-sidebar]_[data-nav-footer]_&]:block" data-content>[39m[31mPTK[39m[31m</div>[39m[31m\n
    [39m[31m</a>[39m[31m\n
\n
    [39m[31m<div popover="manual" class="relative py-2 px-2.5 rounded-md text-xs text-white font-medium bg-zinc-800 dark:bg-zinc-700 dark:border dark:border-white/10 p-0 overflow-visible not-in-data-flux-sidebar-collapsed-desktop:hidden in-data-flux-sidebar-group-dropdown:hidden cursor-default" data-flux-tooltip-content>[39m[31m\n
        PTK\n
    [39m[31m<span class="ps-1 text-zinc-300">[39m[31m</span>[39m[31m\n
    [39m[31m</div>[39m[31m\n
\n
[39m[31m</ui-tooltip>[39m[31m\n
                [39m[31m<ui-tooltip position="right center"  data-flux-tooltip >[39m[31m\n
    [39m[31m<a href="http://simkopkbm.test/admin/data-master/users" wire:current.ignore="" class="h-8 in-data-flux-sidebar-on-mobile:h-10 relative flex items-center gap-3 rounded-lg in-data-flux-sidebar-collapsed-desktop:w-10 in-data-flux-sidebar-collapsed-desktop:justify-center py-0 text-start w-full px-3 has-data-flux-navlist-badge:not-in-data-flux-sidebar-collapsed-desktop:pe-1.5 my-px text-zinc-500 dark:text-white/80 data-current:text-(--color-accent-content) hover:data-current:text-(--color-accent-content) data-current:bg-white dark:data-current:bg-white/[7%] data-current:border data-current:border-zinc-200 dark:data-current:border-transparent hover:text-zinc-800 dark:hover:text-white dark:hover:bg-white/[7%] hover:bg-zinc-800/5  border border-transparent in-data-flux-sidebar-group-dropdown:w-auto! in-data-flux-sidebar-group-dropdown:px-2! in-data-flux-sidebar-group-dropdown:text-zinc-800! in-data-flux-sidebar-group-dropdown:bg-white! in-data-flux-sidebar-group-dropdown:hover:bg-zinc-50! dark:in-data-flux-sidebar-group-dropdown:text-white! dark:in-data-flux-sidebar-group-dropdown:bg-transparent! dark:in-data-flux-sidebar-group-dropdown:hover:bg-zinc-600!" data-flux-sidebar-item="data-flux-sidebar-item" wire:navigate.hover="">[39m[31m\n
        [39m[31m<div class="relative">[39m[31m\n
                                    [39m[31m<svg class="shrink-0 [:where(&amp;)]:size-6 size-4 in-data-flux-sidebar-group-dropdown:text-zinc-400! dark:in-data-flux-sidebar-group-dropdown:text-white/80! [[data-flux-sidebar-item]:hover_&]:text-current!" data-flux-icon xmlns="http://www.w3.org/2000/svg" fill="none" viewBox="0 0 24 24" stroke-width="1.5" stroke="currentColor" aria-hidden="true" data-slot="icon">[39m[31m\n
  [39m[31m<path stroke-linecap="round" stroke-linejoin="round" d="M17.982 18.725A7.488 7.488 0 0 0 12 15.75a7.488 7.488 0 0 0-5.982 2.975m11.963 0a9 9 0 1 0-11.963 0m11.963 0A8.966 8.966 0 0 1 12 21a8.966 8.966 0 0 1-5.982-2.275M15 9.75a3 3 0 1 1-6 0 3 3 0 0 1 6 0Z"/>[39m[31m\n
[39m[31m</svg>[39m[31m\n
\n
                        \n
                            [39m[31m</div>[39m[31m\n
        \n
                    [39m[31m<div class="\n
                in-data-flux-sidebar-collapsed-desktop:not-in-data-flux-sidebar-group-dropdown:hidden\n
                flex-1 text-sm font-medium truncate [[data-nav-footer]_&]:hidden [[data-nav-sidebar]_[data-nav-footer]_&]:block" data-content>[39m[31mPengguna[39m[31m</div>[39m[31m\n
    [39m[31m</a>[39m[31m\n
\n
    [39m[31m<div popover="manual" class="relative py-2 px-2.5 rounded-md text-xs text-white font-medium bg-zinc-800 dark:bg-zinc-700 dark:border dark:border-white/10 p-0 overflow-visible not-in-data-flux-sidebar-collapsed-desktop:hidden in-data-flux-sidebar-group-dropdown:hidden cursor-default" data-flux-tooltip-content>[39m[31m\n
        Pengguna\n
    [39m[31m<span class="ps-1 text-zinc-300">[39m[31m</span>[39m[31m\n
    [39m[31m</div>[39m[31m\n
\n
[39m[31m</ui-tooltip>[39m[31m\n
                [39m[31m<ui-tooltip position="right center"  data-flux-tooltip >[39m[31m\n
    [39m[31m<a href="http://simkopkbm.test/admin/registrations" wire:current.ignore="" class="h-8 in-data-flux-sidebar-on-mobile:h-10 relative flex items-center gap-3 rounded-lg in-data-flux-sidebar-collapsed-desktop:w-10 in-data-flux-sidebar-collapsed-desktop:justify-center py-0 text-start w-full px-3 has-data-flux-navlist-badge:not-in-data-flux-sidebar-collapsed-desktop:pe-1.5 my-px text-zinc-500 dark:text-white/80 data-current:text-(--color-accent-content) hover:data-current:text-(--color-accent-content) data-current:bg-white dark:data-current:bg-white/[7%] data-current:border data-current:border-zinc-200 dark:data-current:border-transparent hover:text-zinc-800 dark:hover:text-white dark:hover:bg-white/[7%] hover:bg-zinc-800/5  border border-transparent in-data-flux-sidebar-group-dropdown:w-auto! in-data-flux-sidebar-group-dropdown:px-2! in-data-flux-sidebar-group-dropdown:text-zinc-800! in-data-flux-sidebar-group-dropdown:bg-white! in-data-flux-sidebar-group-dropdown:hover:bg-zinc-50! dark:in-data-flux-sidebar-group-dropdown:text-white! dark:in-data-flux-sidebar-group-dropdown:bg-transparent! dark:in-data-flux-sidebar-group-dropdown:hover:bg-zinc-600!" data-flux-sidebar-item="data-flux-sidebar-item" wire:navigate.hover="">[39m[31m\n
        [39m[31m<div class="relative">[39m[31m\n
                                    [39m[31m<svg class="shrink-0 [:where(&amp;)]:size-6 size-4 in-data-flux-sidebar-group-dropdown:text-zinc-400! dark:in-data-flux-sidebar-group-dropdown:text-white/80! [[data-flux-sidebar-item]:hover_&]:text-current!" data-flux-icon xmlns="http://www.w3.org/2000/svg" fill="none" viewBox="0 0 24 24" stroke-width="1.5" stroke="currentColor" aria-hidden="true" data-slot="icon">[39m[31m\n
  [39m[31m<path stroke-linecap="round" stroke-linejoin="round" d="M18 7.5v3m0 0v3m0-3h3m-3 0h-3m-2.25-4.125a3.375 3.375 0 1 1-6.75 0 3.375 3.375 0 0 1 6.75 0ZM3 19.235v-.11a6.375 6.375 0 0 1 12.75 0v.109A12.318 12.318 0 0 1 9.374 21c-2.331 0-4.512-.645-6.374-1.766Z"/>[39m[31m\n
[39m[31m</svg>[39m[31m\n
\n
                        \n
                            [39m[31m</div>[39m[31m\n
        \n
                    [39m[31m<div class="\n
                in-data-flux-sidebar-collapsed-desktop:not-in-data-flux-sidebar-group-dropdown:hidden\n
                flex-1 text-sm font-medium truncate [[data-nav-footer]_&]:hidden [[data-nav-sidebar]_[data-nav-footer]_&]:block" data-content>[39m[31mPendaftaran[39m[31m</div>[39m[31m\n
    [39m[31m</a>[39m[31m\n
\n
    [39m[31m<div popover="manual" class="relative py-2 px-2.5 rounded-md text-xs text-white font-medium bg-zinc-800 dark:bg-zinc-700 dark:border dark:border-white/10 p-0 overflow-visible not-in-data-flux-sidebar-collapsed-desktop:hidden in-data-flux-sidebar-group-dropdown:hidden cursor-default" data-flux-tooltip-content>[39m[31m\n
        Pendaftaran\n
    [39m[31m<span class="ps-1 text-zinc-300">[39m[31m</span>[39m[31m\n
    [39m[31m</div>[39m[31m\n
\n
[39m[31m</ui-tooltip>[39m[31m\n
                [39m[31m<div class="-mx-[.3125rem] my-[.3125rem] h-px" data-flux-menu-separator-bottom="data-flux-menu-separator-bottom" data-flux-menu-separator>[39m[31m\n
    [39m[31m<div data-orientation="horizontal" role="none" class="border-0 [print-color-adjust:exact] bg-zinc-800/15 dark:bg-white/20 h-px w-full dark:bg-zinc-600!" data-flux-separator>[39m[31m</div>[39m[31m\n
[39m[31m</div>[39m[31m\n
[39m[31m</div>[39m[31m\n
\n
            [39m[31m</ui-menu>[39m[31m\n
\n
        [39m[31m</ui-dropdown>[39m[31m\n
\n
    \n
        \n
                    <!-- Akademik -->\n
            [39m[31m<ui-disclosure class="group/disclosure in-data-flux-sidebar-collapsed-desktop:hidden grid"  open  data-flux-sidebar-group>[39m[31m\n
            [39m[31m<button type="button" class="border-1 border-transparent w-full h-8 in-data-flux-sidebar-on-mobile:h-10 flex items-center group/disclosure-button mb-[2px] rounded-lg hover:bg-zinc-800/5 dark:hover:bg-white/[7%] text-zinc-500 hover:text-zinc-800 dark:text-white/80 dark:hover:text-white">[39m[31m\n
                [39m[31m<div class="px-3">[39m[31m\n
                                            [39m[31m<svg class="shrink-0 [:where(&amp;)]:size-6 size-4" data-flux-icon xmlns="http://www.w3.org/2000/svg" fill="none" viewBox="0 0 24 24" stroke-width="1.5" stroke="currentColor" aria-hidden="true" data-slot="icon">[39m[31m\n
  [39m[31m<path stroke-linecap="round" stroke-linejoin="round" d="M4.26 10.147a60.438 60.438 0 0 0-.491 6.347A48.62 48.62 0 0 1 12 20.904a48.62 48.62 0 0 1 8.232-4.41 60.46 60.46 0 0 0-.491-6.347m-15.482 0a50.636 50.636 0 0 0-2.658-.813A59.906 59.906 0 0 1 12 3.493a59.903 59.903 0 0 1 10.399 5.84c-.896.248-1.783.52-2.658.814m-15.482 0A50.717 50.717 0 0 1 12 13.489a50.702 50.702 0 0 1 7.74-3.342M6.75 15a.75.75 0 1 0 0-1.5.75.75 0 0 0 0 1.5Zm0 0v-3.675A55.378 55.378 0 0 1 12 8.443m-7.007 11.55A5.981 5.981 0 0 0 6.75 15.75v-1.5"/>[39m[31m\n
[39m[31m</svg>[39m[31m\n
\n
                                            [39m[31m</div>[39m[31m\n
\n
                [39m[31m<span class="flex-1 text-left rtl:text-right text-sm font-medium leading-none">[39m[31mAkademik[39m[31m</span>[39m[31m\n
\n
                [39m[31m<div class="ps-3 pe-2.5">[39m[31m\n
                    [39m[31m<svg class="shrink-0 [:where(&amp;)]:size-6 size-3! hidden group-data-open/disclosure-button:block" data-flux-icon xmlns="http://www.w3.org/2000/svg" fill="none" viewBox="0 0 24 24" stroke-width="1.5" stroke="currentColor" aria-hidden="true" data-slot="icon">[39m[31m\n
  [39m[31m<path stroke-linecap="round" stroke-linejoin="round" d="m19.5 8.25-7.5 7.5-7.5-7.5"/>[39m[31m\n
[39m[31m</svg>[39m[31m\n
\n
                            [39m[31m<svg class="shrink-0 [:where(&amp;)]:size-6 size-3! block group-data-open/disclosure-button:hidden rtl:rotate-180" data-flux-icon xmlns="http://www.w3.org/2000/svg" fill="none" viewBox="0 0 24 24" stroke-width="1.5" stroke="currentColor" aria-hidden="true" data-slot="icon">[39m[31m\n
  [39m[31m<path stroke-linecap="round" stroke-linejoin="round" d="m8.25 4.5 7.5 7.5-7.5 7.5"/>[39m[31m\n
[39m[31m</svg>[39m[31m\n
\n
                        [39m[31m</div>[39m[31m\n
            [39m[31m</button>[39m[31m\n
\n
            [39m[31m<div class="relative hidden data-open:block space-y-[2px] ps-7"  data-open >[39m[31m\n
                [39m[31m<div class="absolute inset-y-[3px] w-px bg-zinc-200 dark:bg-white/30 start-0 ms-5">[39m[31m</div>[39m[31m\n
                [39m[31m<ui-tooltip position="right center"  data-flux-tooltip >[39m[31m\n
    [39m[31m<a href="http://simkopkbm.test/admin/academic/years" data-current="data-current" wire:current.ignore="" class="h-8 in-data-flux-sidebar-on-mobile:h-10 relative flex items-center gap-3 rounded-lg in-data-flux-sidebar-collapsed-desktop:w-10 in-data-flux-sidebar-collapsed-desktop:justify-center py-0 text-start w-full px-3 has-data-flux-navlist-badge:not-in-data-flux-sidebar-collapsed-desktop:pe-1.5 my-px text-zinc-500 dark:text-white/80 data-current:text-(--color-accent-content) hover:data-current:text-(--color-accent-content) data-current:bg-white dark:data-current:bg-white/[7%] data-current:border data-current:border-zinc-200 dark:data-current:border-transparent hover:text-zinc-800 dark:hover:text-white dark:hover:bg-white/[7%] hover:bg-zinc-800/5  border border-transparent in-data-flux-sidebar-group-dropdown:w-auto! in-data-flux-sidebar-group-dropdown:px-2! in-data-flux-sidebar-group-dropdown:text-zinc-800! in-data-flux-sidebar-group-dropdown:bg-white! in-data-flux-sidebar-group-dropdown:hover:bg-zinc-50! dark:in-data-flux-sidebar-group-dropdown:text-white! dark:in-data-flux-sidebar-group-dropdown:bg-transparent! dark:in-data-flux-sidebar-group-dropdown:hover:bg-zinc-600!" data-flux-sidebar-item="data-flux-sidebar-item" wire:navigate.hover="">[39m[31m\n
        [39m[31m<div class="relative">[39m[31m\n
                                    [39m[31m<svg class="shrink-0 [:where(&amp;)]:size-6 size-4 in-data-flux-sidebar-group-dropdown:text-zinc-400! dark:in-data-flux-sidebar-group-dropdown:text-white/80! [[data-flux-sidebar-item]:hover_&]:text-current!" data-flux-icon xmlns="http://www.w3.org/2000/svg" fill="none" viewBox="0 0 24 24" stroke-width="1.5" stroke="currentColor" aria-hidden="true" data-slot="icon">[39m[31m\n
  [39m[31m<path stroke-linecap="round" stroke-linejoin="round" d="M6.75 3v2.25M17.25 3v2.25M3 18.75V7.5a2.25 2.25 0 0 1 2.25-2.25h13.5A2.25 2.25 0 0 1 21 7.5v11.25m-18 0A2.25 2.25 0 0 0 5.25 21h13.5A2.25 2.25 0 0 0 21 18.75m-18 0v-7.5A2.25 2.25 0 0 1 5.25 9h13.5A2.25 2.25 0 0 1 21 11.25v7.5"/>[39m[31m\n
[39m[31m</svg>[39m[31m\n
\n
                        \n
                            [39m[31m</div>[39m[31m\n
        \n
                    [39m[31m<div class="\n
                in-data-flux-sidebar-collapsed-desktop:not-in-data-flux-sidebar-group-dropdown:hidden\n
                flex-1 text-sm font-medium truncate [[data-nav-footer]_&]:hidden [[data-nav-sidebar]_[data-nav-footer]_&]:block" data-content>[39m[31mTahun Ajaran[39m[31m</div>[39m[31m\n
    [39m[31m</a>[39m[31m\n
\n
    [39m[31m<div popover="manual" class="relative py-2 px-2.5 rounded-md text-xs text-white font-medium bg-zinc-800 dark:bg-zinc-700 dark:border dark:border-white/10 p-0 overflow-visible not-in-data-flux-sidebar-collapsed-desktop:hidden in-data-flux-sidebar-group-dropdown:hidden cursor-default" data-flux-tooltip-content>[39m[31m\n
        Tahun Ajaran\n
    [39m[31m<span class="ps-1 text-zinc-300">[39m[31m</span>[39m[31m\n
    [39m[31m</div>[39m[31m\n
\n
[39m[31m</ui-tooltip>[39m[31m\n
                [39m[31m<ui-tooltip position="right center"  data-flux-tooltip >[39m[31m\n
    [39m[31m<a href="http://simkopkbm.test/admin/academic/levels" wire:current.ignore="" class="h-8 in-data-flux-sidebar-on-mobile:h-10 relative flex items-center gap-3 rounded-lg in-data-flux-sidebar-collapsed-desktop:w-10 in-data-flux-sidebar-collapsed-desktop:justify-center py-0 text-start w-full px-3 has-data-flux-navlist-badge:not-in-data-flux-sidebar-collapsed-desktop:pe-1.5 my-px text-zinc-500 dark:text-white/80 data-current:text-(--color-accent-content) hover:data-current:text-(--color-accent-content) data-current:bg-white dark:data-current:bg-white/[7%] data-current:border data-current:border-zinc-200 dark:data-current:border-transparent hover:text-zinc-800 dark:hover:text-white dark:hover:bg-white/[7%] hover:bg-zinc-800/5  border border-transparent in-data-flux-sidebar-group-dropdown:w-auto! in-data-flux-sidebar-group-dropdown:px-2! in-data-flux-sidebar-group-dropdown:text-zinc-800! in-data-flux-sidebar-group-dropdown:bg-white! in-data-flux-sidebar-group-dropdown:hover:bg-zinc-50! dark:in-data-flux-sidebar-group-dropdown:text-white! dark:in-data-flux-sidebar-group-dropdown:bg-transparent! dark:in-data-flux-sidebar-group-dropdown:hover:bg-zinc-600!" data-flux-sidebar-item="data-flux-sidebar-item" wire:navigate.hover="">[39m[31m\n
        [39m[31m<div class="relative">[39m[31m\n
                                    [39m[31m<svg class="shrink-0 [:where(&amp;)]:size-6 size-4 in-data-flux-sidebar-group-dropdown:text-zinc-400! dark:in-data-flux-sidebar-group-dropdown:text-white/80! [[data-flux-sidebar-item]:hover_&]:text-current!" data-flux-icon xmlns="http://www.w3.org/2000/svg" fill="none" viewBox="0 0 24 24" stroke-width="1.5" stroke="currentColor" aria-hidden="true" data-slot="icon">[39m[31m\n
  [39m[31m<path stroke-linecap="round" stroke-linejoin="round" d="M4.26 10.147a60.438 60.438 0 0 0-.491 6.347A48.62 48.62 0 0 1 12 20.904a48.62 48.62 0 0 1 8.232-4.41 60.46 60.46 0 0 0-.491-6.347m-15.482 0a50.636 50.636 0 0 0-2.658-.813A59.906 59.906 0 0 1 12 3.493a59.903 59.903 0 0 1 10.399 5.84c-.896.248-1.783.52-2.658.814m-15.482 0A50.717 50.717 0 0 1 12 13.489a50.702 50.702 0 0 1 7.74-3.342M6.75 15a.75.75 0 1 0 0-1.5.75.75 0 0 0 0 1.5Zm0 0v-3.675A55.378 55.378 0 0 1 12 8.443m-7.007 11.55A5.981 5.981 0 0 0 6.75 15.75v-1.5"/>[39m[31m\n
[39m[31m</svg>[39m[31m\n
\n
                        \n
                            [39m[31m</div>[39m[31m\n
        \n
                    [39m[31m<div class="\n
                in-data-flux-sidebar-collapsed-desktop:not-in-data-flux-sidebar-group-dropdown:hidden\n
                flex-1 text-sm font-medium truncate [[data-nav-footer]_&]:hidden [[data-nav-sidebar]_[data-nav-footer]_&]:block" data-content>[39m[31mJenjang[39m[31m</div>[39m[31m\n
    [39m[31m</a>[39m[31m\n
\n
    [39m[31m<div popover="manual" class="relative py-2 px-2.5 rounded-md text-xs text-white font-medium bg-zinc-800 dark:bg-zinc-700 dark:border dark:border-white/10 p-0 overflow-visible not-in-data-flux-sidebar-collapsed-desktop:hidden in-data-flux-sidebar-group-dropdown:hidden cursor-default" data-flux-tooltip-content>[39m[31m\n
        Jenjang\n
    [39m[31m<span class="ps-1 text-zinc-300">[39m[31m</span>[39m[31m\n
    [39m[31m</div>[39m[31m\n
\n
[39m[31m</ui-tooltip>[39m[31m\n
                [39m[31m<ui-tooltip position="right center"  data-flux-tooltip >[39m[31m\n
    [39m[31m<a href="http://simkopkbm.test/admin/academic/classrooms" wire:current.ignore="" class="h-8 in-data-flux-sidebar-on-mobile:h-10 relative flex items-center gap-3 rounded-lg in-data-flux-sidebar-collapsed-desktop:w-10 in-data-flux-sidebar-collapsed-desktop:justify-center py-0 text-start w-full px-3 has-data-flux-navlist-badge:not-in-data-flux-sidebar-collapsed-desktop:pe-1.5 my-px text-zinc-500 dark:text-white/80 data-current:text-(--color-accent-content) hover:data-current:text-(--color-accent-content) data-current:bg-white dark:data-current:bg-white/[7%] data-current:border data-current:border-zinc-200 dark:data-current:border-transparent hover:text-zinc-800 dark:hover:text-white dark:hover:bg-white/[7%] hover:bg-zinc-800/5  border border-transparent in-data-flux-sidebar-group-dropdown:w-auto! in-data-flux-sidebar-group-dropdown:px-2! in-data-flux-sidebar-group-dropdown:text-zinc-800! in-data-flux-sidebar-group-dropdown:bg-white! in-data-flux-sidebar-group-dropdown:hover:bg-zinc-50! dark:in-data-flux-sidebar-group-dropdown:text-white! dark:in-data-flux-sidebar-group-dropdown:bg-transparent! dark:in-data-flux-sidebar-group-dropdown:hover:bg-zinc-600!" data-flux-sidebar-item="data-flux-sidebar-item" wire:navigate.hover="">[39m[31m\n
        [39m[31m<div class="relative">[39m[31m\n
                                    [39m[31m<svg class="shrink-0 [:where(&amp;)]:size-6 size-4 in-data-flux-sidebar-group-dropdown:text-zinc-400! dark:in-data-flux-sidebar-group-dropdown:text-white/80! [[data-flux-sidebar-item]:hover_&]:text-current!" data-flux-icon xmlns="http://www.w3.org/2000/svg" fill="none" viewBox="0 0 24 24" stroke-width="1.5" stroke="currentColor" aria-hidden="true" data-slot="icon">[39m[31m\n
  [39m[31m<path stroke-linecap="round" stroke-linejoin="round" d="M3.75 21h16.5M4.5 3h15M5.25 3v18m13.5-18v18M9 6.75h1.5m-1.5 3h1.5m-1.5 3h1.5m3-6H15m-1.5 3H15m-1.5 3H15M9 21v-3.375c0-.621.504-1.125 1.125-1.125h3.75c.621 0 1.125.504 1.125 1.125V21"/>[39m[31m\n
[39m[31m</svg>[39m[31m\n
\n
                        \n
                            [39m[31m</div>[39m[31m\n
        \n
                    [39m[31m<div class="\n
                in-data-flux-sidebar-collapsed-desktop:not-in-data-flux-sidebar-group-dropdown:hidden\n
                flex-1 text-sm font-medium truncate [[data-nav-footer]_&]:hidden [[data-nav-sidebar]_[data-nav-footer]_&]:block" data-content>[39m[31mKelas[39m[31m</div>[39m[31m\n
    [39m[31m</a>[39m[31m\n
\n
    [39m[31m<div popover="manual" class="relative py-2 px-2.5 rounded-md text-xs text-white font-medium bg-zinc-800 dark:bg-zinc-700 dark:border dark:border-white/10 p-0 overflow-visible not-in-data-flux-sidebar-collapsed-desktop:hidden in-data-flux-sidebar-group-dropdown:hidden cursor-default" data-flux-tooltip-content>[39m[31m\n
        Kelas\n
    [39m[31m<span class="ps-1 text-zinc-300">[39m[31m</span>[39m[31m\n
    [39m[31m</div>[39m[31m\n
\n
[39m[31m</ui-tooltip>[39m[31m\n
                [39m[31m<ui-tooltip position="right center"  data-flux-tooltip >[39m[31m\n
    [39m[31m<a href="http://simkopkbm.test/admin/academic/subjects" wire:current.ignore="" class="h-8 in-data-flux-sidebar-on-mobile:h-10 relative flex items-center gap-3 rounded-lg in-data-flux-sidebar-collapsed-desktop:w-10 in-data-flux-sidebar-collapsed-desktop:justify-center py-0 text-start w-full px-3 has-data-flux-navlist-badge:not-in-data-flux-sidebar-collapsed-desktop:pe-1.5 my-px text-zinc-500 dark:text-white/80 data-current:text-(--color-accent-content) hover:data-current:text-(--color-accent-content) data-current:bg-white dark:data-current:bg-white/[7%] data-current:border data-current:border-zinc-200 dark:data-current:border-transparent hover:text-zinc-800 dark:hover:text-white dark:hover:bg-white/[7%] hover:bg-zinc-800/5  border border-transparent in-data-flux-sidebar-group-dropdown:w-auto! in-data-flux-sidebar-group-dropdown:px-2! in-data-flux-sidebar-group-dropdown:text-zinc-800! in-data-flux-sidebar-group-dropdown:bg-white! in-data-flux-sidebar-group-dropdown:hover:bg-zinc-50! dark:in-data-flux-sidebar-group-dropdown:text-white! dark:in-data-flux-sidebar-group-dropdown:bg-transparent! dark:in-data-flux-sidebar-group-dropdown:hover:bg-zinc-600!" data-flux-sidebar-item="data-flux-sidebar-item" wire:navigate.hover="">[39m[31m\n
        [39m[31m<div class="relative">[39m[31m\n
                                    [39m[31m<svg class="shrink-0 [:where(&amp;)]:size-6 size-4 in-data-flux-sidebar-group-dropdown:text-zinc-400! dark:in-data-flux-sidebar-group-dropdown:text-white/80! [[data-flux-sidebar-item]:hover_&]:text-current!" data-flux-icon xmlns="http://www.w3.org/2000/svg" fill="none" viewBox="0 0 24 24" stroke-width="1.5" stroke="currentColor" aria-hidden="true" data-slot="icon">[39m[31m\n
  [39m[31m<path stroke-linecap="round" stroke-linejoin="round" d="M12 6.042A8.967 8.967 0 0 0 6 3.75c-1.052 0-2.062.18-3 .512v14.25A8.987 8.987 0 0 1 6 18c2.305 0 4.408.867 6 2.292m0-14.25a8.966 8.966 0 0 1 6-2.292c1.052 0 2.062.18 3 .512v14.25A8.987 8.987 0 0 0 18 18a8.967 8.967 0 0 0-6 2.292m0-14.25v14.25"/>[39m[31m\n
[39m[31m</svg>[39m[31m\n
\n
                        \n
                            [39m[31m</div>[39m[31m\n
        \n
                    [39m[31m<div class="\n
                in-data-flux-sidebar-collapsed-desktop:not-in-data-flux-sidebar-group-dropdown:hidden\n
                flex-1 text-sm font-medium truncate [[data-nav-footer]_&]:hidden [[data-nav-sidebar]_[data-nav-footer]_&]:block" data-content>[39m[31mMata Pelajaran[39m[31m</div>[39m[31m\n
    [39m[31m</a>[39m[31m\n
\n
    [39m[31m<div popover="manual" class="relative py-2 px-2.5 rounded-md text-xs text-white font-medium bg-zinc-800 dark:bg-zinc-700 dark:border dark:border-white/10 p-0 overflow-visible not-in-data-flux-sidebar-collapsed-desktop:hidden in-data-flux-sidebar-group-dropdown:hidden cursor-default" data-flux-tooltip-content>[39m[31m\n
        Mata Pelajaran\n
    [39m[31m<span class="ps-1 text-zinc-300">[39m[31m</span>[39m[31m\n
    [39m[31m</div>[39m[31m\n
\n
[39m[31m</ui-tooltip>[39m[31m\n
                [39m[31m<ui-tooltip position="right center"  data-flux-tooltip >[39m[31m\n
    [39m[31m<a href="http://simkopkbm.test/admin/academic/assignments" wire:current.ignore="" class="h-8 in-data-flux-sidebar-on-mobile:h-10 relative flex items-center gap-3 rounded-lg in-data-flux-sidebar-collapsed-desktop:w-10 in-data-flux-sidebar-collapsed-desktop:justify-center py-0 text-start w-full px-3 has-data-flux-navlist-badge:not-in-data-flux-sidebar-collapsed-desktop:pe-1.5 my-px text-zinc-500 dark:text-white/80 data-current:text-(--color-accent-content) hover:data-current:text-(--color-accent-content) data-current:bg-white dark:data-current:bg-white/[7%] data-current:border data-current:border-zinc-200 dark:data-current:border-transparent hover:text-zinc-800 dark:hover:text-white dark:hover:bg-white/[7%] hover:bg-zinc-800/5  border border-transparent in-data-flux-sidebar-group-dropdown:w-auto! in-data-flux-sidebar-group-dropdown:px-2! in-data-flux-sidebar-group-dropdown:text-zinc-800! in-data-flux-sidebar-group-dropdown:bg-white! in-data-flux-sidebar-group-dropdown:hover:bg-zinc-50! dark:in-data-flux-sidebar-group-dropdown:text-white! dark:in-data-flux-sidebar-group-dropdown:bg-transparent! dark:in-data-flux-sidebar-group-dropdown:hover:bg-zinc-600!" data-flux-sidebar-item="data-flux-sidebar-item" wire:navigate.hover="">[39m[31m\n
        [39m[31m<div class="relative">[39m[31m\n
                                    [39m[31m<svg class="shrink-0 [:where(&amp;)]:size-6 size-4 in-data-flux-sidebar-group-dropdown:text-zinc-400! dark:in-data-flux-sidebar-group-dropdown:text-white/80! [[data-flux-sidebar-item]:hover_&]:text-current!" data-flux-icon xmlns="http://www.w3.org/2000/svg" fill="none" viewBox="0 0 24 24" stroke-width="1.5" stroke="currentColor" aria-hidden="true" data-slot="icon">[39m[31m\n
  [39m[31m<path stroke-linecap="round" stroke-linejoin="round" d="M18 18.72a9.094 9.094 0 0 0 3.741-.479 3 3 0 0 0-4.682-2.72m.94 3.198.001.031c0 .225-.012.447-.037.666A11.944 11.944 0 0 1 12 21c-2.17 0-4.207-.576-5.963-1.584A6.062 6.062 0 0 1 6 18.719m12 0a5.971 5.971 0 0 0-.941-3.197m0 0A5.995 5.995 0 0 0 12 12.75a5.995 5.995 0 0 0-5.058 2.772m0 0a3 3 0 0 0-4.681 2.72 8.986 8.986 0 0 0 3.74.477m.94-3.197a5.971 5.971 0 0 0-.94 3.197M15 6.75a3 3 0 1 1-6 0 3 3 0 0 1 6 0Zm6 3a2.25 2.25 0 1 1-4.5 0 2.25 2.25 0 0 1 4.5 0Zm-13.5 0a2.25 2.25 0 1 1-4.5 0 2.25 2.25 0 0 1 4.5 0Z"/>[39m[31m\n
[39m[31m</svg>[39m[31m\n
\n
                        \n
                            [39m[31m</div>[39m[31m\n
        \n
                    [39m[31m<div class="\n
                in-data-flux-sidebar-collapsed-desktop:not-in-data-flux-sidebar-group-dropdown:hidden\n
                flex-1 text-sm font-medium truncate [[data-nav-footer]_&]:hidden [[data-nav-sidebar]_[data-nav-footer]_&]:block" data-content>[39m[31mPenugasan Guru[39m[31m</div>[39m[31m\n
    [39m[31m</a>[39m[31m\n
\n
    [39m[31m<div popover="manual" class="relative py-2 px-2.5 rounded-md text-xs text-white font-medium bg-zinc-800 dark:bg-zinc-700 dark:border dark:border-white/10 p-0 overflow-visible not-in-data-flux-sidebar-collapsed-desktop:hidden in-data-flux-sidebar-group-dropdown:hidden cursor-default" data-flux-tooltip-content>[39m[31m\n
        Penugasan Guru\n
    [39m[31m<span class="ps-1 text-zinc-300">[39m[31m</span>[39m[31m\n
    [39m[31m</div>[39m[31m\n
\n
[39m[31m</ui-tooltip>[39m[31m\n
                [39m[31m<ui-tooltip position="right center"  data-flux-tooltip >[39m[31m\n
    [39m[31m<a href="http://simkopkbm.test/admin/academic/attendance" wire:current.ignore="" class="h-8 in-data-flux-sidebar-on-mobile:h-10 relative flex items-center gap-3 rounded-lg in-data-flux-sidebar-collapsed-desktop:w-10 in-data-flux-sidebar-collapsed-desktop:justify-center py-0 text-start w-full px-3 has-data-flux-navlist-badge:not-in-data-flux-sidebar-collapsed-desktop:pe-1.5 my-px text-zinc-500 dark:text-white/80 data-current:text-(--color-accent-content) hover:data-current:text-(--color-accent-content) data-current:bg-white dark:data-current:bg-white/[7%] data-current:border data-current:border-zinc-200 dark:data-current:border-transparent hover:text-zinc-800 dark:hover:text-white dark:hover:bg-white/[7%] hover:bg-zinc-800/5  border border-transparent in-data-flux-sidebar-group-dropdown:w-auto! in-data-flux-sidebar-group-dropdown:px-2! in-data-flux-sidebar-group-dropdown:text-zinc-800! in-data-flux-sidebar-group-dropdown:bg-white! in-data-flux-sidebar-group-dropdown:hover:bg-zinc-50! dark:in-data-flux-sidebar-group-dropdown:text-white! dark:in-data-flux-sidebar-group-dropdown:bg-transparent! dark:in-data-flux-sidebar-group-dropdown:hover:bg-zinc-600!" data-flux-sidebar-item="data-flux-sidebar-item" wire:navigate.hover="">[39m[31m\n
        [39m[31m<div class="relative">[39m[31m\n
                                    [39m[31m<svg class="shrink-0 [:where(&amp;)]:size-6 size-4 in-data-flux-sidebar-group-dropdown:text-zinc-400! dark:in-data-flux-sidebar-group-dropdown:text-white/80! [[data-flux-sidebar-item]:hover_&]:text-current!" data-flux-icon xmlns="http://www.w3.org/2000/svg" fill="none" viewBox="0 0 24 24" stroke-width="1.5" stroke="currentColor" aria-hidden="true" data-slot="icon">[39m[31m\n
  [39m[31m<path stroke-linecap="round" stroke-linejoin="round" d="M9 12.75 11.25 15 15 9.75M21 12c0 1.268-.63 2.39-1.593 3.068a3.745 3.745 0 0 1-1.043 3.296 3.745 3.745 0 0 1-3.296 1.043A3.745 3.745 0 0 1 12 21c-1.268 0-2.39-.63-3.068-1.593a3.746 3.746 0 0 1-3.296-1.043 3.745 3.745 0 0 1-1.043-3.296A3.745 3.745 0 0 1 3 12c0-1.268.63-2.39 1.593-3.068a3.745 3.745 0 0 1 1.043-3.296 3.746 3.746 0 0 1 3.296-1.043A3.746 3.746 0 0 1 12 3c1.268 0 2.39.63 3.068 1.593a3.746 3.746 0 0 1 3.296 1.043 3.746 3.746 0 0 1 1.043 3.296A3.745 3.745 0 0 1 21 12Z"/>[39m[31m\n
[39m[31m</svg>[39m[31m\n
\n
                        \n
                            [39m[31m</div>[39m[31m\n
        \n
                    [39m[31m<div class="\n
                in-data-flux-sidebar-collapsed-desktop:not-in-data-flux-sidebar-group-dropdown:hidden\n
                flex-1 text-sm font-medium truncate [[data-nav-footer]_&]:hidden [[data-nav-sidebar]_[data-nav-footer]_&]:block" data-content>[39m[31mPresensi[39m[31m</div>[39m[31m\n
    [39m[31m</a>[39m[31m\n
\n
    [39m[31m<div popover="manual" class="relative py-2 px-2.5 rounded-md text-xs text-white font-medium bg-zinc-800 dark:bg-zinc-700 dark:border dark:border-white/10 p-0 overflow-visible not-in-data-flux-sidebar-collapsed-desktop:hidden in-data-flux-sidebar-group-dropdown:hidden cursor-default" data-flux-tooltip-content>[39m[31m\n
        Presensi\n
    [39m[31m<span class="ps-1 text-zinc-300">[39m[31m</span>[39m[31m\n
    [39m[31m</div>[39m[31m\n
\n
[39m[31m</ui-tooltip>[39m[31m\n
                [39m[31m<ui-tooltip position="right center"  data-flux-tooltip >[39m[31m\n
    [39m[31m<a href="http://simkopkbm.test/admin/academic/extracurriculars" wire:current.ignore="" class="h-8 in-data-flux-sidebar-on-mobile:h-10 relative flex items-center gap-3 rounded-lg in-data-flux-sidebar-collapsed-desktop:w-10 in-data-flux-sidebar-collapsed-desktop:justify-center py-0 text-start w-full px-3 has-data-flux-navlist-badge:not-in-data-flux-sidebar-collapsed-desktop:pe-1.5 my-px text-zinc-500 dark:text-white/80 data-current:text-(--color-accent-content) hover:data-current:text-(--color-accent-content) data-current:bg-white dark:data-current:bg-white/[7%] data-current:border data-current:border-zinc-200 dark:data-current:border-transparent hover:text-zinc-800 dark:hover:text-white dark:hover:bg-white/[7%] hover:bg-zinc-800/5  border border-transparent in-data-flux-sidebar-group-dropdown:w-auto! in-data-flux-sidebar-group-dropdown:px-2! in-data-flux-sidebar-group-dropdown:text-zinc-800! in-data-flux-sidebar-group-dropdown:bg-white! in-data-flux-sidebar-group-dropdown:hover:bg-zinc-50! dark:in-data-flux-sidebar-group-dropdown:text-white! dark:in-data-flux-sidebar-group-dropdown:bg-transparent! dark:in-data-flux-sidebar-group-dropdown:hover:bg-zinc-600!" data-flux-sidebar-item="data-flux-sidebar-item" wire:navigate.hover="">[39m[31m\n
        [39m[31m<div class="relative">[39m[31m\n
                                    [39m[31m<svg class="shrink-0 [:where(&amp;)]:size-6 size-4 in-data-flux-sidebar-group-dropdown:text-zinc-400! dark:in-data-flux-sidebar-group-dropdown:text-white/80! [[data-flux-sidebar-item]:hover_&]:text-current!" data-flux-icon xmlns="http://www.w3.org/2000/svg" fill="none" viewBox="0 0 24 24" stroke-width="1.5" stroke="currentColor" aria-hidden="true" data-slot="icon">[39m[31m\n
  [39m[31m<path stroke-linecap="round" stroke-linejoin="round" d="M16.5 18.75h-9m9 0a3 3 0 0 1 3 3h-15a3 3 0 0 1 3-3m9 0v-3.375c0-.621-.503-1.125-1.125-1.125h-.871M7.5 18.75v-3.375c0-.621.504-1.125 1.125-1.125h.872m5.007 0H9.497m5.007 0a7.454 7.454 0 0 1-.982-3.172M9.497 14.25a7.454 7.454 0 0 0 .981-3.172M5.25 4.236c-.982.143-1.954.317-2.916.52A6.003 6.003 0 0 0 7.73 9.728M5.25 4.236V4.5c0 2.108.966 3.99 2.48 5.228M5.25 4.236V2.721C7.456 2.41 9.71 2.25 12 2.25c2.291 0 4.545.16 6.75.47v1.516M7.73 9.728a6.726 6.726 0 0 0 2.748 1.35m8.272-6.842V4.5c0 2.108-.966 3.99-2.48 5.228m2.48-5.492a46.32 46.32 0 0 1 2.916.52 6.003 6.003 0 0 1-5.395 4.972m0 0a6.726 6.726 0 0 1-2.749 1.35m0 0a6.772 6.772 0 0 1-3.044 0"/>[39m[31m\n
[39m[31m</svg>[39m[31m\n
\n
                        \n
                            [39m[31m</div>[39m[31m\n
        \n
                    [39m[31m<div class="\n
                in-data-flux-sidebar-collapsed-desktop:not-in-data-flux-sidebar-group-dropdown:hidden\n
                flex-1 text-sm font-medium truncate [[data-nav-footer]_&]:hidden [[data-nav-sidebar]_[data-nav-footer]_&]:block" data-content>[39m[31mEkstrakurikuler[39m[31m</div>[39m[31m\n
    [39m[31m</a>[39m[31m\n
\n
    [39m[31m<div popover="manual" class="relative py-2 px-2.5 rounded-md text-xs text-white font-medium bg-zinc-800 dark:bg-zinc-700 dark:border dark:border-white/10 p-0 overflow-visible not-in-data-flux-sidebar-collapsed-desktop:hidden in-data-flux-sidebar-group-dropdown:hidden cursor-default" data-flux-tooltip-content>[39m[31m\n
        Ekstrakurikuler\n
    [39m[31m<span class="ps-1 text-zinc-300">[39m[31m</span>[39m[31m\n
    [39m[31m</div>[39m[31m\n
\n
[39m[31m</ui-tooltip>[39m[31m\n
            [39m[31m</div>[39m[31m\n
        [39m[31m</ui-disclosure>[39m[31m\n
\n
        [39m[31m<ui-dropdown position="right start" hover="hover" class="in-data-flux-sidebar-on-mobile:hidden not-in-data-flux-sidebar-collapsed-desktop:hidden" data-flux-sidebar-group-dropdown="data-flux-sidebar-group-dropdown" data-flux-dropdown>[39m[31m\n
    [39m[31m<button type="button" class="border-1 border-transparent w-full px-3 in-data-flux-menu:px-2 h-8 flex gap-3 items-center group/disclosure-button mb-[2px] rounded-lg in-data-flux-sidebar-collapsed-desktop:not-in-data-flux-menu:w-10 in-data-flux-sidebar-collapsed-desktop:not-in-data-flux-menu:justify-center hover:bg-zinc-800/5 dark:hover:bg-white/[7%] in-data-flux-menu:hover:bg-zinc-50 dark:in-data-flux-menu:hover:bg-zinc-600 text-zinc-500 in-data-flux-menu:text-zinc-800 hover:text-zinc-800 dark:text-white/80 in-data-flux-menu:dark:text-white dark:hover:text-white">[39m[31m\n
                                    [39m[31m<div class="relative">[39m[31m\n
                                                    [39m[31m<svg class="shrink-0 [:where(&amp;)]:size-6 in-data-flux-menu:text-zinc-400 in-data-flux-menu:dark:text-white/80 in-data-flux-menu:[[data-flux-sidebar-group-dropdown]>[39m[31mbutton:hover_&]:text-current size-4" data-flux-icon xmlns="http://www.w3.org/2000/svg" fill="none" viewBox="0 0 24 24" stroke-width="1.5" stroke="currentColor" aria-hidden="true" data-slot="icon">\n
  [39m[31m<path stroke-linecap="round" stroke-linejoin="round" d="M4.26 10.147a60.438 60.438 0 0 0-.491 6.347A48.62 48.62 0 0 1 12 20.904a48.62 48.62 0 0 1 8.232-4.41 60.46 60.46 0 0 0-.491-6.347m-15.482 0a50.636 50.636 0 0 0-2.658-.813A59.906 59.906 0 0 1 12 3.493a59.903 59.903 0 0 1 10.399 5.84c-.896.248-1.783.52-2.658.814m-15.482 0A50.717 50.717 0 0 1 12 13.489a50.702 50.702 0 0 1 7.74-3.342M6.75 15a.75.75 0 1 0 0-1.5.75.75 0 0 0 0 1.5Zm0 0v-3.675A55.378 55.378 0 0 1 12 8.443m-7.007 11.55A5.981 5.981 0 0 0 6.75 15.75v-1.5"/>[39m[31m\n
[39m[31m</svg>[39m[31m\n
\n
                                                    [39m[31m</div>[39m[31m\n
                \n
                [39m[31m<span class="hidden in-data-flux-menu:block flex-1 text-start text-sm font-medium leading-none text-zinc-800 dark:text-white">[39m[31mAkademik[39m[31m</span>[39m[31m\n
\n
                [39m[31m<div class="hidden in-data-flux-menu:block">[39m[31m\n
                    [39m[31m<svg class="shrink-0 [:where(&amp;)]:size-6 ms-auto size-4 text-zinc-400 [[data-flux-sidebar-group-dropdown]>[39m[31mbutton:hover_&]:text-current rtl:hidden" data-flux-icon xmlns="http://www.w3.org/2000/svg" fill="none" viewBox="0 0 24 24" stroke-width="1.5" stroke="currentColor" aria-hidden="true" data-slot="icon">\n
  [39m[31m<path stroke-linecap="round" stroke-linejoin="round" d="m8.25 4.5 7.5 7.5-7.5 7.5"/>[39m[31m\n
[39m[31m</svg>[39m[31m\n
\n
                            [39m[31m<svg class="shrink-0 [:where(&amp;)]:size-6 ms-auto size-4 text-zinc-400 [[data-flux-sidebar-group-dropdown]>[39m[31mbutton:hover_&]:text-current hidden rtl:inline" data-flux-icon xmlns="http://www.w3.org/2000/svg" fill="none" viewBox="0 0 24 24" stroke-width="1.5" stroke="currentColor" aria-hidden="true" data-slot="icon">\n
  [39m[31m<path stroke-linecap="round" stroke-linejoin="round" d="M15.75 19.5 8.25 12l7.5-7.5"/>[39m[31m\n
[39m[31m</svg>[39m[31m\n
\n
                        [39m[31m</div>[39m[31m\n
            [39m[31m</button>[39m[31m\n
\n
            [39m[31m<ui-menu\n
    class="[:where(&amp;)]:min-w-48 p-[.3125rem] rounded-lg shadow-xs border border-zinc-200 dark:border-zinc-600 bg-white dark:bg-zinc-700 focus:outline-hidden"\n
    popover="manual"\n
    data-flux-menu\n
>[39m[31m\n
    [39m[31m<div class="-mx-[.3125rem] px-[.3125rem] [&amp;+&amp;&gt;[data-flux-menu-separator-top]]:hidden [&amp;:first-child&gt;[data-flux-menu-separator-top]]:hidden [&amp;:last-child&gt;[data-flux-menu-separator-bottom]]:hidden" role="group" data-flux-menu-group>[39m[31m\n
    [39m[31m<div class="-mx-[.3125rem] my-[.3125rem] h-px" data-flux-menu-separator-top="data-flux-menu-separator-top" data-flux-menu-separator>[39m[31m\n
    [39m[31m<div data-orientation="horizontal" role="none" class="border-0 [print-color-adjust:exact] bg-zinc-800/15 dark:bg-white/20 h-px w-full dark:bg-zinc-600!" data-flux-separator>[39m[31m</div>[39m[31m\n
[39m[31m</div>[39m[31m\n
\n
            [39m[31m<div class="p-2 pb-1 w-full flex items-center text-start text-xs font-medium text-zinc-500 font-medium dark:text-zinc-300" data-flux-menu-heading>[39m[31m\n
    [39m[31m<div class="w-7 hidden [[data-flux-menu]:has(>[39m[31m[data-flux-menu-item-has-icon])_&]:block">[39m[31m</div>[39m[31m\n
\n
    [39m[31m<div>[39m[31mAkademik[39m[31m</div>[39m[31m\n
[39m[31m</div>[39m[31m\n
                [39m[31m<ui-tooltip position="right center"  data-flux-tooltip >[39m[31m\n
    [39m[31m<a href="http://simkopkbm.test/admin/academic/years" data-current="data-current" wire:current.ignore="" class="h-8 in-data-flux-sidebar-on-mobile:h-10 relative flex items-center gap-3 rounded-lg in-data-flux-sidebar-collapsed-desktop:w-10 in-data-flux-sidebar-collapsed-desktop:justify-center py-0 text-start w-full px-3 has-data-flux-navlist-badge:not-in-data-flux-sidebar-collapsed-desktop:pe-1.5 my-px text-zinc-500 dark:text-white/80 data-current:text-(--color-accent-content) hover:data-current:text-(--color-accent-content) data-current:bg-white dark:data-current:bg-white/[7%] data-current:border data-current:border-zinc-200 dark:data-current:border-transparent hover:text-zinc-800 dark:hover:text-white dark:hover:bg-white/[7%] hover:bg-zinc-800/5  border border-transparent in-data-flux-sidebar-group-dropdown:w-auto! in-data-flux-sidebar-group-dropdown:px-2! in-data-flux-sidebar-group-dropdown:text-zinc-800! in-data-flux-sidebar-group-dropdown:bg-white! in-data-flux-sidebar-group-dropdown:hover:bg-zinc-50! dark:in-data-flux-sidebar-group-dropdown:text-white! dark:in-data-flux-sidebar-group-dropdown:bg-transparent! dark:in-data-flux-sidebar-group-dropdown:hover:bg-zinc-600!" data-flux-sidebar-item="data-flux-sidebar-item" wire:navigate.hover="">[39m[31m\n
        [39m[31m<div class="relative">[39m[31m\n
                                    [39m[31m<svg class="shrink-0 [:where(&amp;)]:size-6 size-4 in-data-flux-sidebar-group-dropdown:text-zinc-400! dark:in-data-flux-sidebar-group-dropdown:text-white/80! [[data-flux-sidebar-item]:hover_&]:text-current!" data-flux-icon xmlns="http://www.w3.org/2000/svg" fill="none" viewBox="0 0 24 24" stroke-width="1.5" stroke="currentColor" aria-hidden="true" data-slot="icon">[39m[31m\n
  [39m[31m<path stroke-linecap="round" stroke-linejoin="round" d="M6.75 3v2.25M17.25 3v2.25M3 18.75V7.5a2.25 2.25 0 0 1 2.25-2.25h13.5A2.25 2.25 0 0 1 21 7.5v11.25m-18 0A2.25 2.25 0 0 0 5.25 21h13.5A2.25 2.25 0 0 0 21 18.75m-18 0v-7.5A2.25 2.25 0 0 1 5.25 9h13.5A2.25 2.25 0 0 1 21 11.25v7.5"/>[39m[31m\n
[39m[31m</svg>[39m[31m\n
\n
                        \n
                            [39m[31m</div>[39m[31m\n
        \n
                    [39m[31m<div class="\n
                in-data-flux-sidebar-collapsed-desktop:not-in-data-flux-sidebar-group-dropdown:hidden\n
                flex-1 text-sm font-medium truncate [[data-nav-footer]_&]:hidden [[data-nav-sidebar]_[data-nav-footer]_&]:block" data-content>[39m[31mTahun Ajaran[39m[31m</div>[39m[31m\n
    [39m[31m</a>[39m[31m\n
\n
    [39m[31m<div popover="manual" class="relative py-2 px-2.5 rounded-md text-xs text-white font-medium bg-zinc-800 dark:bg-zinc-700 dark:border dark:border-white/10 p-0 overflow-visible not-in-data-flux-sidebar-collapsed-desktop:hidden in-data-flux-sidebar-group-dropdown:hidden cursor-default" data-flux-tooltip-content>[39m[31m\n
        Tahun Ajaran\n
    [39m[31m<span class="ps-1 text-zinc-300">[39m[31m</span>[39m[31m\n
    [39m[31m</div>[39m[31m\n
\n
[39m[31m</ui-tooltip>[39m[31m\n
                [39m[31m<ui-tooltip position="right center"  data-flux-tooltip >[39m[31m\n
    [39m[31m<a href="http://simkopkbm.test/admin/academic/levels" wire:current.ignore="" class="h-8 in-data-flux-sidebar-on-mobile:h-10 relative flex items-center gap-3 rounded-lg in-data-flux-sidebar-collapsed-desktop:w-10 in-data-flux-sidebar-collapsed-desktop:justify-center py-0 text-start w-full px-3 has-data-flux-navlist-badge:not-in-data-flux-sidebar-collapsed-desktop:pe-1.5 my-px text-zinc-500 dark:text-white/80 data-current:text-(--color-accent-content) hover:data-current:text-(--color-accent-content) data-current:bg-white dark:data-current:bg-white/[7%] data-current:border data-current:border-zinc-200 dark:data-current:border-transparent hover:text-zinc-800 dark:hover:text-white dark:hover:bg-white/[7%] hover:bg-zinc-800/5  border border-transparent in-data-flux-sidebar-group-dropdown:w-auto! in-data-flux-sidebar-group-dropdown:px-2! in-data-flux-sidebar-group-dropdown:text-zinc-800! in-data-flux-sidebar-group-dropdown:bg-white! in-data-flux-sidebar-group-dropdown:hover:bg-zinc-50! dark:in-data-flux-sidebar-group-dropdown:text-white! dark:in-data-flux-sidebar-group-dropdown:bg-transparent! dark:in-data-flux-sidebar-group-dropdown:hover:bg-zinc-600!" data-flux-sidebar-item="data-flux-sidebar-item" wire:navigate.hover="">[39m[31m\n
        [39m[31m<div class="relative">[39m[31m\n
                                    [39m[31m<svg class="shrink-0 [:where(&amp;)]:size-6 size-4 in-data-flux-sidebar-group-dropdown:text-zinc-400! dark:in-data-flux-sidebar-group-dropdown:text-white/80! [[data-flux-sidebar-item]:hover_&]:text-current!" data-flux-icon xmlns="http://www.w3.org/2000/svg" fill="none" viewBox="0 0 24 24" stroke-width="1.5" stroke="currentColor" aria-hidden="true" data-slot="icon">[39m[31m\n
  [39m[31m<path stroke-linecap="round" stroke-linejoin="round" d="M4.26 10.147a60.438 60.438 0 0 0-.491 6.347A48.62 48.62 0 0 1 12 20.904a48.62 48.62 0 0 1 8.232-4.41 60.46 60.46 0 0 0-.491-6.347m-15.482 0a50.636 50.636 0 0 0-2.658-.813A59.906 59.906 0 0 1 12 3.493a59.903 59.903 0 0 1 10.399 5.84c-.896.248-1.783.52-2.658.814m-15.482 0A50.717 50.717 0 0 1 12 13.489a50.702 50.702 0 0 1 7.74-3.342M6.75 15a.75.75 0 1 0 0-1.5.75.75 0 0 0 0 1.5Zm0 0v-3.675A55.378 55.378 0 0 1 12 8.443m-7.007 11.55A5.981 5.981 0 0 0 6.75 15.75v-1.5"/>[39m[31m\n
[39m[31m</svg>[39m[31m\n
\n
                        \n
                            [39m[31m</div>[39m[31m\n
        \n
                    [39m[31m<div class="\n
                in-data-flux-sidebar-collapsed-desktop:not-in-data-flux-sidebar-group-dropdown:hidden\n
                flex-1 text-sm font-medium truncate [[data-nav-footer]_&]:hidden [[data-nav-sidebar]_[data-nav-footer]_&]:block" data-content>[39m[31mJenjang[39m[31m</div>[39m[31m\n
    [39m[31m</a>[39m[31m\n
\n
    [39m[31m<div popover="manual" class="relative py-2 px-2.5 rounded-md text-xs text-white font-medium bg-zinc-800 dark:bg-zinc-700 dark:border dark:border-white/10 p-0 overflow-visible not-in-data-flux-sidebar-collapsed-desktop:hidden in-data-flux-sidebar-group-dropdown:hidden cursor-default" data-flux-tooltip-content>[39m[31m\n
        Jenjang\n
    [39m[31m<span class="ps-1 text-zinc-300">[39m[31m</span>[39m[31m\n
    [39m[31m</div>[39m[31m\n
\n
[39m[31m</ui-tooltip>[39m[31m\n
                [39m[31m<ui-tooltip position="right center"  data-flux-tooltip >[39m[31m\n
    [39m[31m<a href="http://simkopkbm.test/admin/academic/classrooms" wire:current.ignore="" class="h-8 in-data-flux-sidebar-on-mobile:h-10 relative flex items-center gap-3 rounded-lg in-data-flux-sidebar-collapsed-desktop:w-10 in-data-flux-sidebar-collapsed-desktop:justify-center py-0 text-start w-full px-3 has-data-flux-navlist-badge:not-in-data-flux-sidebar-collapsed-desktop:pe-1.5 my-px text-zinc-500 dark:text-white/80 data-current:text-(--color-accent-content) hover:data-current:text-(--color-accent-content) data-current:bg-white dark:data-current:bg-white/[7%] data-current:border data-current:border-zinc-200 dark:data-current:border-transparent hover:text-zinc-800 dark:hover:text-white dark:hover:bg-white/[7%] hover:bg-zinc-800/5  border border-transparent in-data-flux-sidebar-group-dropdown:w-auto! in-data-flux-sidebar-group-dropdown:px-2! in-data-flux-sidebar-group-dropdown:text-zinc-800! in-data-flux-sidebar-group-dropdown:bg-white! in-data-flux-sidebar-group-dropdown:hover:bg-zinc-50! dark:in-data-flux-sidebar-group-dropdown:text-white! dark:in-data-flux-sidebar-group-dropdown:bg-transparent! dark:in-data-flux-sidebar-group-dropdown:hover:bg-zinc-600!" data-flux-sidebar-item="data-flux-sidebar-item" wire:navigate.hover="">[39m[31m\n
        [39m[31m<div class="relative">[39m[31m\n
                                    [39m[31m<svg class="shrink-0 [:where(&amp;)]:size-6 size-4 in-data-flux-sidebar-group-dropdown:text-zinc-400! dark:in-data-flux-sidebar-group-dropdown:text-white/80! [[data-flux-sidebar-item]:hover_&]:text-current!" data-flux-icon xmlns="http://www.w3.org/2000/svg" fill="none" viewBox="0 0 24 24" stroke-width="1.5" stroke="currentColor" aria-hidden="true" data-slot="icon">[39m[31m\n
  [39m[31m<path stroke-linecap="round" stroke-linejoin="round" d="M3.75 21h16.5M4.5 3h15M5.25 3v18m13.5-18v18M9 6.75h1.5m-1.5 3h1.5m-1.5 3h1.5m3-6H15m-1.5 3H15m-1.5 3H15M9 21v-3.375c0-.621.504-1.125 1.125-1.125h3.75c.621 0 1.125.504 1.125 1.125V21"/>[39m[31m\n
[39m[31m</svg>[39m[31m\n
\n
                        \n
                            [39m[31m</div>[39m[31m\n
        \n
                    [39m[31m<div class="\n
                in-data-flux-sidebar-collapsed-desktop:not-in-data-flux-sidebar-group-dropdown:hidden\n
                flex-1 text-sm font-medium truncate [[data-nav-footer]_&]:hidden [[data-nav-sidebar]_[data-nav-footer]_&]:block" data-content>[39m[31mKelas[39m[31m</div>[39m[31m\n
    [39m[31m</a>[39m[31m\n
\n
    [39m[31m<div popover="manual" class="relative py-2 px-2.5 rounded-md text-xs text-white font-medium bg-zinc-800 dark:bg-zinc-700 dark:border dark:border-white/10 p-0 overflow-visible not-in-data-flux-sidebar-collapsed-desktop:hidden in-data-flux-sidebar-group-dropdown:hidden cursor-default" data-flux-tooltip-content>[39m[31m\n
        Kelas\n
    [39m[31m<span class="ps-1 text-zinc-300">[39m[31m</span>[39m[31m\n
    [39m[31m</div>[39m[31m\n
\n
[39m[31m</ui-tooltip>[39m[31m\n
                [39m[31m<ui-tooltip position="right center"  data-flux-tooltip >[39m[31m\n
    [39m[31m<a href="http://simkopkbm.test/admin/academic/subjects" wire:current.ignore="" class="h-8 in-data-flux-sidebar-on-mobile:h-10 relative flex items-center gap-3 rounded-lg in-data-flux-sidebar-collapsed-desktop:w-10 in-data-flux-sidebar-collapsed-desktop:justify-center py-0 text-start w-full px-3 has-data-flux-navlist-badge:not-in-data-flux-sidebar-collapsed-desktop:pe-1.5 my-px text-zinc-500 dark:text-white/80 data-current:text-(--color-accent-content) hover:data-current:text-(--color-accent-content) data-current:bg-white dark:data-current:bg-white/[7%] data-current:border data-current:border-zinc-200 dark:data-current:border-transparent hover:text-zinc-800 dark:hover:text-white dark:hover:bg-white/[7%] hover:bg-zinc-800/5  border border-transparent in-data-flux-sidebar-group-dropdown:w-auto! in-data-flux-sidebar-group-dropdown:px-2! in-data-flux-sidebar-group-dropdown:text-zinc-800! in-data-flux-sidebar-group-dropdown:bg-white! in-data-flux-sidebar-group-dropdown:hover:bg-zinc-50! dark:in-data-flux-sidebar-group-dropdown:text-white! dark:in-data-flux-sidebar-group-dropdown:bg-transparent! dark:in-data-flux-sidebar-group-dropdown:hover:bg-zinc-600!" data-flux-sidebar-item="data-flux-sidebar-item" wire:navigate.hover="">[39m[31m\n
        [39m[31m<div class="relative">[39m[31m\n
                                    [39m[31m<svg class="shrink-0 [:where(&amp;)]:size-6 size-4 in-data-flux-sidebar-group-dropdown:text-zinc-400! dark:in-data-flux-sidebar-group-dropdown:text-white/80! [[data-flux-sidebar-item]:hover_&]:text-current!" data-flux-icon xmlns="http://www.w3.org/2000/svg" fill="none" viewBox="0 0 24 24" stroke-width="1.5" stroke="currentColor" aria-hidden="true" data-slot="icon">[39m[31m\n
  [39m[31m<path stroke-linecap="round" stroke-linejoin="round" d="M12 6.042A8.967 8.967 0 0 0 6 3.75c-1.052 0-2.062.18-3 .512v14.25A8.987 8.987 0 0 1 6 18c2.305 0 4.408.867 6 2.292m0-14.25a8.966 8.966 0 0 1 6-2.292c1.052 0 2.062.18 3 .512v14.25A8.987 8.987 0 0 0 18 18a8.967 8.967 0 0 0-6 2.292m0-14.25v14.25"/>[39m[31m\n
[39m[31m</svg>[39m[31m\n
\n
                        \n
                            [39m[31m</div>[39m[31m\n
        \n
                    [39m[31m<div class="\n
                in-data-flux-sidebar-collapsed-desktop:not-in-data-flux-sidebar-group-dropdown:hidden\n
                flex-1 text-sm font-medium truncate [[data-nav-footer]_&]:hidden [[data-nav-sidebar]_[data-nav-footer]_&]:block" data-content>[39m[31mMata Pelajaran[39m[31m</div>[39m[31m\n
    [39m[31m</a>[39m[31m\n
\n
    [39m[31m<div popover="manual" class="relative py-2 px-2.5 rounded-md text-xs text-white font-medium bg-zinc-800 dark:bg-zinc-700 dark:border dark:border-white/10 p-0 overflow-visible not-in-data-flux-sidebar-collapsed-desktop:hidden in-data-flux-sidebar-group-dropdown:hidden cursor-default" data-flux-tooltip-content>[39m[31m\n
        Mata Pelajaran\n
    [39m[31m<span class="ps-1 text-zinc-300">[39m[31m</span>[39m[31m\n
    [39m[31m</div>[39m[31m\n
\n
[39m[31m</ui-tooltip>[39m[31m\n
                [39m[31m<ui-tooltip position="right center"  data-flux-tooltip >[39m[31m\n
    [39m[31m<a href="http://simkopkbm.test/admin/academic/assignments" wire:current.ignore="" class="h-8 in-data-flux-sidebar-on-mobile:h-10 relative flex items-center gap-3 rounded-lg in-data-flux-sidebar-collapsed-desktop:w-10 in-data-flux-sidebar-collapsed-desktop:justify-center py-0 text-start w-full px-3 has-data-flux-navlist-badge:not-in-data-flux-sidebar-collapsed-desktop:pe-1.5 my-px text-zinc-500 dark:text-white/80 data-current:text-(--color-accent-content) hover:data-current:text-(--color-accent-content) data-current:bg-white dark:data-current:bg-white/[7%] data-current:border data-current:border-zinc-200 dark:data-current:border-transparent hover:text-zinc-800 dark:hover:text-white dark:hover:bg-white/[7%] hover:bg-zinc-800/5  border border-transparent in-data-flux-sidebar-group-dropdown:w-auto! in-data-flux-sidebar-group-dropdown:px-2! in-data-flux-sidebar-group-dropdown:text-zinc-800! in-data-flux-sidebar-group-dropdown:bg-white! in-data-flux-sidebar-group-dropdown:hover:bg-zinc-50! dark:in-data-flux-sidebar-group-dropdown:text-white! dark:in-data-flux-sidebar-group-dropdown:bg-transparent! dark:in-data-flux-sidebar-group-dropdown:hover:bg-zinc-600!" data-flux-sidebar-item="data-flux-sidebar-item" wire:navigate.hover="">[39m[31m\n
        [39m[31m<div class="relative">[39m[31m\n
                                    [39m[31m<svg class="shrink-0 [:where(&amp;)]:size-6 size-4 in-data-flux-sidebar-group-dropdown:text-zinc-400! dark:in-data-flux-sidebar-group-dropdown:text-white/80! [[data-flux-sidebar-item]:hover_&]:text-current!" data-flux-icon xmlns="http://www.w3.org/2000/svg" fill="none" viewBox="0 0 24 24" stroke-width="1.5" stroke="currentColor" aria-hidden="true" data-slot="icon">[39m[31m\n
  [39m[31m<path stroke-linecap="round" stroke-linejoin="round" d="M18 18.72a9.094 9.094 0 0 0 3.741-.479 3 3 0 0 0-4.682-2.72m.94 3.198.001.031c0 .225-.012.447-.037.666A11.944 11.944 0 0 1 12 21c-2.17 0-4.207-.576-5.963-1.584A6.062 6.062 0 0 1 6 18.719m12 0a5.971 5.971 0 0 0-.941-3.197m0 0A5.995 5.995 0 0 0 12 12.75a5.995 5.995 0 0 0-5.058 2.772m0 0a3 3 0 0 0-4.681 2.72 8.986 8.986 0 0 0 3.74.477m.94-3.197a5.971 5.971 0 0 0-.94 3.197M15 6.75a3 3 0 1 1-6 0 3 3 0 0 1 6 0Zm6 3a2.25 2.25 0 1 1-4.5 0 2.25 2.25 0 0 1 4.5 0Zm-13.5 0a2.25 2.25 0 1 1-4.5 0 2.25 2.25 0 0 1 4.5 0Z"/>[39m[31m\n
[39m[31m</svg>[39m[31m\n
\n
                        \n
                            [39m[31m</div>[39m[31m\n
        \n
                    [39m[31m<div class="\n
                in-data-flux-sidebar-collapsed-desktop:not-in-data-flux-sidebar-group-dropdown:hidden\n
                flex-1 text-sm font-medium truncate [[data-nav-footer]_&]:hidden [[data-nav-sidebar]_[data-nav-footer]_&]:block" data-content>[39m[31mPenugasan Guru[39m[31m</div>[39m[31m\n
    [39m[31m</a>[39m[31m\n
\n
    [39m[31m<div popover="manual" class="relative py-2 px-2.5 rounded-md text-xs text-white font-medium bg-zinc-800 dark:bg-zinc-700 dark:border dark:border-white/10 p-0 overflow-visible not-in-data-flux-sidebar-collapsed-desktop:hidden in-data-flux-sidebar-group-dropdown:hidden cursor-default" data-flux-tooltip-content>[39m[31m\n
        Penugasan Guru\n
    [39m[31m<span class="ps-1 text-zinc-300">[39m[31m</span>[39m[31m\n
    [39m[31m</div>[39m[31m\n
\n
[39m[31m</ui-tooltip>[39m[31m\n
                [39m[31m<ui-tooltip position="right center"  data-flux-tooltip >[39m[31m\n
    [39m[31m<a href="http://simkopkbm.test/admin/academic/attendance" wire:current.ignore="" class="h-8 in-data-flux-sidebar-on-mobile:h-10 relative flex items-center gap-3 rounded-lg in-data-flux-sidebar-collapsed-desktop:w-10 in-data-flux-sidebar-collapsed-desktop:justify-center py-0 text-start w-full px-3 has-data-flux-navlist-badge:not-in-data-flux-sidebar-collapsed-desktop:pe-1.5 my-px text-zinc-500 dark:text-white/80 data-current:text-(--color-accent-content) hover:data-current:text-(--color-accent-content) data-current:bg-white dark:data-current:bg-white/[7%] data-current:border data-current:border-zinc-200 dark:data-current:border-transparent hover:text-zinc-800 dark:hover:text-white dark:hover:bg-white/[7%] hover:bg-zinc-800/5  border border-transparent in-data-flux-sidebar-group-dropdown:w-auto! in-data-flux-sidebar-group-dropdown:px-2! in-data-flux-sidebar-group-dropdown:text-zinc-800! in-data-flux-sidebar-group-dropdown:bg-white! in-data-flux-sidebar-group-dropdown:hover:bg-zinc-50! dark:in-data-flux-sidebar-group-dropdown:text-white! dark:in-data-flux-sidebar-group-dropdown:bg-transparent! dark:in-data-flux-sidebar-group-dropdown:hover:bg-zinc-600!" data-flux-sidebar-item="data-flux-sidebar-item" wire:navigate.hover="">[39m[31m\n
        [39m[31m<div class="relative">[39m[31m\n
                                    [39m[31m<svg class="shrink-0 [:where(&amp;)]:size-6 size-4 in-data-flux-sidebar-group-dropdown:text-zinc-400! dark:in-data-flux-sidebar-group-dropdown:text-white/80! [[data-flux-sidebar-item]:hover_&]:text-current!" data-flux-icon xmlns="http://www.w3.org/2000/svg" fill="none" viewBox="0 0 24 24" stroke-width="1.5" stroke="currentColor" aria-hidden="true" data-slot="icon">[39m[31m\n
  [39m[31m<path stroke-linecap="round" stroke-linejoin="round" d="M9 12.75 11.25 15 15 9.75M21 12c0 1.268-.63 2.39-1.593 3.068a3.745 3.745 0 0 1-1.043 3.296 3.745 3.745 0 0 1-3.296 1.043A3.745 3.745 0 0 1 12 21c-1.268 0-2.39-.63-3.068-1.593a3.746 3.746 0 0 1-3.296-1.043 3.745 3.745 0 0 1-1.043-3.296A3.745 3.745 0 0 1 3 12c0-1.268.63-2.39 1.593-3.068a3.745 3.745 0 0 1 1.043-3.296 3.746 3.746 0 0 1 3.296-1.043A3.746 3.746 0 0 1 12 3c1.268 0 2.39.63 3.068 1.593a3.746 3.746 0 0 1 3.296 1.043 3.746 3.746 0 0 1 1.043 3.296A3.745 3.745 0 0 1 21 12Z"/>[39m[31m\n
[39m[31m</svg>[39m[31m\n
\n
                        \n
                            [39m[31m</div>[39m[31m\n
        \n
                    [39m[31m<div class="\n
                in-data-flux-sidebar-collapsed-desktop:not-in-data-flux-sidebar-group-dropdown:hidden\n
                flex-1 text-sm font-medium truncate [[data-nav-footer]_&]:hidden [[data-nav-sidebar]_[data-nav-footer]_&]:block" data-content>[39m[31mPresensi[39m[31m</div>[39m[31m\n
    [39m[31m</a>[39m[31m\n
\n
    [39m[31m<div popover="manual" class="relative py-2 px-2.5 rounded-md text-xs text-white font-medium bg-zinc-800 dark:bg-zinc-700 dark:border dark:border-white/10 p-0 overflow-visible not-in-data-flux-sidebar-collapsed-desktop:hidden in-data-flux-sidebar-group-dropdown:hidden cursor-default" data-flux-tooltip-content>[39m[31m\n
        Presensi\n
    [39m[31m<span class="ps-1 text-zinc-300">[39m[31m</span>[39m[31m\n
    [39m[31m</div>[39m[31m\n
\n
[39m[31m</ui-tooltip>[39m[31m\n
                [39m[31m<ui-tooltip position="right center"  data-flux-tooltip >[39m[31m\n
    [39m[31m<a href="http://simkopkbm.test/admin/academic/extracurriculars" wire:current.ignore="" class="h-8 in-data-flux-sidebar-on-mobile:h-10 relative flex items-center gap-3 rounded-lg in-data-flux-sidebar-collapsed-desktop:w-10 in-data-flux-sidebar-collapsed-desktop:justify-center py-0 text-start w-full px-3 has-data-flux-navlist-badge:not-in-data-flux-sidebar-collapsed-desktop:pe-1.5 my-px text-zinc-500 dark:text-white/80 data-current:text-(--color-accent-content) hover:data-current:text-(--color-accent-content) data-current:bg-white dark:data-current:bg-white/[7%] data-current:border data-current:border-zinc-200 dark:data-current:border-transparent hover:text-zinc-800 dark:hover:text-white dark:hover:bg-white/[7%] hover:bg-zinc-800/5  border border-transparent in-data-flux-sidebar-group-dropdown:w-auto! in-data-flux-sidebar-group-dropdown:px-2! in-data-flux-sidebar-group-dropdown:text-zinc-800! in-data-flux-sidebar-group-dropdown:bg-white! in-data-flux-sidebar-group-dropdown:hover:bg-zinc-50! dark:in-data-flux-sidebar-group-dropdown:text-white! dark:in-data-flux-sidebar-group-dropdown:bg-transparent! dark:in-data-flux-sidebar-group-dropdown:hover:bg-zinc-600!" data-flux-sidebar-item="data-flux-sidebar-item" wire:navigate.hover="">[39m[31m\n
        [39m[31m<div class="relative">[39m[31m\n
                                    [39m[31m<svg class="shrink-0 [:where(&amp;)]:size-6 size-4 in-data-flux-sidebar-group-dropdown:text-zinc-400! dark:in-data-flux-sidebar-group-dropdown:text-white/80! [[data-flux-sidebar-item]:hover_&]:text-current!" data-flux-icon xmlns="http://www.w3.org/2000/svg" fill="none" viewBox="0 0 24 24" stroke-width="1.5" stroke="currentColor" aria-hidden="true" data-slot="icon">[39m[31m\n
  [39m[31m<path stroke-linecap="round" stroke-linejoin="round" d="M16.5 18.75h-9m9 0a3 3 0 0 1 3 3h-15a3 3 0 0 1 3-3m9 0v-3.375c0-.621-.503-1.125-1.125-1.125h-.871M7.5 18.75v-3.375c0-.621.504-1.125 1.125-1.125h.872m5.007 0H9.497m5.007 0a7.454 7.454 0 0 1-.982-3.172M9.497 14.25a7.454 7.454 0 0 0 .981-3.172M5.25 4.236c-.982.143-1.954.317-2.916.52A6.003 6.003 0 0 0 7.73 9.728M5.25 4.236V4.5c0 2.108.966 3.99 2.48 5.228M5.25 4.236V2.721C7.456 2.41 9.71 2.25 12 2.25c2.291 0 4.545.16 6.75.47v1.516M7.73 9.728a6.726 6.726 0 0 0 2.748 1.35m8.272-6.842V4.5c0 2.108-.966 3.99-2.48 5.228m2.48-5.492a46.32 46.32 0 0 1 2.916.52 6.003 6.003 0 0 1-5.395 4.972m0 0a6.726 6.726 0 0 1-2.749 1.35m0 0a6.772 6.772 0 0 1-3.044 0"/>[39m[31m\n
[39m[31m</svg>[39m[31m\n
\n
                        \n
                            [39m[31m</div>[39m[31m\n
        \n
                    [39m[31m<div class="\n
                in-data-flux-sidebar-collapsed-desktop:not-in-data-flux-sidebar-group-dropdown:hidden\n
                flex-1 text-sm font-medium truncate [[data-nav-footer]_&]:hidden [[data-nav-sidebar]_[data-nav-footer]_&]:block" data-content>[39m[31mEkstrakurikuler[39m[31m</div>[39m[31m\n
    [39m[31m</a>[39m[31m\n
\n
    [39m[31m<div popover="manual" class="relative py-2 px-2.5 rounded-md text-xs text-white font-medium bg-zinc-800 dark:bg-zinc-700 dark:border dark:border-white/10 p-0 overflow-visible not-in-data-flux-sidebar-collapsed-desktop:hidden in-data-flux-sidebar-group-dropdown:hidden cursor-default" data-flux-tooltip-content>[39m[31m\n
        Ekstrakurikuler\n
    [39m[31m<span class="ps-1 text-zinc-300">[39m[31m</span>[39m[31m\n
    [39m[31m</div>[39m[31m\n
\n
[39m[31m</ui-tooltip>[39m[31m\n
            [39m[31m<div class="-mx-[.3125rem] my-[.3125rem] h-px" data-flux-menu-separator-bottom="data-flux-menu-separator-bottom" data-flux-menu-separator>[39m[31m\n
    [39m[31m<div data-orientation="horizontal" role="none" class="border-0 [print-color-adjust:exact] bg-zinc-800/15 dark:bg-white/20 h-px w-full dark:bg-zinc-600!" data-flux-separator>[39m[31m</div>[39m[31m\n
[39m[31m</div>[39m[31m\n
[39m[31m</div>[39m[31m\n
[39m[31m</ui-menu>[39m[31m\n
[39m[31m</ui-dropdown>[39m[31m\n
    \n
\n
        \n
        <!-- Penilaian & Raport -->\n
        [39m[31m<ui-disclosure class="group/disclosure in-data-flux-sidebar-collapsed-desktop:hidden grid"  open  data-flux-sidebar-group>[39m[31m\n
            [39m[31m<button type="button" class="border-1 border-transparent w-full h-8 in-data-flux-sidebar-on-mobile:h-10 flex items-center group/disclosure-button mb-[2px] rounded-lg hover:bg-zinc-800/5 dark:hover:bg-white/[7%] text-zinc-500 hover:text-zinc-800 dark:text-white/80 dark:hover:text-white">[39m[31m\n
                [39m[31m<div class="px-3">[39m[31m\n
                                            [39m[31m<svg class="shrink-0 [:where(&amp;)]:size-6 size-4" data-flux-icon xmlns="http://www.w3.org/2000/svg" fill="none" viewBox="0 0 24 24" stroke-width="1.5" stroke="currentColor" aria-hidden="true" data-slot="icon">[39m[31m\n
  [39m[31m<path stroke-linecap="round" stroke-linejoin="round" d="m16.862 4.487 1.687-1.688a1.875 1.875 0 1 1 2.652 2.652L10.582 16.07a4.5 4.5 0 0 1-1.897 1.13L6 18l.8-2.685a4.5 4.5 0 0 1 1.13-1.897l8.932-8.931Zm0 0L19.5 7.125M18 14v4.75A2.25 2.25 0 0 1 15.75 21H5.25A2.25 2.25 0 0 1 3 18.75V8.25A2.25 2.25 0 0 1 5.25 6H10"/>[39m[31m\n
[39m[31m</svg>[39m[31m\n
\n
                                            [39m[31m</div>[39m[31m\n
\n
                [39m[31m<span class="flex-1 text-left rtl:text-right text-sm font-medium leading-none">[39m[31mPenilaian &amp; Raport[39m[31m</span>[39m[31m\n
\n
                [39m[31m<div class="ps-3 pe-2.5">[39m[31m\n
                    [39m[31m<svg class="shrink-0 [:where(&amp;)]:size-6 size-3! hidden group-data-open/disclosure-button:block" data-flux-icon xmlns="http://www.w3.org/2000/svg" fill="none" viewBox="0 0 24 24" stroke-width="1.5" stroke="currentColor" aria-hidden="true" data-slot="icon">[39m[31m\n
  [39m[31m<path stroke-linecap="round" stroke-linejoin="round" d="m19.5 8.25-7.5 7.5-7.5-7.5"/>[39m[31m\n
[39m[31m</svg>[39m[31m\n
\n
                            [39m[31m<svg class="shrink-0 [:where(&amp;)]:size-6 size-3! block group-data-open/disclosure-button:hidden rtl:rotate-180" data-flux-icon xmlns="http://www.w3.org/2000/svg" fill="none" viewBox="0 0 24 24" stroke-width="1.5" stroke="currentColor" aria-hidden="true" data-slot="icon">[39m[31m\n
  [39m[31m<path stroke-linecap="round" stroke-linejoin="round" d="m8.25 4.5 7.5 7.5-7.5 7.5"/>[39m[31m\n
[39m[31m</svg>[39m[31m\n
\n
                        [39m[31m</div>[39m[31m\n
            [39m[31m</button>[39m[31m\n
\n
            [39m[31m<div class="relative hidden data-open:block space-y-[2px] ps-7"  data-open >[39m[31m\n
                [39m[31m<div class="absolute inset-y-[3px] w-px bg-zinc-200 dark:bg-white/30 start-0 ms-5">[39m[31m</div>[39m[31m\n
                            [39m[31m<ui-tooltip position="right center"  data-flux-tooltip >[39m[31m\n
    [39m[31m<a href="http://simkopkbm.test/admin/assessments/competency" wire:current.ignore="" class="h-8 in-data-flux-sidebar-on-mobile:h-10 relative flex items-center gap-3 rounded-lg in-data-flux-sidebar-collapsed-desktop:w-10 in-data-flux-sidebar-collapsed-desktop:justify-center py-0 text-start w-full px-3 has-data-flux-navlist-badge:not-in-data-flux-sidebar-collapsed-desktop:pe-1.5 my-px text-zinc-500 dark:text-white/80 data-current:text-(--color-accent-content) hover:data-current:text-(--color-accent-content) data-current:bg-white dark:data-current:bg-white/[7%] data-current:border data-current:border-zinc-200 dark:data-current:border-transparent hover:text-zinc-800 dark:hover:text-white dark:hover:bg-white/[7%] hover:bg-zinc-800/5  border border-transparent in-data-flux-sidebar-group-dropdown:w-auto! in-data-flux-sidebar-group-dropdown:px-2! in-data-flux-sidebar-group-dropdown:text-zinc-800! in-data-flux-sidebar-group-dropdown:bg-white! in-data-flux-sidebar-group-dropdown:hover:bg-zinc-50! dark:in-data-flux-sidebar-group-dropdown:text-white! dark:in-data-flux-sidebar-group-dropdown:bg-transparent! dark:in-data-flux-sidebar-group-dropdown:hover:bg-zinc-600!" data-flux-sidebar-item="data-flux-sidebar-item" wire:navigate.hover="">[39m[31m\n
        [39m[31m<div class="relative">[39m[31m\n
                                    [39m[31m<svg class="shrink-0 [:where(&amp;)]:size-6 size-4 in-data-flux-sidebar-group-dropdown:text-zinc-400! dark:in-data-flux-sidebar-group-dropdown:text-white/80! [[data-flux-sidebar-item]:hover_&]:text-current!" data-flux-icon xmlns="http://www.w3.org/2000/svg" fill="none" viewBox="0 0 24 24" stroke-width="1.5" stroke="currentColor" aria-hidden="true" data-slot="icon">[39m[31m\n
  [39m[31m<path stroke-linecap="round" stroke-linejoin="round" d="M11.35 3.836c-.065.21-.1.433-.1.664 0 .414.336.75.75.75h4.5a.75.75 0 0 0 .75-.75 2.25 2.25 0 0 0-.1-.664m-5.8 0A2.251 2.251 0 0 1 13.5 2.25H15c1.012 0 1.867.668 2.15 1.586m-5.8 0c-.376.023-.75.05-1.124.08C9.095 4.01 8.25 4.973 8.25 6.108V8.25m8.9-4.414c.376.023.75.05 1.124.08 1.131.094 1.976 1.057 1.976 2.192V16.5A2.25 2.25 0 0 1 18 18.75h-2.25m-7.5-10.5H4.875c-.621 0-1.125.504-1.125 1.125v11.25c0 .621.504 1.125 1.125 1.125h9.75c.621 0 1.125-.504 1.125-1.125V18.75m-7.5-10.5h6.375c.621 0 1.125.504 1.125 1.125v9.375m-8.25-3 1.5 1.5 3-3.75"/>[39m[31m\n
[39m[31m</svg>[39m[31m\n
\n
                        \n
                            [39m[31m</div>[39m[31m\n
        \n
                    [39m[31m<div class="\n
                in-data-flux-sidebar-collapsed-desktop:not-in-data-flux-sidebar-group-dropdown:hidden\n
                flex-1 text-sm font-medium truncate [[data-nav-footer]_&]:hidden [[data-nav-sidebar]_[data-nav-footer]_&]:block" data-content>[39m[31mPenilaian PAUD[39m[31m</div>[39m[31m\n
    [39m[31m</a>[39m[31m\n
\n
    [39m[31m<div popover="manual" class="relative py-2 px-2.5 rounded-md text-xs text-white font-medium bg-zinc-800 dark:bg-zinc-700 dark:border dark:border-white/10 p-0 overflow-visible not-in-data-flux-sidebar-collapsed-desktop:hidden in-data-flux-sidebar-group-dropdown:hidden cursor-default" data-flux-tooltip-content>[39m[31m\n
        Penilaian PAUD\n
    [39m[31m<span class="ps-1 text-zinc-300">[39m[31m</span>[39m[31m\n
    [39m[31m</div>[39m[31m\n
\n
[39m[31m</ui-tooltip>[39m[31m\n
            \n
\n
            [39m[31m<ui-tooltip position="right center"  data-flux-tooltip >[39m[31m\n
    [39m[31m<a href="http://simkopkbm.test/admin/report-card/grading" wire:current.ignore="" class="h-8 in-data-flux-sidebar-on-mobile:h-10 relative flex items-center gap-3 rounded-lg in-data-flux-sidebar-collapsed-desktop:w-10 in-data-flux-sidebar-collapsed-desktop:justify-center py-0 text-start w-full px-3 has-data-flux-navlist-badge:not-in-data-flux-sidebar-collapsed-desktop:pe-1.5 my-px text-zinc-500 dark:text-white/80 data-current:text-(--color-accent-content) hover:data-current:text-(--color-accent-content) data-current:bg-white dark:data-current:bg-white/[7%] data-current:border data-current:border-zinc-200 dark:data-current:border-transparent hover:text-zinc-800 dark:hover:text-white dark:hover:bg-white/[7%] hover:bg-zinc-800/5  border border-transparent in-data-flux-sidebar-group-dropdown:w-auto! in-data-flux-sidebar-group-dropdown:px-2! in-data-flux-sidebar-group-dropdown:text-zinc-800! in-data-flux-sidebar-group-dropdown:bg-white! in-data-flux-sidebar-group-dropdown:hover:bg-zinc-50! dark:in-data-flux-sidebar-group-dropdown:text-white! dark:in-data-flux-sidebar-group-dropdown:bg-transparent! dark:in-data-flux-sidebar-group-dropdown:hover:bg-zinc-600!" data-flux-sidebar-item="data-flux-sidebar-item" wire:navigate.hover="">[39m[31m\n
        [39m[31m<div class="relative">[39m[31m\n
                                    [39m[31m<svg class="shrink-0 [:where(&amp;)]:size-6 size-4 in-data-flux-sidebar-group-dropdown:text-zinc-400! dark:in-data-flux-sidebar-group-dropdown:text-white/80! [[data-flux-sidebar-item]:hover_&]:text-current!" data-flux-icon xmlns="http://www.w3.org/2000/svg" fill="none" viewBox="0 0 24 24" stroke-width="1.5" stroke="currentColor" aria-hidden="true" data-slot="icon">[39m[31m\n
  [39m[31m<path stroke-linecap="round" stroke-linejoin="round" d="M19.5 14.25v-2.625a3.375 3.375 0 0 0-3.375-3.375h-1.5A1.125 1.125 0 0 1 13.5 7.125v-1.5a3.375 3.375 0 0 0-3.375-3.375H8.25M9 16.5v.75m3-3v3M15 12v5.25m-4.5-15H5.625c-.621 0-1.125.504-1.125 1.125v17.25c0 .621.504 1.125 1.125 1.125h12.75c.621 0 1.125-.504 1.125-1.125V11.25a9 9 0 0 0-9-9Z"/>[39m[31m\n
[39m[31m</svg>[39m[31m\n
\n
                        \n
                            [39m[31m</div>[39m[31m\n
        \n
                    [39m[31m<div class="\n
                in-data-flux-sidebar-collapsed-desktop:not-in-data-flux-sidebar-group-dropdown:hidden\n
                flex-1 text-sm font-medium truncate [[data-nav-footer]_&]:hidden [[data-nav-sidebar]_[data-nav-footer]_&]:block" data-content>[39m[31mRaport Kesetaraan[39m[31m</div>[39m[31m\n
    [39m[31m</a>[39m[31m\n
\n
    [39m[31m<div popover="manual" class="relative py-2 px-2.5 rounded-md text-xs text-white font-medium bg-zinc-800 dark:bg-zinc-700 dark:border dark:border-white/10 p-0 overflow-visible not-in-data-flux-sidebar-collapsed-desktop:hidden in-data-flux-sidebar-group-dropdown:hidden cursor-default" data-flux-tooltip-content>[39m[31m\n
        Raport Kesetaraan\n
    [39m[31m<span class="ps-1 text-zinc-300">[39m[31m</span>[39m[31m\n
    [39m[31m</div>[39m[31m\n
\n
[39m[31m</ui-tooltip>[39m[31m\n
        [39m[31m</div>[39m[31m\n
        [39m[31m</ui-disclosure>[39m[31m\n
\n
        [39m[31m<ui-dropdown position="right start" hover="hover" class="in-data-flux-sidebar-on-mobile:hidden not-in-data-flux-sidebar-collapsed-desktop:hidden" data-flux-sidebar-group-dropdown="data-flux-sidebar-group-dropdown" data-flux-dropdown>[39m[31m\n
    [39m[31m<button type="button" class="border-1 border-transparent w-full px-3 in-data-flux-menu:px-2 h-8 flex gap-3 items-center group/disclosure-button mb-[2px] rounded-lg in-data-flux-sidebar-collapsed-desktop:not-in-data-flux-menu:w-10 in-data-flux-sidebar-collapsed-desktop:not-in-data-flux-menu:justify-center hover:bg-zinc-800/5 dark:hover:bg-white/[7%] in-data-flux-menu:hover:bg-zinc-50 dark:in-data-flux-menu:hover:bg-zinc-600 text-zinc-500 in-data-flux-menu:text-zinc-800 hover:text-zinc-800 dark:text-white/80 in-data-flux-menu:dark:text-white dark:hover:text-white">[39m[31m\n
                                    [39m[31m<div class="relative">[39m[31m\n
                                                    [39m[31m<svg class="shrink-0 [:where(&amp;)]:size-6 in-data-flux-menu:text-zinc-400 in-data-flux-menu:dark:text-white/80 in-data-flux-menu:[[data-flux-sidebar-group-dropdown]>[39m[31mbutton:hover_&]:text-current size-4" data-flux-icon xmlns="http://www.w3.org/2000/svg" fill="none" viewBox="0 0 24 24" stroke-width="1.5" stroke="currentColor" aria-hidden="true" data-slot="icon">\n
  [39m[31m<path stroke-linecap="round" stroke-linejoin="round" d="m16.862 4.487 1.687-1.688a1.875 1.875 0 1 1 2.652 2.652L10.582 16.07a4.5 4.5 0 0 1-1.897 1.13L6 18l.8-2.685a4.5 4.5 0 0 1 1.13-1.897l8.932-8.931Zm0 0L19.5 7.125M18 14v4.75A2.25 2.25 0 0 1 15.75 21H5.25A2.25 2.25 0 0 1 3 18.75V8.25A2.25 2.25 0 0 1 5.25 6H10"/>[39m[31m\n
[39m[31m</svg>[39m[31m\n
\n
                                                    [39m[31m</div>[39m[31m\n
                \n
                [39m[31m<span class="hidden in-data-flux-menu:block flex-1 text-start text-sm font-medium leading-none text-zinc-800 dark:text-white">[39m[31mPenilaian &amp; Raport[39m[31m</span>[39m[31m\n
\n
                [39m[31m<div class="hidden in-data-flux-menu:block">[39m[31m\n
                    [39m[31m<svg class="shrink-0 [:where(&amp;)]:size-6 ms-auto size-4 text-zinc-400 [[data-flux-sidebar-group-dropdown]>[39m[31mbutton:hover_&]:text-current rtl:hidden" data-flux-icon xmlns="http://www.w3.org/2000/svg" fill="none" viewBox="0 0 24 24" stroke-width="1.5" stroke="currentColor" aria-hidden="true" data-slot="icon">\n
  [39m[31m<path stroke-linecap="round" stroke-linejoin="round" d="m8.25 4.5 7.5 7.5-7.5 7.5"/>[39m[31m\n
[39m[31m</svg>[39m[31m\n
\n
                            [39m[31m<svg class="shrink-0 [:where(&amp;)]:size-6 ms-auto size-4 text-zinc-400 [[data-flux-sidebar-group-dropdown]>[39m[31mbutton:hover_&]:text-current hidden rtl:inline" data-flux-icon xmlns="http://www.w3.org/2000/svg" fill="none" viewBox="0 0 24 24" stroke-width="1.5" stroke="currentColor" aria-hidden="true" data-slot="icon">\n
  [39m[31m<path stroke-linecap="round" stroke-linejoin="round" d="M15.75 19.5 8.25 12l7.5-7.5"/>[39m[31m\n
[39m[31m</svg>[39m[31m\n
\n
                        [39m[31m</div>[39m[31m\n
            [39m[31m</button>[39m[31m\n
\n
            [39m[31m<ui-menu\n
    class="[:where(&amp;)]:min-w-48 p-[.3125rem] rounded-lg shadow-xs border border-zinc-200 dark:border-zinc-600 bg-white dark:bg-zinc-700 focus:outline-hidden"\n
    popover="manual"\n
    data-flux-menu\n
>[39m[31m\n
    [39m[31m<div class="-mx-[.3125rem] px-[.3125rem] [&amp;+&amp;&gt;[data-flux-menu-separator-top]]:hidden [&amp;:first-child&gt;[data-flux-menu-separator-top]]:hidden [&amp;:last-child&gt;[data-flux-menu-separator-bottom]]:hidden" role="group" data-flux-menu-group>[39m[31m\n
    [39m[31m<div class="-mx-[.3125rem] my-[.3125rem] h-px" data-flux-menu-separator-top="data-flux-menu-separator-top" data-flux-menu-separator>[39m[31m\n
    [39m[31m<div data-orientation="horizontal" role="none" class="border-0 [print-color-adjust:exact] bg-zinc-800/15 dark:bg-white/20 h-px w-full dark:bg-zinc-600!" data-flux-separator>[39m[31m</div>[39m[31m\n
[39m[31m</div>[39m[31m\n
\n
            [39m[31m<div class="p-2 pb-1 w-full flex items-center text-start text-xs font-medium text-zinc-500 font-medium dark:text-zinc-300" data-flux-menu-heading>[39m[31m\n
    [39m[31m<div class="w-7 hidden [[data-flux-menu]:has(>[39m[31m[data-flux-menu-item-has-icon])_&]:block">[39m[31m</div>[39m[31m\n
\n
    [39m[31m<div>[39m[31mPenilaian &amp; Raport[39m[31m</div>[39m[31m\n
[39m[31m</div>[39m[31m\n
                            [39m[31m<ui-tooltip position="right center"  data-flux-tooltip >[39m[31m\n
    [39m[31m<a href="http://simkopkbm.test/admin/assessments/competency" wire:current.ignore="" class="h-8 in-data-flux-sidebar-on-mobile:h-10 relative flex items-center gap-3 rounded-lg in-data-flux-sidebar-collapsed-desktop:w-10 in-data-flux-sidebar-collapsed-desktop:justify-center py-0 text-start w-full px-3 has-data-flux-navlist-badge:not-in-data-flux-sidebar-collapsed-desktop:pe-1.5 my-px text-zinc-500 dark:text-white/80 data-current:text-(--color-accent-content) hover:data-current:text-(--color-accent-content) data-current:bg-white dark:data-current:bg-white/[7%] data-current:border data-current:border-zinc-200 dark:data-current:border-transparent hover:text-zinc-800 dark:hover:text-white dark:hover:bg-white/[7%] hover:bg-zinc-800/5  border border-transparent in-data-flux-sidebar-group-dropdown:w-auto! in-data-flux-sidebar-group-dropdown:px-2! in-data-flux-sidebar-group-dropdown:text-zinc-800! in-data-flux-sidebar-group-dropdown:bg-white! in-data-flux-sidebar-group-dropdown:hover:bg-zinc-50! dark:in-data-flux-sidebar-group-dropdown:text-white! dark:in-data-flux-sidebar-group-dropdown:bg-transparent! dark:in-data-flux-sidebar-group-dropdown:hover:bg-zinc-600!" data-flux-sidebar-item="data-flux-sidebar-item" wire:navigate.hover="">[39m[31m\n
        [39m[31m<div class="relative">[39m[31m\n
                                    [39m[31m<svg class="shrink-0 [:where(&amp;)]:size-6 size-4 in-data-flux-sidebar-group-dropdown:text-zinc-400! dark:in-data-flux-sidebar-group-dropdown:text-white/80! [[data-flux-sidebar-item]:hover_&]:text-current!" data-flux-icon xmlns="http://www.w3.org/2000/svg" fill="none" viewBox="0 0 24 24" stroke-width="1.5" stroke="currentColor" aria-hidden="true" data-slot="icon">[39m[31m\n
  [39m[31m<path stroke-linecap="round" stroke-linejoin="round" d="M11.35 3.836c-.065.21-.1.433-.1.664 0 .414.336.75.75.75h4.5a.75.75 0 0 0 .75-.75 2.25 2.25 0 0 0-.1-.664m-5.8 0A2.251 2.251 0 0 1 13.5 2.25H15c1.012 0 1.867.668 2.15 1.586m-5.8 0c-.376.023-.75.05-1.124.08C9.095 4.01 8.25 4.973 8.25 6.108V8.25m8.9-4.414c.376.023.75.05 1.124.08 1.131.094 1.976 1.057 1.976 2.192V16.5A2.25 2.25 0 0 1 18 18.75h-2.25m-7.5-10.5H4.875c-.621 0-1.125.504-1.125 1.125v11.25c0 .621.504 1.125 1.125 1.125h9.75c.621 0 1.125-.504 1.125-1.125V18.75m-7.5-10.5h6.375c.621 0 1.125.504 1.125 1.125v9.375m-8.25-3 1.5 1.5 3-3.75"/>[39m[31m\n
[39m[31m</svg>[39m[31m\n
\n
                        \n
                            [39m[31m</div>[39m[31m\n
        \n
                    [39m[31m<div class="\n
                in-data-flux-sidebar-collapsed-desktop:not-in-data-flux-sidebar-group-dropdown:hidden\n
                flex-1 text-sm font-medium truncate [[data-nav-footer]_&]:hidden [[data-nav-sidebar]_[data-nav-footer]_&]:block" data-content>[39m[31mPenilaian PAUD[39m[31m</div>[39m[31m\n
    [39m[31m</a>[39m[31m\n
\n
    [39m[31m<div popover="manual" class="relative py-2 px-2.5 rounded-md text-xs text-white font-medium bg-zinc-800 dark:bg-zinc-700 dark:border dark:border-white/10 p-0 overflow-visible not-in-data-flux-sidebar-collapsed-desktop:hidden in-data-flux-sidebar-group-dropdown:hidden cursor-default" data-flux-tooltip-content>[39m[31m\n
        Penilaian PAUD\n
    [39m[31m<span class="ps-1 text-zinc-300">[39m[31m</span>[39m[31m\n
    [39m[31m</div>[39m[31m\n
\n
[39m[31m</ui-tooltip>[39m[31m\n
            \n
\n
            [39m[31m<ui-tooltip position="right center"  data-flux-tooltip >[39m[31m\n
    [39m[31m<a href="http://simkopkbm.test/admin/report-card/grading" wire:current.ignore="" class="h-8 in-data-flux-sidebar-on-mobile:h-10 relative flex items-center gap-3 rounded-lg in-data-flux-sidebar-collapsed-desktop:w-10 in-data-flux-sidebar-collapsed-desktop:justify-center py-0 text-start w-full px-3 has-data-flux-navlist-badge:not-in-data-flux-sidebar-collapsed-desktop:pe-1.5 my-px text-zinc-500 dark:text-white/80 data-current:text-(--color-accent-content) hover:data-current:text-(--color-accent-content) data-current:bg-white dark:data-current:bg-white/[7%] data-current:border data-current:border-zinc-200 dark:data-current:border-transparent hover:text-zinc-800 dark:hover:text-white dark:hover:bg-white/[7%] hover:bg-zinc-800/5  border border-transparent in-data-flux-sidebar-group-dropdown:w-auto! in-data-flux-sidebar-group-dropdown:px-2! in-data-flux-sidebar-group-dropdown:text-zinc-800! in-data-flux-sidebar-group-dropdown:bg-white! in-data-flux-sidebar-group-dropdown:hover:bg-zinc-50! dark:in-data-flux-sidebar-group-dropdown:text-white! dark:in-data-flux-sidebar-group-dropdown:bg-transparent! dark:in-data-flux-sidebar-group-dropdown:hover:bg-zinc-600!" data-flux-sidebar-item="data-flux-sidebar-item" wire:navigate.hover="">[39m[31m\n
        [39m[31m<div class="relative">[39m[31m\n
                                    [39m[31m<svg class="shrink-0 [:where(&amp;)]:size-6 size-4 in-data-flux-sidebar-group-dropdown:text-zinc-400! dark:in-data-flux-sidebar-group-dropdown:text-white/80! [[data-flux-sidebar-item]:hover_&]:text-current!" data-flux-icon xmlns="http://www.w3.org/2000/svg" fill="none" viewBox="0 0 24 24" stroke-width="1.5" stroke="currentColor" aria-hidden="true" data-slot="icon">[39m[31m\n
  [39m[31m<path stroke-linecap="round" stroke-linejoin="round" d="M19.5 14.25v-2.625a3.375 3.375 0 0 0-3.375-3.375h-1.5A1.125 1.125 0 0 1 13.5 7.125v-1.5a3.375 3.375 0 0 0-3.375-3.375H8.25M9 16.5v.75m3-3v3M15 12v5.25m-4.5-15H5.625c-.621 0-1.125.504-1.125 1.125v17.25c0 .621.504 1.125 1.125 1.125h12.75c.621 0 1.125-.504 1.125-1.125V11.25a9 9 0 0 0-9-9Z"/>[39m[31m\n
[39m[31m</svg>[39m[31m\n
\n
                        \n
                            [39m[31m</div>[39m[31m\n
        \n
                    [39m[31m<div class="\n
                in-data-flux-sidebar-collapsed-desktop:not-in-data-flux-sidebar-group-dropdown:hidden\n
                flex-1 text-sm font-medium truncate [[data-nav-footer]_&]:hidden [[data-nav-sidebar]_[data-nav-footer]_&]:block" data-content>[39m[31mRaport Kesetaraan[39m[31m</div>[39m[31m\n
    [39m[31m</a>[39m[31m\n
\n
    [39m[31m<div popover="manual" class="relative py-2 px-2.5 rounded-md text-xs text-white font-medium bg-zinc-800 dark:bg-zinc-700 dark:border dark:border-white/10 p-0 overflow-visible not-in-data-flux-sidebar-collapsed-desktop:hidden in-data-flux-sidebar-group-dropdown:hidden cursor-default" data-flux-tooltip-content>[39m[31m\n
        Raport Kesetaraan\n
    [39m[31m<span class="ps-1 text-zinc-300">[39m[31m</span>[39m[31m\n
    [39m[31m</div>[39m[31m\n
\n
[39m[31m</ui-tooltip>[39m[31m\n
        [39m[31m<div class="-mx-[.3125rem] my-[.3125rem] h-px" data-flux-menu-separator-bottom="data-flux-menu-separator-bottom" data-flux-menu-separator>[39m[31m\n
    [39m[31m<div data-orientation="horizontal" role="none" class="border-0 [print-color-adjust:exact] bg-zinc-800/15 dark:bg-white/20 h-px w-full dark:bg-zinc-600!" data-flux-separator>[39m[31m</div>[39m[31m\n
[39m[31m</div>[39m[31m\n
[39m[31m</div>[39m[31m\n
[39m[31m</ui-menu>[39m[31m\n
[39m[31m</ui-dropdown>[39m[31m\n
    \n
\n
\n
\n
                    <!-- Keuangan -->\n
            [39m[31m<ui-disclosure class="group/disclosure in-data-flux-sidebar-collapsed-desktop:hidden grid"  open  data-flux-sidebar-group>[39m[31m\n
            [39m[31m<button type="button" class="border-1 border-transparent w-full h-8 in-data-flux-sidebar-on-mobile:h-10 flex items-center group/disclosure-button mb-[2px] rounded-lg hover:bg-zinc-800/5 dark:hover:bg-white/[7%] text-zinc-500 hover:text-zinc-800 dark:text-white/80 dark:hover:text-white">[39m[31m\n
                [39m[31m<div class="px-3">[39m[31m\n
                                            [39m[31m<svg class="shrink-0 [:where(&amp;)]:size-6 size-4" data-flux-icon xmlns="http://www.w3.org/2000/svg" fill="none" viewBox="0 0 24 24" stroke-width="1.5" stroke="currentColor" aria-hidden="true" data-slot="icon">[39m[31m\n
  [39m[31m<path stroke-linecap="round" stroke-linejoin="round" d="M2.25 18.75a60.07 60.07 0 0 1 15.797 2.101c.727.198 1.453-.342 1.453-1.096V18.75M3.75 4.5v.75A.75.75 0 0 1 3 6h-.75m0 0v-.375c0-.621.504-1.125 1.125-1.125H20.25M2.25 6v9m18-10.5v.75c0 .414.336.75.75.75h.75m-1.5-1.5h.375c.621 0 1.125.504 1.125 1.125v9.75c0 .621-.504 1.125-1.125 1.125h-.375m1.5-1.5H21a.75.75 0 0 0-.75.75v.75m0 0H3.75m0 0h-.375a1.125 1.125 0 0 1-1.125-1.125V15m1.5 1.5v-.75A.75.75 0 0 0 3 15h-.75M15 10.5a3 3 0 1 1-6 0 3 3 0 0 1 6 0Zm3 0h.008v.008H18V10.5Zm-12 0h.008v.008H6V10.5Z"/>[39m[31m\n
[39m[31m</svg>[39m[31m\n
\n
                                            [39m[31m</div>[39m[31m\n
\n
                [39m[31m<span class="flex-1 text-left rtl:text-right text-sm font-medium leading-none">[39m[31mKeuangan[39m[31m</span>[39m[31m\n
\n
                [39m[31m<div class="ps-3 pe-2.5">[39m[31m\n
                    [39m[31m<svg class="shrink-0 [:where(&amp;)]:size-6 size-3! hidden group-data-open/disclosure-button:block" data-flux-icon xmlns="http://www.w3.org/2000/svg" fill="none" viewBox="0 0 24 24" stroke-width="1.5" stroke="currentColor" aria-hidden="true" data-slot="icon">[39m[31m\n
  [39m[31m<path stroke-linecap="round" stroke-linejoin="round" d="m19.5 8.25-7.5 7.5-7.5-7.5"/>[39m[31m\n
[39m[31m</svg>[39m[31m\n
\n
                            [39m[31m<svg class="shrink-0 [:where(&amp;)]:size-6 size-3! block group-data-open/disclosure-button:hidden rtl:rotate-180" data-flux-icon xmlns="http://www.w3.org/2000/svg" fill="none" viewBox="0 0 24 24" stroke-width="1.5" stroke="currentColor" aria-hidden="true" data-slot="icon">[39m[31m\n
  [39m[31m<path stroke-linecap="round" stroke-linejoin="round" d="m8.25 4.5 7.5 7.5-7.5 7.5"/>[39m[31m\n
[39m[31m</svg>[39m[31m\n
\n
                        [39m[31m</div>[39m[31m\n
            [39m[31m</button>[39m[31m\n
\n
            [39m[31m<div class="relative hidden data-open:block space-y-[2px] ps-7"  data-open >[39m[31m\n
                [39m[31m<div class="absolute inset-y-[3px] w-px bg-zinc-200 dark:bg-white/30 start-0 ms-5">[39m[31m</div>[39m[31m\n
                [39m[31m<ui-tooltip position="right center"  data-flux-tooltip >[39m[31m\n
    [39m[31m<a href="http://simkopkbm.test/admin/financial/transactions" wire:current.ignore="" class="h-8 in-data-flux-sidebar-on-mobile:h-10 relative flex items-center gap-3 rounded-lg in-data-flux-sidebar-collapsed-desktop:w-10 in-data-flux-sidebar-collapsed-desktop:justify-center py-0 text-start w-full px-3 has-data-flux-navlist-badge:not-in-data-flux-sidebar-collapsed-desktop:pe-1.5 my-px text-zinc-500 dark:text-white/80 data-current:text-(--color-accent-content) hover:data-current:text-(--color-accent-content) data-current:bg-white dark:data-current:bg-white/[7%] data-current:border data-current:border-zinc-200 dark:data-current:border-transparent hover:text-zinc-800 dark:hover:text-white dark:hover:bg-white/[7%] hover:bg-zinc-800/5  border border-transparent in-data-flux-sidebar-group-dropdown:w-auto! in-data-flux-sidebar-group-dropdown:px-2! in-data-flux-sidebar-group-dropdown:text-zinc-800! in-data-flux-sidebar-group-dropdown:bg-white! in-data-flux-sidebar-group-dropdown:hover:bg-zinc-50! dark:in-data-flux-sidebar-group-dropdown:text-white! dark:in-data-flux-sidebar-group-dropdown:bg-transparent! dark:in-data-flux-sidebar-group-dropdown:hover:bg-zinc-600!" data-flux-sidebar-item="data-flux-sidebar-item" wire:navigate.hover="">[39m[31m\n
        [39m[31m<div class="relative">[39m[31m\n
                                    [39m[31m<svg class="shrink-0 [:where(&amp;)]:size-6 size-4 in-data-flux-sidebar-group-dropdown:text-zinc-400! dark:in-data-flux-sidebar-group-dropdown:text-white/80! [[data-flux-sidebar-item]:hover_&]:text-current!" data-flux-icon xmlns="http://www.w3.org/2000/svg" fill="none" viewBox="0 0 24 24" stroke-width="1.5" stroke="currentColor" aria-hidden="true" data-slot="icon">[39m[31m\n
  [39m[31m<path stroke-linecap="round" stroke-linejoin="round" d="M21 12a2.25 2.25 0 0 0-2.25-2.25H15a3 3 0 1 1-6 0H5.25A2.25 2.25 0 0 0 3 12m18 0v6a2.25 2.25 0 0 1-2.25 2.25H5.25A2.25 2.25 0 0 1 3 18v-6m18 0V9M3 12V9m18 0a2.25 2.25 0 0 0-2.25-2.25H5.25A2.25 2.25 0 0 0 3 9m18 0V6a2.25 2.25 0 0 0-2.25-2.25H5.25A2.25 2.25 0 0 0 3 6v3"/>[39m[31m\n
[39m[31m</svg>[39m[31m\n
\n
                        \n
                            [39m[31m</div>[39m[31m\n
        \n
                    [39m[31m<div class="\n
                in-data-flux-sidebar-collapsed-desktop:not-in-data-flux-sidebar-group-dropdown:hidden\n
                flex-1 text-sm font-medium truncate [[data-nav-footer]_&]:hidden [[data-nav-sidebar]_[data-nav-footer]_&]:block" data-content>[39m[31mTransaksi Keuangan[39m[31m</div>[39m[31m\n
    [39m[31m</a>[39m[31m\n
\n
    [39m[31m<div popover="manual" class="relative py-2 px-2.5 rounded-md text-xs text-white font-medium bg-zinc-800 dark:bg-zinc-700 dark:border dark:border-white/10 p-0 overflow-visible not-in-data-flux-sidebar-collapsed-desktop:hidden in-data-flux-sidebar-group-dropdown:hidden cursor-default" data-flux-tooltip-content>[39m[31m\n
        Transaksi Keuangan\n
    [39m[31m<span class="ps-1 text-zinc-300">[39m[31m</span>[39m[31m\n
    [39m[31m</div>[39m[31m\n
\n
[39m[31m</ui-tooltip>[39m[31m\n
                [39m[31m<ui-tooltip position="right center"  data-flux-tooltip >[39m[31m\n
    [39m[31m<a href="http://simkopkbm.test/admin/financial/budget-plans" wire:current.ignore="" class="h-8 in-data-flux-sidebar-on-mobile:h-10 relative flex items-center gap-3 rounded-lg in-data-flux-sidebar-collapsed-desktop:w-10 in-data-flux-sidebar-collapsed-desktop:justify-center py-0 text-start w-full px-3 has-data-flux-navlist-badge:not-in-data-flux-sidebar-collapsed-desktop:pe-1.5 my-px text-zinc-500 dark:text-white/80 data-current:text-(--color-accent-content) hover:data-current:text-(--color-accent-content) data-current:bg-white dark:data-current:bg-white/[7%] data-current:border data-current:border-zinc-200 dark:data-current:border-transparent hover:text-zinc-800 dark:hover:text-white dark:hover:bg-white/[7%] hover:bg-zinc-800/5  border border-transparent in-data-flux-sidebar-group-dropdown:w-auto! in-data-flux-sidebar-group-dropdown:px-2! in-data-flux-sidebar-group-dropdown:text-zinc-800! in-data-flux-sidebar-group-dropdown:bg-white! in-data-flux-sidebar-group-dropdown:hover:bg-zinc-50! dark:in-data-flux-sidebar-group-dropdown:text-white! dark:in-data-flux-sidebar-group-dropdown:bg-transparent! dark:in-data-flux-sidebar-group-dropdown:hover:bg-zinc-600!" data-flux-sidebar-item="data-flux-sidebar-item" wire:navigate.hover="">[39m[31m\n
        [39m[31m<div class="relative">[39m[31m\n
                                    [39m[31m<svg class="shrink-0 [:where(&amp;)]:size-6 size-4 in-data-flux-sidebar-group-dropdown:text-zinc-400! dark:in-data-flux-sidebar-group-dropdown:text-white/80! [[data-flux-sidebar-item]:hover_&]:text-current!" data-flux-icon xmlns="http://www.w3.org/2000/svg" fill="none" viewBox="0 0 24 24" stroke-width="1.5" stroke="currentColor" aria-hidden="true" data-slot="icon">[39m[31m\n
  [39m[31m<path stroke-linecap="round" stroke-linejoin="round" d="M19.5 14.25v-2.625a3.375 3.375 0 0 0-3.375-3.375h-1.5A1.125 1.125 0 0 1 13.5 7.125v-1.5a3.375 3.375 0 0 0-3.375-3.375H8.25m3.75 9v7.5m2.25-6.466a9.016 9.016 0 0 0-3.461-.203c-.536.072-.974.478-1.021 1.017a4.559 4.559 0 0 0-.018.402c0 .464.336.844.775.994l2.95 1.012c.44.15.775.53.775.994 0 .136-.006.27-.018.402-.047.539-.485.945-1.021 1.017a9.077 9.077 0 0 1-3.461-.203M10.5 2.25H5.625c-.621 0-1.125.504-1.125 1.125v17.25c0 .621.504 1.125 1.125 1.125h12.75c.621 0 1.125-.504 1.125-1.125V11.25a9 9 0 0 0-9-9Z"/>[39m[31m\n
[39m[31m</svg>[39m[31m\n
\n
                        \n
                            [39m[31m</div>[39m[31m\n
        \n
                    [39m[31m<div class="\n
                in-data-flux-sidebar-collapsed-desktop:not-in-data-flux-sidebar-group-dropdown:hidden\n
                flex-1 text-sm font-medium truncate [[data-nav-footer]_&]:hidden [[data-nav-sidebar]_[data-nav-footer]_&]:block" data-content>[39m[31mRAB / Anggaran[39m[31m</div>[39m[31m\n
    [39m[31m</a>[39m[31m\n
\n
    [39m[31m<div popover="manual" class="relative py-2 px-2.5 rounded-md text-xs text-white font-medium bg-zinc-800 dark:bg-zinc-700 dark:border dark:border-white/10 p-0 overflow-visible not-in-data-flux-sidebar-collapsed-desktop:hidden in-data-flux-sidebar-group-dropdown:hidden cursor-default" data-flux-tooltip-content>[39m[31m\n
        RAB / Anggaran\n
    [39m[31m<span class="ps-1 text-zinc-300">[39m[31m</span>[39m[31m\n
    [39m[31m</div>[39m[31m\n
\n
[39m[31m</ui-tooltip>[39m[31m\n
            [39m[31m</div>[39m[31m\n
        [39m[31m</ui-disclosure>[39m[31m\n
\n
        [39m[31m<ui-dropdown position="right start" hover="hover" class="in-data-flux-sidebar-on-mobile:hidden not-in-data-flux-sidebar-collapsed-desktop:hidden" data-flux-sidebar-group-dropdown="data-flux-sidebar-group-dropdown" data-flux-dropdown>[39m[31m\n
    [39m[31m<button type="button" class="border-1 border-transparent w-full px-3 in-data-flux-menu:px-2 h-8 flex gap-3 items-center group/disclosure-button mb-[2px] rounded-lg in-data-flux-sidebar-collapsed-desktop:not-in-data-flux-menu:w-10 in-data-flux-sidebar-collapsed-desktop:not-in-data-flux-menu:justify-center hover:bg-zinc-800/5 dark:hover:bg-white/[7%] in-data-flux-menu:hover:bg-zinc-50 dark:in-data-flux-menu:hover:bg-zinc-600 text-zinc-500 in-data-flux-menu:text-zinc-800 hover:text-zinc-800 dark:text-white/80 in-data-flux-menu:dark:text-white dark:hover:text-white">[39m[31m\n
                                    [39m[31m<div class="relative">[39m[31m\n
                                                    [39m[31m<svg class="shrink-0 [:where(&amp;)]:size-6 in-data-flux-menu:text-zinc-400 in-data-flux-menu:dark:text-white/80 in-data-flux-menu:[[data-flux-sidebar-group-dropdown]>[39m[31mbutton:hover_&]:text-current size-4" data-flux-icon xmlns="http://www.w3.org/2000/svg" fill="none" viewBox="0 0 24 24" stroke-width="1.5" stroke="currentColor" aria-hidden="true" data-slot="icon">\n
  [39m[31m<path stroke-linecap="round" stroke-linejoin="round" d="M2.25 18.75a60.07 60.07 0 0 1 15.797 2.101c.727.198 1.453-.342 1.453-1.096V18.75M3.75 4.5v.75A.75.75 0 0 1 3 6h-.75m0 0v-.375c0-.621.504-1.125 1.125-1.125H20.25M2.25 6v9m18-10.5v.75c0 .414.336.75.75.75h.75m-1.5-1.5h.375c.621 0 1.125.504 1.125 1.125v9.75c0 .621-.504 1.125-1.125 1.125h-.375m1.5-1.5H21a.75.75 0 0 0-.75.75v.75m0 0H3.75m0 0h-.375a1.125 1.125 0 0 1-1.125-1.125V15m1.5 1.5v-.75A.75.75 0 0 0 3 15h-.75M15 10.5a3 3 0 1 1-6 0 3 3 0 0 1 6 0Zm3 0h.008v.008H18V10.5Zm-12 0h.008v.008H6V10.5Z"/>[39m[31m\n
[39m[31m</svg>[39m[31m\n
\n
                                                    [39m[31m</div>[39m[31m\n
                \n
                [39m[31m<span class="hidden in-data-flux-menu:block flex-1 text-start text-sm font-medium leading-none text-zinc-800 dark:text-white">[39m[31mKeuangan[39m[31m</span>[39m[31m\n
\n
                [39m[31m<div class="hidden in-data-flux-menu:block">[39m[31m\n
                    [39m[31m<svg class="shrink-0 [:where(&amp;)]:size-6 ms-auto size-4 text-zinc-400 [[data-flux-sidebar-group-dropdown]>[39m[31mbutton:hover_&]:text-current rtl:hidden" data-flux-icon xmlns="http://www.w3.org/2000/svg" fill="none" viewBox="0 0 24 24" stroke-width="1.5" stroke="currentColor" aria-hidden="true" data-slot="icon">\n
  [39m[31m<path stroke-linecap="round" stroke-linejoin="round" d="m8.25 4.5 7.5 7.5-7.5 7.5"/>[39m[31m\n
[39m[31m</svg>[39m[31m\n
\n
                            [39m[31m<svg class="shrink-0 [:where(&amp;)]:size-6 ms-auto size-4 text-zinc-400 [[data-flux-sidebar-group-dropdown]>[39m[31mbutton:hover_&]:text-current hidden rtl:inline" data-flux-icon xmlns="http://www.w3.org/2000/svg" fill="none" viewBox="0 0 24 24" stroke-width="1.5" stroke="currentColor" aria-hidden="true" data-slot="icon">\n
  [39m[31m<path stroke-linecap="round" stroke-linejoin="round" d="M15.75 19.5 8.25 12l7.5-7.5"/>[39m[31m\n
[39m[31m</svg>[39m[31m\n
\n
                        [39m[31m</div>[39m[31m\n
            [39m[31m</button>[39m[31m\n
\n
            [39m[31m<ui-menu\n
    class="[:where(&amp;)]:min-w-48 p-[.3125rem] rounded-lg shadow-xs border border-zinc-200 dark:border-zinc-600 bg-white dark:bg-zinc-700 focus:outline-hidden"\n
    popover="manual"\n
    data-flux-menu\n
>[39m[31m\n
    [39m[31m<div class="-mx-[.3125rem] px-[.3125rem] [&amp;+&amp;&gt;[data-flux-menu-separator-top]]:hidden [&amp;:first-child&gt;[data-flux-menu-separator-top]]:hidden [&amp;:last-child&gt;[data-flux-menu-separator-bottom]]:hidden" role="group" data-flux-menu-group>[39m[31m\n
    [39m[31m<div class="-mx-[.3125rem] my-[.3125rem] h-px" data-flux-menu-separator-top="data-flux-menu-separator-top" data-flux-menu-separator>[39m[31m\n
    [39m[31m<div data-orientation="horizontal" role="none" class="border-0 [print-color-adjust:exact] bg-zinc-800/15 dark:bg-white/20 h-px w-full dark:bg-zinc-600!" data-flux-separator>[39m[31m</div>[39m[31m\n
[39m[31m</div>[39m[31m\n
\n
            [39m[31m<div class="p-2 pb-1 w-full flex items-center text-start text-xs font-medium text-zinc-500 font-medium dark:text-zinc-300" data-flux-menu-heading>[39m[31m\n
    [39m[31m<div class="w-7 hidden [[data-flux-menu]:has(>[39m[31m[data-flux-menu-item-has-icon])_&]:block">[39m[31m</div>[39m[31m\n
\n
    [39m[31m<div>[39m[31mKeuangan[39m[31m</div>[39m[31m\n
[39m[31m</div>[39m[31m\n
                [39m[31m<ui-tooltip position="right center"  data-flux-tooltip >[39m[31m\n
    [39m[31m<a href="http://simkopkbm.test/admin/financial/transactions" wire:current.ignore="" class="h-8 in-data-flux-sidebar-on-mobile:h-10 relative flex items-center gap-3 rounded-lg in-data-flux-sidebar-collapsed-desktop:w-10 in-data-flux-sidebar-collapsed-desktop:justify-center py-0 text-start w-full px-3 has-data-flux-navlist-badge:not-in-data-flux-sidebar-collapsed-desktop:pe-1.5 my-px text-zinc-500 dark:text-white/80 data-current:text-(--color-accent-content) hover:data-current:text-(--color-accent-content) data-current:bg-white dark:data-current:bg-white/[7%] data-current:border data-current:border-zinc-200 dark:data-current:border-transparent hover:text-zinc-800 dark:hover:text-white dark:hover:bg-white/[7%] hover:bg-zinc-800/5  border border-transparent in-data-flux-sidebar-group-dropdown:w-auto! in-data-flux-sidebar-group-dropdown:px-2! in-data-flux-sidebar-group-dropdown:text-zinc-800! in-data-flux-sidebar-group-dropdown:bg-white! in-data-flux-sidebar-group-dropdown:hover:bg-zinc-50! dark:in-data-flux-sidebar-group-dropdown:text-white! dark:in-data-flux-sidebar-group-dropdown:bg-transparent! dark:in-data-flux-sidebar-group-dropdown:hover:bg-zinc-600!" data-flux-sidebar-item="data-flux-sidebar-item" wire:navigate.hover="">[39m[31m\n
        [39m[31m<div class="relative">[39m[31m\n
                                    [39m[31m<svg class="shrink-0 [:where(&amp;)]:size-6 size-4 in-data-flux-sidebar-group-dropdown:text-zinc-400! dark:in-data-flux-sidebar-group-dropdown:text-white/80! [[data-flux-sidebar-item]:hover_&]:text-current!" data-flux-icon xmlns="http://www.w3.org/2000/svg" fill="none" viewBox="0 0 24 24" stroke-width="1.5" stroke="currentColor" aria-hidden="true" data-slot="icon">[39m[31m\n
  [39m[31m<path stroke-linecap="round" stroke-linejoin="round" d="M21 12a2.25 2.25 0 0 0-2.25-2.25H15a3 3 0 1 1-6 0H5.25A2.25 2.25 0 0 0 3 12m18 0v6a2.25 2.25 0 0 1-2.25 2.25H5.25A2.25 2.25 0 0 1 3 18v-6m18 0V9M3 12V9m18 0a2.25 2.25 0 0 0-2.25-2.25H5.25A2.25 2.25 0 0 0 3 9m18 0V6a2.25 2.25 0 0 0-2.25-2.25H5.25A2.25 2.25 0 0 0 3 6v3"/>[39m[31m\n
[39m[31m</svg>[39m[31m\n
\n
                        \n
                            [39m[31m</div>[39m[31m\n
        \n
                    [39m[31m<div class="\n
                in-data-flux-sidebar-collapsed-desktop:not-in-data-flux-sidebar-group-dropdown:hidden\n
                flex-1 text-sm font-medium truncate [[data-nav-footer]_&]:hidden [[data-nav-sidebar]_[data-nav-footer]_&]:block" data-content>[39m[31mTransaksi Keuangan[39m[31m</div>[39m[31m\n
    [39m[31m</a>[39m[31m\n
\n
    [39m[31m<div popover="manual" class="relative py-2 px-2.5 rounded-md text-xs text-white font-medium bg-zinc-800 dark:bg-zinc-700 dark:border dark:border-white/10 p-0 overflow-visible not-in-data-flux-sidebar-collapsed-desktop:hidden in-data-flux-sidebar-group-dropdown:hidden cursor-default" data-flux-tooltip-content>[39m[31m\n
        Transaksi Keuangan\n
    [39m[31m<span class="ps-1 text-zinc-300">[39m[31m</span>[39m[31m\n
    [39m[31m</div>[39m[31m\n
\n
[39m[31m</ui-tooltip>[39m[31m\n
                [39m[31m<ui-tooltip position="right center"  data-flux-tooltip >[39m[31m\n
    [39m[31m<a href="http://simkopkbm.test/admin/financial/budget-plans" wire:current.ignore="" class="h-8 in-data-flux-sidebar-on-mobile:h-10 relative flex items-center gap-3 rounded-lg in-data-flux-sidebar-collapsed-desktop:w-10 in-data-flux-sidebar-collapsed-desktop:justify-center py-0 text-start w-full px-3 has-data-flux-navlist-badge:not-in-data-flux-sidebar-collapsed-desktop:pe-1.5 my-px text-zinc-500 dark:text-white/80 data-current:text-(--color-accent-content) hover:data-current:text-(--color-accent-content) data-current:bg-white dark:data-current:bg-white/[7%] data-current:border data-current:border-zinc-200 dark:data-current:border-transparent hover:text-zinc-800 dark:hover:text-white dark:hover:bg-white/[7%] hover:bg-zinc-800/5  border border-transparent in-data-flux-sidebar-group-dropdown:w-auto! in-data-flux-sidebar-group-dropdown:px-2! in-data-flux-sidebar-group-dropdown:text-zinc-800! in-data-flux-sidebar-group-dropdown:bg-white! in-data-flux-sidebar-group-dropdown:hover:bg-zinc-50! dark:in-data-flux-sidebar-group-dropdown:text-white! dark:in-data-flux-sidebar-group-dropdown:bg-transparent! dark:in-data-flux-sidebar-group-dropdown:hover:bg-zinc-600!" data-flux-sidebar-item="data-flux-sidebar-item" wire:navigate.hover="">[39m[31m\n
        [39m[31m<div class="relative">[39m[31m\n
                                    [39m[31m<svg class="shrink-0 [:where(&amp;)]:size-6 size-4 in-data-flux-sidebar-group-dropdown:text-zinc-400! dark:in-data-flux-sidebar-group-dropdown:text-white/80! [[data-flux-sidebar-item]:hover_&]:text-current!" data-flux-icon xmlns="http://www.w3.org/2000/svg" fill="none" viewBox="0 0 24 24" stroke-width="1.5" stroke="currentColor" aria-hidden="true" data-slot="icon">[39m[31m\n
  [39m[31m<path stroke-linecap="round" stroke-linejoin="round" d="M19.5 14.25v-2.625a3.375 3.375 0 0 0-3.375-3.375h-1.5A1.125 1.125 0 0 1 13.5 7.125v-1.5a3.375 3.375 0 0 0-3.375-3.375H8.25m3.75 9v7.5m2.25-6.466a9.016 9.016 0 0 0-3.461-.203c-.536.072-.974.478-1.021 1.017a4.559 4.559 0 0 0-.018.402c0 .464.336.844.775.994l2.95 1.012c.44.15.775.53.775.994 0 .136-.006.27-.018.402-.047.539-.485.945-1.021 1.017a9.077 9.077 0 0 1-3.461-.203M10.5 2.25H5.625c-.621 0-1.125.504-1.125 1.125v17.25c0 .621.504 1.125 1.125 1.125h12.75c.621 0 1.125-.504 1.125-1.125V11.25a9 9 0 0 0-9-9Z"/>[39m[31m\n
[39m[31m</svg>[39m[31m\n
\n
                        \n
                            [39m[31m</div>[39m[31m\n
        \n
                    [39m[31m<div class="\n
                in-data-flux-sidebar-collapsed-desktop:not-in-data-flux-sidebar-group-dropdown:hidden\n
                flex-1 text-sm font-medium truncate [[data-nav-footer]_&]:hidden [[data-nav-sidebar]_[data-nav-footer]_&]:block" data-content>[39m[31mRAB / Anggaran[39m[31m</div>[39m[31m\n
    [39m[31m</a>[39m[31m\n
\n
    [39m[31m<div popover="manual" class="relative py-2 px-2.5 rounded-md text-xs text-white font-medium bg-zinc-800 dark:bg-zinc-700 dark:border dark:border-white/10 p-0 overflow-visible not-in-data-flux-sidebar-collapsed-desktop:hidden in-data-flux-sidebar-group-dropdown:hidden cursor-default" data-flux-tooltip-content>[39m[31m\n
        RAB / Anggaran\n
    [39m[31m<span class="ps-1 text-zinc-300">[39m[31m</span>[39m[31m\n
    [39m[31m</div>[39m[31m\n
\n
[39m[31m</ui-tooltip>[39m[31m\n
            [39m[31m<div class="-mx-[.3125rem] my-[.3125rem] h-px" data-flux-menu-separator-bottom="data-flux-menu-separator-bottom" data-flux-menu-separator>[39m[31m\n
    [39m[31m<div data-orientation="horizontal" role="none" class="border-0 [print-color-adjust:exact] bg-zinc-800/15 dark:bg-white/20 h-px w-full dark:bg-zinc-600!" data-flux-separator>[39m[31m</div>[39m[31m\n
[39m[31m</div>[39m[31m\n
[39m[31m</div>[39m[31m\n
[39m[31m</ui-menu>[39m[31m\n
[39m[31m</ui-dropdown>[39m[31m\n
    \n
\n
\n
\n
            <!-- Konten Web - Moved to horizontal header navigation -->\n
            [39m[31m<ui-tooltip position="right center"  data-flux-tooltip >[39m[31m\n
    [39m[31m<a href="http://simkopkbm.test/admin/profil-sekolah" wire:current.ignore="" class="h-8 in-data-flux-sidebar-on-mobile:h-10 relative flex items-center gap-3 rounded-lg in-data-flux-sidebar-collapsed-desktop:w-10 in-data-flux-sidebar-collapsed-desktop:justify-center py-0 text-start w-full px-3 has-data-flux-navlist-badge:not-in-data-flux-sidebar-collapsed-desktop:pe-1.5 my-px text-zinc-500 dark:text-white/80 data-current:text-(--color-accent-content) hover:data-current:text-(--color-accent-content) data-current:bg-white dark:data-current:bg-white/[7%] data-current:border data-current:border-zinc-200 dark:data-current:border-transparent hover:text-zinc-800 dark:hover:text-white dark:hover:bg-white/[7%] hover:bg-zinc-800/5  border border-transparent in-data-flux-sidebar-group-dropdown:w-auto! in-data-flux-sidebar-group-dropdown:px-2! in-data-flux-sidebar-group-dropdown:text-zinc-800! in-data-flux-sidebar-group-dropdown:bg-white! in-data-flux-sidebar-group-dropdown:hover:bg-zinc-50! dark:in-data-flux-sidebar-group-dropdown:text-white! dark:in-data-flux-sidebar-group-dropdown:bg-transparent! dark:in-data-flux-sidebar-group-dropdown:hover:bg-zinc-600!" data-flux-sidebar-item="data-flux-sidebar-item" wire:navigate.hover="">[39m[31m\n
        [39m[31m<div class="relative">[39m[31m\n
                                    [39m[31m<svg class="shrink-0 [:where(&amp;)]:size-6 size-4 in-data-flux-sidebar-group-dropdown:text-zinc-400! dark:in-data-flux-sidebar-group-dropdown:text-white/80! [[data-flux-sidebar-item]:hover_&]:text-current!" data-flux-icon xmlns="http://www.w3.org/2000/svg" fill="none" viewBox="0 0 24 24" stroke-width="1.5" stroke="currentColor" aria-hidden="true" data-slot="icon">[39m[31m\n
  [39m[31m<path stroke-linecap="round" stroke-linejoin="round" d="M12 21a9.004 9.004 0 0 0 8.716-6.747M12 21a9.004 9.004 0 0 1-8.716-6.747M12 21c2.485 0 4.5-4.03 4.5-9S14.485 3 12 3m0 18c-2.485 0-4.5-4.03-4.5-9S9.515 3 12 3m0 0a8.997 8.997 0 0 1 7.843 4.582M12 3a8.997 8.997 0 0 0-7.843 4.582m15.686 0A11.953 11.953 0 0 1 12 10.5c-2.998 0-5.74-1.1-7.843-2.918m15.686 0A8.959 8.959 0 0 1 21 12c0 .778-.099 1.533-.284 2.253m0 0A17.919 17.919 0 0 1 12 16.5c-3.162 0-6.133-.815-8.716-2.247m0 0A9.015 9.015 0 0 1 3 12c0-1.605.42-3.113 1.157-4.418"/>[39m[31m\n
[39m[31m</svg>[39m[31m\n
\n
                        \n
                            [39m[31m</div>[39m[31m\n
        \n
                    [39m[31m<div class="\n
                in-data-flux-sidebar-collapsed-desktop:not-in-data-flux-sidebar-group-dropdown:hidden\n
                flex-1 text-sm font-medium truncate [[data-nav-footer]_&]:hidden [[data-nav-sidebar]_[data-nav-footer]_&]:block" data-content>[39m[31mKonten Web[39m[31m</div>[39m[31m\n
    [39m[31m</a>[39m[31m\n
\n
    [39m[31m<div popover="manual" class="relative py-2 px-2.5 rounded-md text-xs text-white font-medium bg-zinc-800 dark:bg-zinc-700 dark:border dark:border-white/10 p-0 overflow-visible not-in-data-flux-sidebar-collapsed-desktop:hidden in-data-flux-sidebar-group-dropdown:hidden cursor-default" data-flux-tooltip-content>[39m[31m\n
        Konten Web\n
    [39m[31m<span class="ps-1 text-zinc-300">[39m[31m</span>[39m[31m\n
    [39m[31m</div>[39m[31m\n
\n
[39m[31m</ui-tooltip>[39m[31m\n
\n
\n
            <!-- Laporan -->\n
            [39m[31m<ui-tooltip position="right center"  data-flux-tooltip >[39m[31m\n
    [39m[31m<a href="http://simkopkbm.test/admin/reports" wire:current.ignore="" class="h-8 in-data-flux-sidebar-on-mobile:h-10 relative flex items-center gap-3 rounded-lg in-data-flux-sidebar-collapsed-desktop:w-10 in-data-flux-sidebar-collapsed-desktop:justify-center py-0 text-start w-full px-3 has-data-flux-navlist-badge:not-in-data-flux-sidebar-collapsed-desktop:pe-1.5 my-px text-zinc-500 dark:text-white/80 data-current:text-(--color-accent-content) hover:data-current:text-(--color-accent-content) data-current:bg-white dark:data-current:bg-white/[7%] data-current:border data-current:border-zinc-200 dark:data-current:border-transparent hover:text-zinc-800 dark:hover:text-white dark:hover:bg-white/[7%] hover:bg-zinc-800/5  border border-transparent in-data-flux-sidebar-group-dropdown:w-auto! in-data-flux-sidebar-group-dropdown:px-2! in-data-flux-sidebar-group-dropdown:text-zinc-800! in-data-flux-sidebar-group-dropdown:bg-white! in-data-flux-sidebar-group-dropdown:hover:bg-zinc-50! dark:in-data-flux-sidebar-group-dropdown:text-white! dark:in-data-flux-sidebar-group-dropdown:bg-transparent! dark:in-data-flux-sidebar-group-dropdown:hover:bg-zinc-600! mt-3" data-flux-sidebar-item="data-flux-sidebar-item" wire:navigate.hover="">[39m[31m\n
        [39m[31m<div class="relative">[39m[31m\n
                                    [39m[31m<svg class="shrink-0 [:where(&amp;)]:size-6 size-4 in-data-flux-sidebar-group-dropdown:text-zinc-400! dark:in-data-flux-sidebar-group-dropdown:text-white/80! [[data-flux-sidebar-item]:hover_&]:text-current!" data-flux-icon xmlns="http://www.w3.org/2000/svg" fill="none" viewBox="0 0 24 24" stroke-width="1.5" stroke="currentColor" aria-hidden="true" data-slot="icon">[39m[31m\n
  [39m[31m<path stroke-linecap="round" stroke-linejoin="round" d="M3 13.125C3 12.504 3.504 12 4.125 12h2.25c.621 0 1.125.504 1.125 1.125v6.75C7.5 20.496 6.996 21 6.375 21h-2.25A1.125 1.125 0 0 1 3 19.875v-6.75ZM9.75 8.625c0-.621.504-1.125 1.125-1.125h2.25c.621 0 1.125.504 1.125 1.125v11.25c0 .621-.504 1.125-1.125 1.125h-2.25a1.125 1.125 0 0 1-1.125-1.125V8.625ZM16.5 4.125c0-.621.504-1.125 1.125-1.125h2.25C20.496 3 21 3.504 21 4.125v15.75c0 .621-.504 1.125-1.125 1.125h-2.25a1.125 1.125 0 0 1-1.125-1.125V4.125Z"/>[39m[31m\n
[39m[31m</svg>[39m[31m\n
\n
                        \n
                            [39m[31m</div>[39m[31m\n
        \n
                    [39m[31m<div class="\n
                in-data-flux-sidebar-collapsed-desktop:not-in-data-flux-sidebar-group-dropdown:hidden\n
                flex-1 text-sm font-medium truncate [[data-nav-footer]_&]:hidden [[data-nav-sidebar]_[data-nav-footer]_&]:block" data-content>[39m[31mLaporan[39m[31m</div>[39m[31m\n
    [39m[31m</a>[39m[31m\n
\n
    [39m[31m<div popover="manual" class="relative py-2 px-2.5 rounded-md text-xs text-white font-medium bg-zinc-800 dark:bg-zinc-700 dark:border dark:border-white/10 p-0 overflow-visible not-in-data-flux-sidebar-collapsed-desktop:hidden in-data-flux-sidebar-group-dropdown:hidden cursor-default" data-flux-tooltip-content>[39m[31m\n
        Laporan\n
    [39m[31m<span class="ps-1 text-zinc-300">[39m[31m</span>[39m[31m\n
    [39m[31m</div>[39m[31m\n
\n
[39m[31m</ui-tooltip>[39m[31m\n
            [39m[31m</nav>[39m[31m\n
\n
\n
    [39m[31m<div class="flex-1" data-flux-spacer>[39m[31m</div>[39m[31m\n
\n
\n
    [39m[31m<ui-dropdown position="bottom start"  data-flux-dropdown>[39m[31m\n
    [39m[31m<button type="button" class="group flex items-center rounded-lg has-data-[circle=true]:rounded-full [ui-dropdown&gt;&amp;]:w-full p-1 hover:bg-zinc-800/5 dark:hover:bg-white/10" data-test="sidebar-menu-button" data-flux-sidebar-profile>[39m[31m\n
    [39m[31m<div class="shrink-0">[39m[31m\n
                                [39m[31m<div data-flux-avatar="data-flux-avatar" data-slot="avatar" data-size="sm" class="[:where(&amp;)]:size-8 [:where(&amp;)]:text-sm [--avatar-radius:var(--radius-md)] relative flex-none isolate flex items-center justify-center [:where(&amp;)]:font-medium rounded-[var(--avatar-radius)] [:where(&amp;)]:bg-zinc-200 [:where(&amp;)]:dark:bg-zinc-600 [:where(&amp;)]:text-zinc-800 [:where(&amp;)]:dark:text-white  after:absolute after:inset-0 after:inset-ring-[1px] after:inset-ring-black/7 dark:after:inset-ring-white/10 after:rounded-md">[39m[31m\n
        [39m[31m<span class="select-none">[39m[31mYK[39m[31m</span>[39m[31m\n
    [39m[31m</div>[39m[31m\n
            [39m[31m</div>[39m[31m\n
\n
            [39m[31m<span class="in-data-flux-sidebar-collapsed-desktop:hidden mx-2 text-sm text-zinc-500 dark:text-white/80 group-hover:text-zinc-800 dark:group-hover:text-white font-medium truncate">[39m[31m\n
            Yahya Karma Nainggolan S.Gz\n
        [39m[31m</span>[39m[31m\n
    \n
            [39m[31m<div class="in-data-flux-sidebar-collapsed-desktop:hidden shrink-0 ms-auto size-8 flex justify-center items-center">[39m[31m\n
            [39m[31m<svg\n
    class="shrink-0 [:where(&amp;)]:size-4 text-zinc-400 dark:text-white/80 group-hover:text-zinc-800 dark:group-hover:text-white"\n
    data-flux-icon\n
    xmlns="http://www.w3.org/2000/svg"\n
    viewBox="0 0 24 24"\n
    fill="none"\n
    stroke="currentColor"\n
    stroke-width="2.5"\n
    stroke-linecap="round"\n
    stroke-linejoin="round"\n
    aria-hidden="true"\n
    data-slot="icon"\n
>[39m[31m\n
    [39m[31m<path d="m7 15 5 5 5-5" />[39m[31m\n
    [39m[31m<path d="m7 9 5-5 5 5" />[39m[31m\n
[39m[31m</svg>[39m[31m\n
        [39m[31m</div>[39m[31m\n
    [39m[31m</button>[39m[31m\n
\n
    [39m[31m<ui-menu\n
    class="[:where(&amp;)]:min-w-48 p-[.3125rem] rounded-lg shadow-xs border border-zinc-200 dark:border-zinc-600 bg-white dark:bg-zinc-700 focus:outline-hidden"\n
    popover="manual"\n
    data-flux-menu\n
>[39m[31m\n
    [39m[31m<div class="flex items-center gap-2 px-1 py-1.5 text-start text-sm">[39m[31m\n
            [39m[31m<div data-flux-avatar="data-flux-avatar" data-slot="avatar" data-size="md" class="[:where(&amp;)]:size-10 [:where(&amp;)]:text-sm [--avatar-radius:var(--radius-lg)] relative flex-none isolate flex items-center justify-center [:where(&amp;)]:font-medium rounded-[var(--avatar-radius)] [:where(&amp;)]:bg-zinc-200 [:where(&amp;)]:dark:bg-zinc-600 [:where(&amp;)]:text-zinc-800 [:where(&amp;)]:dark:text-white  after:absolute after:inset-0 after:inset-ring-[1px] after:inset-ring-black/7 dark:after:inset-ring-white/10 after:rounded-lg">[39m[31m\n
        [39m[31m<span class="select-none">[39m[31mYK[39m[31m</span>[39m[31m\n
    [39m[31m</div>[39m[31m\n
            [39m[31m<div class="grid flex-1 text-start text-sm leading-tight">[39m[31m\n
                [39m[31m<div class="font-medium [:where(&amp;)]:text-zinc-800 [:where(&amp;)]:dark:text-white text-sm [&amp;:has(+[data-flux-subheading])]:mb-2 [[data-flux-subheading]+&amp;]:mt-2 truncate" data-flux-heading>[39m[31mYahya Karma Nainggolan S.Gz[39m[31m</div>[39m[31m\n
\n
                [39m[31m<p class="[:where(&amp;)]:text-sm [:where(&amp;)]:text-zinc-500 [:where(&amp;)]:dark:text-white/70 truncate" data-flux-text >[39m[31mgtarihoran@example.org[39m[31m</p>[39m[31m\n
            [39m[31m</div>[39m[31m\n
        [39m[31m</div>[39m[31m\n
        [39m[31m<div class="-mx-[.3125rem] my-[.3125rem] h-px"  data-flux-menu-separator>[39m[31m\n
    [39m[31m<div data-orientation="horizontal" role="none" class="border-0 [print-color-adjust:exact] bg-zinc-800/15 dark:bg-white/20 h-px w-full dark:bg-zinc-600!" data-flux-separator>[39m[31m</div>[39m[31m\n
[39m[31m</div>[39m[31m\n
\n
        [39m[31m<ui-menu-radio-group  data-flux-menu-radio-group>[39m[31m\n
            [39m[31m<a href="http://simkopkbm.test/admin/settings/profile" data-flux-menu-item="data-flux-menu-item" class="flex items-center px-2 py-1.5 w-full focus:outline-hidden rounded-md text-start text-sm font-medium [&amp;[disabled]]:opacity-50 text-zinc-800 data-active:bg-zinc-50 dark:text-white dark:data-active:bg-zinc-600 **:data-flux-menu-item-icon:text-zinc-400 dark:**:data-flux-menu-item-icon:text-white/60 [&amp;[data-active]_[data-flux-menu-item-icon]]:text-current" wire:navigate="">[39m[31m\n
        [39m[31m<div class="w-7 hidden [[data-flux-menu]:has(>[39m[31m[data-flux-menu-item-has-icon])_&]:block">[39m[31m</div>[39m[31m\n
                Settings\n
            [39m[31m</a>[39m[31m\n
\n
            [39m[31m<form method="POST" action="http://simkopkbm.test/logout" class="w-full">[39m[31m\n
                [39m[31m<input type="hidden" name="_token" value="qyPJHPsyKAthsEUqX75toWm6Y2OG8IYVpQaEOmVs" autocomplete="off">[39m[31m                [39m[31m<button type="submit" class="flex items-center px-2 py-1.5 w-full focus:outline-hidden rounded-md text-start text-sm font-medium [&amp;[disabled]]:opacity-50 text-zinc-800 data-active:bg-zinc-50 dark:text-white dark:data-active:bg-zinc-600 **:data-flux-menu-item-icon:text-zinc-400 dark:**:data-flux-menu-item-icon:text-white/60 [&amp;[data-active]_[data-flux-menu-item-icon]]:text-current w-full cursor-pointer" data-flux-menu-item="data-flux-menu-item" data-flux-menu-item-has-icon="data-flux-menu-item-has-icon" data-test="logout-button">[39m[31m\n
        [39m[31m<svg class="shrink-0 [:where(&amp;)]:size-5 me-2" data-flux-menu-item-icon="data-flux-menu-item-icon" data-flux-icon xmlns="http://www.w3.org/2000/svg" viewBox="0 0 20 20" fill="currentColor" aria-hidden="true" data-slot="icon">[39m[31m\n
  [39m[31m<path fill-rule="evenodd" d="M3 4.25A2.25 2.25 0 0 1 5.25 2h5.5A2.25 2.25 0 0 1 13 4.25v2a.75.75 0 0 1-1.5 0v-2a.75.75 0 0 0-.75-.75h-5.5a.75.75 0 0 0-.75.75v11.5c0 .414.336.75.75.75h5.5a.75.75 0 0 0 .75-.75v-2a.75.75 0 0 1 1.5 0v2A2.25 2.25 0 0 1 10.75 18h-5.5A2.25 2.25 0 0 1 3 15.75V4.25Z" clip-rule="evenodd"/>[39m[31m\n
  [39m[31m<path fill-rule="evenodd" d="M6 10a.75.75 0 0 1 .75-.75h9.546l-1.048-.943a.75.75 0 1 1 1.004-1.114l2.5 2.25a.75.75 0 0 1 0 1.114l-2.5 2.25a.75.75 0 1 1-1.004-1.114l1.048-.943H6.75A.75.75 0 0 1 6 10Z" clip-rule="evenodd"/>[39m[31m\n
[39m[31m</svg>[39m[31m\n
                    Log Out\n
                [39m[31m</button>[39m[31m\n
\n
            [39m[31m</form>[39m[31m\n
        [39m[31m</ui-menu-radio-group>[39m[31m\n
[39m[31m</ui-menu>[39m[31m\n
[39m[31m</ui-dropdown>[39m[31m\n
\n
[39m[31m</ui-sidebar>[39m[31m\n
    [39m[31m<header class="[grid-area:header] z-10 min-h-14 flex items-center px-6 lg:px-8 lg:hidden border-b border-zinc-200 bg-zinc-50 dark:border-zinc-700 dark:bg-zinc-900" data-flux-header>[39m[31m\n
    [39m[31m<button type="button" class="relative items-center font-medium justify-center gap-2 whitespace-nowrap disabled:opacity-75 dark:disabled:opacity-75 disabled:cursor-default disabled:pointer-events-none justify-center h-10 text-sm rounded-lg w-10 inline-flex -ms-2.5 bg-transparent hover:bg-zinc-800/5 dark:hover:bg-white/15 text-zinc-500 hover:text-zinc-800 dark:text-zinc-400 dark:hover:text-white      shrink-0 lg:hidden" data-flux-button="data-flux-button" x-data="" x-on:click="$dispatch('flux-sidebar-toggle')" aria-label="Toggle sidebar" data-flux-sidebar-toggle="data-flux-sidebar-toggle">[39m[31m\n
        [39m[31m<svg class="shrink-0 [:where(&amp;)]:size-5" data-flux-icon xmlns="http://www.w3.org/2000/svg" viewBox="0 0 20 20" fill="currentColor" aria-hidden="true" data-slot="icon">[39m[31m\n
  [39m[31m<path fill-rule="evenodd" d="M2 6.75A.75.75 0 0 1 2.75 6h14.5a.75.75 0 0 1 0 1.5H2.75A.75.75 0 0 1 2 6.75Zm0 6.5a.75.75 0 0 1 .75-.75h14.5a.75.75 0 0 1 0 1.5H2.75a.75.75 0 0 1-.75-.75Z" clip-rule="evenodd"/>[39m[31m\n
[39m[31m</svg>[39m[31m\n
    [39m[31m</button>[39m[31m\n
\n
\n
    [39m[31m<div class="flex-1" data-flux-spacer>[39m[31m</div>[39m[31m\n
\n
    [39m[31m<ui-dropdown position="top end"  data-flux-dropdown>[39m[31m\n
        [39m[31m<button type="button" class="group flex items-center rounded-lg has-data-[circle=true]:rounded-full [ui-dropdown&gt;&amp;]:w-full p-1 hover:bg-zinc-800/5 dark:hover:bg-white/15" data-flux-profile>[39m[31m\n
    [39m[31m<div class="shrink-0">[39m[31m\n
                                [39m[31m<div data-flux-avatar="data-flux-avatar" data-slot="avatar" data-size="sm" class="[:where(&amp;)]:size-8 [:where(&amp;)]:text-sm [--avatar-radius:var(--radius-md)] relative flex-none isolate flex items-center justify-center [:where(&amp;)]:font-medium rounded-[var(--avatar-radius)] [:where(&amp;)]:bg-zinc-200 [:where(&amp;)]:dark:bg-zinc-600 [:where(&amp;)]:text-zinc-800 [:where(&amp;)]:dark:text-white  after:absolute after:inset-0 after:inset-ring-[1px] after:inset-ring-black/7 dark:after:inset-ring-white/10 after:rounded-md">[39m[31m\n
        [39m[31m<span class="select-none">[39m[31mYK[39m[31m</span>[39m[31m\n
    [39m[31m</div>[39m[31m\n
            [39m[31m</div>[39m[31m\n
\n
    \n
            [39m[31m<div class="shrink-0 ms-auto size-8 flex justify-center items-center">[39m[31m\n
            [39m[31m<svg class="shrink-0 [:where(&amp;)]:size-4 text-zinc-400 dark:text-white/80 group-hover:text-zinc-800 dark:group-hover:text-white" data-flux-icon xmlns="http://www.w3.org/2000/svg" viewBox="0 0 16 16" fill="currentColor" aria-hidden="true" data-slot="icon">[39m[31m\n
  [39m[31m<path fill-rule="evenodd" d="M4.22 6.22a.75.75 0 0 1 1.06 0L8 8.94l2.72-2.72a.75.75 0 1 1 1.06 1.06l-3.25 3.25a.75.75 0 0 1-1.06 0L4.22 7.28a.75.75 0 0 1 0-1.06Z" clip-rule="evenodd"/>[39m[31m\n
[39m[31m</svg>[39m[31m\n
\n
                [39m[31m</div>[39m[31m\n
    [39m[31m</button>[39m[31m\n
\n
\n
        [39m[31m<ui-menu\n
    class="[:where(&amp;)]:min-w-48 p-[.3125rem] rounded-lg shadow-xs border border-zinc-200 dark:border-zinc-600 bg-white dark:bg-zinc-700 focus:outline-hidden"\n
    popover="manual"\n
    data-flux-menu\n
>[39m[31m\n
    [39m[31m<ui-menu-radio-group  data-flux-menu-radio-group>[39m[31m\n
    [39m[31m<div class="p-0 text-sm font-normal">[39m[31m\n
                    [39m[31m<div class="flex items-center gap-2 px-1 py-1.5 text-start text-sm">[39m[31m\n
                        [39m[31m<div data-flux-avatar="data-flux-avatar" data-slot="avatar" data-size="md" class="[:where(&amp;)]:size-10 [:where(&amp;)]:text-sm [--avatar-radius:var(--radius-lg)] relative flex-none isolate flex items-center justify-center [:where(&amp;)]:font-medium rounded-[var(--avatar-radius)] [:where(&amp;)]:bg-zinc-200 [:where(&amp;)]:dark:bg-zinc-600 [:where(&amp;)]:text-zinc-800 [:where(&amp;)]:dark:text-white  after:absolute after:inset-0 after:inset-ring-[1px] after:inset-ring-black/7 dark:after:inset-ring-white/10 after:rounded-lg">[39m[31m\n
        [39m[31m<span class="select-none">[39m[31mYK[39m[31m</span>[39m[31m\n
    [39m[31m</div>[39m[31m\n
\n
                        [39m[31m<div class="grid flex-1 text-start text-sm leading-tight">[39m[31m\n
                            [39m[31m<div class="font-medium [:where(&amp;)]:text-zinc-800 [:where(&amp;)]:dark:text-white text-sm [&amp;:has(+[data-flux-subheading])]:mb-2 [[data-flux-subheading]+&amp;]:mt-2 truncate" data-flux-heading>[39m[31mYahya Karma Nainggolan S.Gz[39m[31m</div>[39m[31m\n
                            [39m[31m<p class="[:where(&amp;)]:text-sm [:where(&amp;)]:text-zinc-500 [:where(&amp;)]:dark:text-white/70 truncate" data-flux-text >[39m[31mgtarihoran@example.org[39m[31m</p>[39m[31m                        [39m[31m</div>[39m[31m\n
                    [39m[31m</div>[39m[31m\n
                [39m[31m</div>[39m[31m\n
[39m[31m</ui-menu-radio-group>[39m[31m\n
\n
            [39m[31m<div class="-mx-[.3125rem] my-[.3125rem] h-px"  data-flux-menu-separator>[39m[31m\n
    [39m[31m<div data-orientation="horizontal" role="none" class="border-0 [print-color-adjust:exact] bg-zinc-800/15 dark:bg-white/20 h-px w-full dark:bg-zinc-600!" data-flux-separator>[39m[31m</div>[39m[31m\n
\n
[39m[31m</div>[39m[31m\n
\n
            [39m[31m<ui-menu-radio-group  data-flux-menu-radio-group>[39m[31m\n
    [39m[31m<a href="http://simkopkbm.test/admin/settings/profile" data-flux-menu-item="data-flux-menu-item" class="flex items-center px-2 py-1.5 w-full focus:outline-hidden rounded-md text-start text-sm font-medium [&amp;[disabled]]:opacity-50 text-zinc-800 data-active:bg-zinc-50 dark:text-white dark:data-active:bg-zinc-600 **:data-flux-menu-item-icon:text-zinc-400 dark:**:data-flux-menu-item-icon:text-white/60 [&amp;[data-active]_[data-flux-menu-item-icon]]:text-current" wire:navigate="">[39m[31m\n
        [39m[31m<div class="w-7 hidden [[data-flux-menu]:has(>[39m[31m[data-flux-menu-item-has-icon])_&]:block">[39m[31m</div>[39m[31m\n
    \n
    Settings\n
    [39m[31m</a>[39m[31m\n
[39m[31m</ui-menu-radio-group>[39m[31m\n
\n
            [39m[31m<div class="-mx-[.3125rem] my-[.3125rem] h-px"  data-flux-menu-separator>[39m[31m\n
    [39m[31m<div data-orientation="horizontal" role="none" class="border-0 [print-color-adjust:exact] bg-zinc-800/15 dark:bg-white/20 h-px w-full dark:bg-zinc-600!" data-flux-separator>[39m[31m</div>[39m[31m\n
\n
[39m[31m</div>[39m[31m\n
\n
            [39m[31m<form method="POST" action="http://simkopkbm.test/logout" class="w-full">[39m[31m\n
                [39m[31m<input type="hidden" name="_token" value="qyPJHPsyKAthsEUqX75toWm6Y2OG8IYVpQaEOmVs" autocomplete="off">[39m[31m                [39m[31m<button type="submit" class="flex items-center px-2 py-1.5 w-full focus:outline-hidden rounded-md text-start text-sm font-medium [&amp;[disabled]]:opacity-50 text-zinc-800 data-active:bg-zinc-50 dark:text-white dark:data-active:bg-zinc-600 **:data-flux-menu-item-icon:text-zinc-400 dark:**:data-flux-menu-item-icon:text-white/60 [&amp;[data-active]_[data-flux-menu-item-icon]]:text-current w-full cursor-pointer" data-flux-menu-item="data-flux-menu-item" data-flux-menu-item-has-icon="data-flux-menu-item-has-icon" data-test="logout-button">[39m[31m\n
        [39m[31m<svg class="shrink-0 [:where(&amp;)]:size-5 me-2" data-flux-menu-item-icon="data-flux-menu-item-icon" data-flux-icon xmlns="http://www.w3.org/2000/svg" viewBox="0 0 20 20" fill="currentColor" aria-hidden="true" data-slot="icon">[39m[31m\n
  [39m[31m<path fill-rule="evenodd" d="M3 4.25A2.25 2.25 0 0 1 5.25 2h5.5A2.25 2.25 0 0 1 13 4.25v2a.75.75 0 0 1-1.5 0v-2a.75.75 0 0 0-.75-.75h-5.5a.75.75 0 0 0-.75.75v11.5c0 .414.336.75.75.75h5.5a.75.75 0 0 0 .75-.75v-2a.75.75 0 0 1 1.5 0v2A2.25 2.25 0 0 1 10.75 18h-5.5A2.25 2.25 0 0 1 3 15.75V4.25Z" clip-rule="evenodd"/>[39m[31m\n
  [39m[31m<path fill-rule="evenodd" d="M6 10a.75.75 0 0 1 .75-.75h9.546l-1.048-.943a.75.75 0 1 1 1.004-1.114l2.5 2.25a.75.75 0 0 1 0 1.114l-2.5 2.25a.75.75 0 1 1-1.004-1.114l1.048-.943H6.75A.75.75 0 0 1 6 10Z" clip-rule="evenodd"/>[39m[31m\n
[39m[31m</svg>[39m[31m\n
\n
            \n
    Log Out\n
    [39m[31m</button>[39m[31m\n
            [39m[31m</form>[39m[31m\n
[39m[31m</ui-menu>[39m[31m\n
    [39m[31m</ui-dropdown>[39m[31m\n
\n
[39m[31m</header>[39m[31m\n
\n
            \n
    [39m[31m<div class="[grid-area:main] p-6 lg:p-8 [[data-flux-container]_&amp;]:px-0" data-flux-main>[39m[31m\n
        [39m[31m<div wire:snapshot="{&quot;data&quot;:{&quot;name&quot;:&quot;&quot;,&quot;start_date&quot;:&quot;&quot;,&quot;end_date&quot;:&quot;&quot;,&quot;is_active&quot;:false,&quot;status&quot;:&quot;open&quot;,&quot;editing&quot;:null,&quot;paginators&quot;:[{&quot;page&quot;:1},{&quot;s&quot;:&quot;arr&quot;}]},&quot;memo&quot;:{&quot;id&quot;:&quot;gOxegT2bA3mto2Fl8iOk&quot;,&quot;name&quot;:&quot;admin.academic.academic-years&quot;,&quot;path&quot;:&quot;admin\/academic\/years&quot;,&quot;method&quot;:&quot;GET&quot;,&quot;release&quot;:&quot;a-a-a&quot;,&quot;children&quot;:[],&quot;scripts&quot;:[],&quot;assets&quot;:[],&quot;errors&quot;:[],&quot;locale&quot;:&quot;id&quot;,&quot;islands&quot;:[]},&quot;checksum&quot;:&quot;ba152ac61995f5cc2f0e7a33bf51391fb88b6d93e139b11602c6a2460e1be377&quot;}" wire:effects="{&quot;url&quot;:{&quot;paginators.page&quot;:{&quot;as&quot;:&quot;page&quot;,&quot;use&quot;:&quot;push&quot;,&quot;alwaysShow&quot;:false,&quot;except&quot;:null}}}" wire:id="gOxegT2bA3mto2Fl8iOk" wire:name="admin.academic.academic-years" class="p-6">[39m[31m\n
    [39m[31m<div class="flex items-center justify-between mb-6">[39m[31m\n
        [39m[31m<div>[39m[31m\n
            [39m[31m<h1 class="font-medium [:where(&amp;)]:text-zinc-800 [:where(&amp;)]:dark:text-white text-2xl [&amp;:has(+[data-flux-subheading])]:mb-2 [[data-flux-subheading]+&amp;]:mt-2" data-flux-heading>[39m[31mTahun Ajaran[39m[31m</h1>[39m[31m\n
\n
        \n
            [39m[31m<div class="text-sm [:where(&amp;)]:text-zinc-500 [:where(&amp;)]:dark:text-white/70" data-flux-subheading>[39m[31mKelola tahun akademik sekolah Anda di sini.[39m[31m</div>[39m[31m\n
\n
        [39m[31m</div>[39m[31m\n
\n
        [39m[31m<div\n
    class="contents"\n
    x-data\n
    x-on:click="$el.querySelector('button[disabled]') || $dispatch('modal-show', { name: 'academic-year-modal' })"\n
        data-flux-modal-trigger\n
>[39m[31m\n
            [39m[31m<button type="button" class="relative items-center font-medium justify-center gap-2 whitespace-nowrap disabled:opacity-75 dark:disabled:opacity-75 disabled:cursor-default disabled:pointer-events-none justify-center h-10 text-sm rounded-lg ps-3 pe-4 inline-flex  bg-[var(--color-accent)] hover:bg-[color-mix(in_oklab,_var(--color-accent),_transparent_10%)] text-[var(--color-accent-foreground)] border border-black/10 dark:border-0 shadow-[inset_0px_1px_--theme(--color-white/.2)] [[data-flux-button-group]_&amp;]:border-e-0 [:is([data-flux-button-group]&gt;&amp;:last-child,_[data-flux-button-group]_:last-child&gt;&amp;)]:border-e-[1px] dark:[:is([data-flux-button-group]&gt;&amp;:last-child,_[data-flux-button-group]_:last-child&gt;&amp;)]:border-e-0 dark:[:is([data-flux-button-group]&gt;&amp;:last-child,_[data-flux-button-group]_:last-child&gt;&amp;)]:border-s-[1px] [:is([data-flux-button-group]&gt;&amp;:not(:first-child),_[data-flux-button-group]_:not(:first-child)&gt;&amp;)]:border-s-[color-mix(in_srgb,var(--color-accent-foreground),transparent_85%)] *:transition-opacity [&amp;[data-loading]&gt;:not([data-flux-loading-indicator])]:opacity-0 [&amp;[data-flux-loading]&gt;:not([data-flux-loading-indicator])]:opacity-0 [&amp;[data-loading]&gt;[data-flux-loading-indicator]]:opacity-100 [&amp;[data-flux-loading]&gt;[data-flux-loading-indicator]]:opacity-100 data-loading:pointer-events-none data-flux-loading:pointer-events-none" data-flux-button="data-flux-button" data-flux-group-target="data-flux-group-target" wire:target="$set('editing', null)" wire:loading.attr="data-flux-loading" wire:click="$set('editing', null)">[39m[31m\n
        [39m[31m<div class="absolute inset-0 flex items-center justify-center opacity-0" data-flux-loading-indicator>[39m[31m\n
                [39m[31m<svg class="shrink-0 [:where(&amp;)]:size-4 animate-spin" data-flux-icon xmlns="http://www.w3.org/2000/svg" fill="none" viewBox="0 0 24 24" aria-hidden="true" data-slot="icon">[39m[31m\n
    [39m[31m<circle class="opacity-25" cx="12" cy="12" r="10" stroke="currentColor" stroke-width="4">[39m[31m</circle>[39m[31m\n
    [39m[31m<path class="opacity-75" fill="currentColor" d="M4 12a8 8 0 018-8V0C5.373 0 0 5.373 0 12h4zm2 5.291A7.962 7.962 0 014 12H0c0 3.042 1.135 5.824 3 7.938l3-2.647z">[39m[31m</path>[39m[31m\n
[39m[31m</svg>[39m[31m\n
                    [39m[31m</div>[39m[31m\n
        \n
                    [39m[31m<svg class="shrink-0 [:where(&amp;)]:size-4" data-flux-icon xmlns="http://www.w3.org/2000/svg" viewBox="0 0 16 16" fill="currentColor" aria-hidden="true" data-slot="icon">[39m[31m\n
  [39m[31m<path d="M8.75 3.75a.75.75 0 0 0-1.5 0v3.5h-3.5a.75.75 0 0 0 0 1.5h3.5v3.5a.75.75 0 0 0 1.5 0v-3.5h3.5a.75.75 0 0 0 0-1.5h-3.5v-3.5Z"/>[39m[31m\n
[39m[31m</svg>[39m[31m\n
\n
                \n
                    \n
            \n
            [39m[31m<span>[39m[31mTambah Tahun Ajaran[39m[31m</span>[39m[31m\n
    [39m[31m</button>[39m[31m\n
\n
        [39m[31m</div>[39m[31m\n
\n
    [39m[31m</div>[39m[31m\n
\n
    [39m[31m<div class="overflow-hidden border rounded-lg border-zinc-200 dark:border-zinc-700">[39m[31m\n
        [39m[31m<table class="w-full text-sm text-left border-collapse">[39m[31m\n
            [39m[31m<thead class="bg-zinc-50 dark:bg-zinc-800">[39m[31m\n
                [39m[31m<tr>[39m[31m\n
                    [39m[31m<th class="px-4 py-3 font-medium text-zinc-700 dark:text-zinc-300 border-b border-zinc-200 dark:border-zinc-700">[39m[31mNama[39m[31m</th>[39m[31m\n
                    [39m[31m<th class="px-4 py-3 font-medium text-zinc-700 dark:text-zinc-300 border-b border-zinc-200 dark:border-zinc-700">[39m[31mRentang Waktu[39m[31m</th>[39m[31m\n
                    [39m[31m<th class="px-4 py-3 font-medium text-zinc-700 dark:text-zinc-300 border-b border-zinc-200 dark:border-zinc-700">[39m[31mStatus[39m[31m</th>[39m[31m\n
                    [39m[31m<th class="px-4 py-3 font-medium text-zinc-700 dark:text-zinc-300 border-b border-zinc-200 dark:border-zinc-700 text-right">[39m[31mAksi[39m[31m</th>[39m[31m\n
                [39m[31m</tr>[39m[31m\n
            [39m[31m</thead>[39m[31m\n
            [39m[31m<tbody class="divide-y divide-zinc-200 dark:divide-zinc-700">[39m[31m\n
                <!--[if BLOCK]><![endif]--><!--[if ENDBLOCK]><![endif]-->            [39m[31m</tbody>[39m[31m\n
        [39m[31m</table>[39m[31m\n
    [39m[31m</div>[39m[31m\n
\n
    [39m[31m<div class="mt-4">[39m[31m\n
        [39m[31m<div>[39m[31m\n
    <!--[if BLOCK]><![endif]--><!--[if ENDBLOCK]><![endif]-->[39m[31m</div>[39m[31m\n
\n
    [39m[31m</div>[39m[31m\n
\n
    [39m[31m<ui-modal  data-flux-modal>[39m[31m\n
    \n
    [39m[31m<dialog\n
        wire:ignore.self \n
        class="p-6 [:where(&amp;)]:max-w-xl [:where(&amp;)]:min-w-xs shadow-lg rounded-xl bg-white dark:bg-zinc-800 ring ring-black/5 dark:ring-zinc-700 shadow-lg rounded-xl max-w-md"\n
         data-modal="academic-year-modal"                 x-data="fluxModal('academic-year-modal', 'PBM77HOHv4EecW9N8kId')"\n
        x-on:modal-show.document="handleShow($event)"\n
        x-on:modal-close.document="handleClose($event)"\n
    >[39m[31m\n
        [39m[31m<form wire:submit="save" class="space-y-6">[39m[31m\n
            [39m[31m<div>[39m[31m\n
                [39m[31m<div class="font-medium [:where(&amp;)]:text-zinc-800 [:where(&amp;)]:dark:text-white text-base [&amp;:has(+[data-flux-subheading])]:mb-2 [[data-flux-subheading]+&amp;]:mt-2" data-flux-heading>[39m[31mTambah Tahun Ajaran Baru[39m[31m</div>[39m[31m\n
\n
                [39m[31m<div class="text-sm [:where(&amp;)]:text-zinc-500 [:where(&amp;)]:dark:text-white/70" data-flux-subheading>[39m[31mMasukkan detail tahun ajaran di bawah ini.[39m[31m</div>[39m[31m\n
\n
            [39m[31m</div>[39m[31m\n
\n
            [39m[31m<ui-field class="min-w-0 [&amp;:not(:has([data-flux-field])):has([data-flux-control][disabled])&gt;[data-flux-label]]:opacity-50 [&amp;:has(&gt;[data-flux-radio-group][disabled])&gt;[data-flux-label]]:opacity-50 [&amp;:has(&gt;[data-flux-checkbox-group][disabled])&gt;[data-flux-label]]:opacity-50 block *:data-flux-label:mb-3 [&amp;&gt;[data-flux-label]:has(+[data-flux-description])]:mb-2 [&amp;&gt;[data-flux-label]+[data-flux-description]]:mt-0 [&amp;&gt;[data-flux-label]+[data-flux-description]]:mb-3 [&amp;&gt;*:not([data-flux-label])+[data-flux-description]]:mt-3" data-flux-field>[39m[31m\n
    [39m[31m<ui-label class="inline-flex items-center text-sm font-medium  [:where(&amp;)]:text-zinc-800 [:where(&amp;)]:dark:text-white [&amp;:has([data-flux-label-trailing])]:flex" data-flux-label>[39m[31m\n
    Nama (Contoh: 2024/2025)\n
\n
    \n
    \n
    [39m[31m</ui-label>[39m[31m\n
        \n
        \n
        [39m[31m<div class="w-full relative block group/input" data-flux-input>[39m[31m\n
            \n
            [39m[31m<input\n
                type="text"\n
                \n
                class="w-full border rounded-lg block disabled:shadow-none dark:shadow-none appearance-none text-base sm:text-sm py-2 h-10 leading-[1.375rem] ps-3 pe-3 bg-white dark:bg-white/10 dark:disabled:bg-white/[7%] text-zinc-700 disabled:text-zinc-500 placeholder-zinc-400 disabled:placeholder-zinc-400/70 dark:text-zinc-300 dark:disabled:text-zinc-400 dark:placeholder-zinc-400 dark:disabled:placeholder-zinc-500 shadow-xs border-zinc-200 border-b-zinc-300/80 disabled:border-b-zinc-200 dark:border-white/10 dark:disabled:border-white/5 data-invalid:shadow-none data-invalid:border-red-500 dark:data-invalid:border-red-500 disabled:data-invalid:border-red-500 dark:disabled:data-invalid:border-red-500" wire:model="name" label="Nama (Contoh: 2024/2025)" required="required"\n
                 name="name"                                                                 data-flux-control\n
                data-flux-group-target\n
                                            >[39m[31m\n
\n
                    [39m[31m</div>[39m[31m\n
\n
        [39m[31m<div role="alert" aria-live="polite" aria-atomic="true" class="mt-3 text-sm font-medium text-red-500 dark:text-red-400 hidden" data-flux-error>[39m[31m\n
    [39m[31m</div>[39m[31m\n
[39m[31m</ui-field>[39m[31m\n
\n
            [39m[31m<div class="grid grid-cols-2 gap-4">[39m[31m\n
                [39m[31m<ui-field class="min-w-0 [&amp;:not(:has([data-flux-field])):has([data-flux-control][disabled])&gt;[data-flux-label]]:opacity-50 [&amp;:has(&gt;[data-flux-radio-group][disabled])&gt;[data-flux-label]]:opacity-50 [&amp;:has(&gt;[data-flux-checkbox-group][disabled])&gt;[data-flux-label]]:opacity-50 block *:data-flux-label:mb-3 [&amp;&gt;[data-flux-label]:has(+[data-flux-description])]:mb-2 [&amp;&gt;[data-flux-label]+[data-flux-description]]:mt-0 [&amp;&gt;[data-flux-label]+[data-flux-description]]:mb-3 [&amp;&gt;*:not([data-flux-label])+[data-flux-description]]:mt-3" data-flux-field>[39m[31m\n
    [39m[31m<ui-label class="inline-flex items-center text-sm font-medium  [:where(&amp;)]:text-zinc-800 [:where(&amp;)]:dark:text-white [&amp;:has([data-flux-label-trailing])]:flex" data-flux-label>[39m[31m\n
    Tanggal Mulai\n
\n
    \n
    \n
    [39m[31m</ui-label>[39m[31m\n
        \n
        \n
        [39m[31m<div class="w-full relative block group/input" data-flux-input>[39m[31m\n
            \n
            [39m[31m<input\n
                type="date"\n
                \n
                class="w-full border rounded-lg block disabled:shadow-none dark:shadow-none appearance-none text-base sm:text-sm py-2 h-10 leading-[1.375rem] ps-3 pe-3 bg-white dark:bg-white/10 dark:disabled:bg-white/[7%] text-zinc-700 disabled:text-zinc-500 placeholder-zinc-400 disabled:placeholder-zinc-400/70 dark:text-zinc-300 dark:disabled:text-zinc-400 dark:placeholder-zinc-400 dark:disabled:placeholder-zinc-500 shadow-xs border-zinc-200 border-b-zinc-300/80 disabled:border-b-zinc-200 dark:border-white/10 dark:disabled:border-white/5 data-invalid:shadow-none data-invalid:border-red-500 dark:data-invalid:border-red-500 disabled:data-invalid:border-red-500 dark:disabled:data-invalid:border-red-500" wire:model="start_date" label="Tanggal Mulai" required="required"\n
                 name="start_date"                                                                 data-flux-control\n
                data-flux-group-target\n
                                            >[39m[31m\n
\n
                    [39m[31m</div>[39m[31m\n
\n
        [39m[31m<div role="alert" aria-live="polite" aria-atomic="true" class="mt-3 text-sm font-medium text-red-500 dark:text-red-400 hidden" data-flux-error>[39m[31m\n
    [39m[31m</div>[39m[31m\n
[39m[31m</ui-field>[39m[31m\n
                [39m[31m<ui-field class="min-w-0 [&amp;:not(:has([data-flux-field])):has([data-flux-control][disabled])&gt;[data-flux-label]]:opacity-50 [&amp;:has(&gt;[data-flux-radio-group][disabled])&gt;[data-flux-label]]:opacity-50 [&amp;:has(&gt;[data-flux-checkbox-group][disabled])&gt;[data-flux-label]]:opacity-50 block *:data-flux-label:mb-3 [&amp;&gt;[data-flux-label]:has(+[data-flux-description])]:mb-2 [&amp;&gt;[data-flux-label]+[data-flux-description]]:mt-0 [&amp;&gt;[data-flux-label]+[data-flux-description]]:mb-3 [&amp;&gt;*:not([data-flux-label])+[data-flux-description]]:mt-3" data-flux-field>[39m[31m\n
    [39m[31m<ui-label class="inline-flex items-center text-sm font-medium  [:where(&amp;)]:text-zinc-800 [:where(&amp;)]:dark:text-white [&amp;:has([data-flux-label-trailing])]:flex" data-flux-label>[39m[31m\n
    Tanggal Selesai\n
\n
    \n
    \n
    [39m[31m</ui-label>[39m[31m\n
        \n
        \n
        [39m[31m<div class="w-full relative block group/input" data-flux-input>[39m[31m\n
            \n
            [39m[31m<input\n
                type="date"\n
                \n
                class="w-full border rounded-lg block disabled:shadow-none dark:shadow-none appearance-none text-base sm:text-sm py-2 h-10 leading-[1.375rem] ps-3 pe-3 bg-white dark:bg-white/10 dark:disabled:bg-white/[7%] text-zinc-700 disabled:text-zinc-500 placeholder-zinc-400 disabled:placeholder-zinc-400/70 dark:text-zinc-300 dark:disabled:text-zinc-400 dark:placeholder-zinc-400 dark:disabled:placeholder-zinc-500 shadow-xs border-zinc-200 border-b-zinc-300/80 disabled:border-b-zinc-200 dark:border-white/10 dark:disabled:border-white/5 data-invalid:shadow-none data-invalid:border-red-500 dark:data-invalid:border-red-500 disabled:data-invalid:border-red-500 dark:disabled:data-invalid:border-red-500" wire:model="end_date" label="Tanggal Selesai" required="required"\n
                 name="end_date"                                                                 data-flux-control\n
                data-flux-group-target\n
                                            >[39m[31m\n
\n
                    [39m[31m</div>[39m[31m\n
\n
        [39m[31m<div role="alert" aria-live="polite" aria-atomic="true" class="mt-3 text-sm font-medium text-red-500 dark:text-red-400 hidden" data-flux-error>[39m[31m\n
    [39m[31m</div>[39m[31m\n
[39m[31m</ui-field>[39m[31m\n
            [39m[31m</div>[39m[31m\n
\n
            [39m[31m<ui-field class="min-w-0 [&amp;:not(:has([data-flux-field])):has([data-flux-control][disabled])&gt;[data-flux-label]]:opacity-50 [&amp;:has(&gt;[data-flux-radio-group][disabled])&gt;[data-flux-label]]:opacity-50 [&amp;:has(&gt;[data-flux-checkbox-group][disabled])&gt;[data-flux-label]]:opacity-50 block *:data-flux-label:mb-3 [&amp;&gt;[data-flux-label]:has(+[data-flux-description])]:mb-2 [&amp;&gt;[data-flux-label]+[data-flux-description]]:mt-0 [&amp;&gt;[data-flux-label]+[data-flux-description]]:mb-3 [&amp;&gt;*:not([data-flux-label])+[data-flux-description]]:mt-3" data-flux-field>[39m[31m\n
    [39m[31m<ui-label class="inline-flex items-center text-sm font-medium  [:where(&amp;)]:text-zinc-800 [:where(&amp;)]:dark:text-white [&amp;:has([data-flux-label-trailing])]:flex" data-flux-label>[39m[31m\n
    Status Opsional\n
\n
    \n
    \n
    [39m[31m</ui-label>[39m[31m\n
        \n
        \n
        [39m[31m<select\n
    class="appearance-none [:where(&amp;)]:w-full ps-3 pe-10 block h-10 py-2 text-base sm:text-sm leading-[1.375rem] rounded-lg shadow-xs border bg-white dark:bg-white/10 dark:disabled:bg-white/[7%] text-zinc-700 dark:text-zinc-300 disabled:text-zinc-500 dark:disabled:text-zinc-400 has-[option.placeholder:checked]:text-zinc-400 dark:has-[option.placeholder:checked]:text-zinc-400 dark:[&amp;&gt;option]:bg-zinc-700 dark:[&amp;&gt;option]:text-white disabled:shadow-none border border-zinc-200 border-b-zinc-300/80 dark:border-white/10" wire:model="status" label="Status Opsional"\n
         name="status"         data-flux-control\n
    data-flux-select-native\n
    data-flux-group-target\n
>[39m[31m\n
    \n
    [39m[31m<option value="open">[39m[31mTerbuka[39m[31m</option>[39m[31m\n
                [39m[31m<option value="closed">[39m[31mDitutup[39m[31m</option>[39m[31m\n
[39m[31m</select>[39m[31m\n
\n
        [39m[31m<div role="alert" aria-live="polite" aria-atomic="true" class="mt-3 text-sm font-medium text-red-500 dark:text-red-400 hidden" data-flux-error>[39m[31m\n
    [39m[31m</div>[39m[31m\n
[39m[31m</ui-field>[39m[31m\n
\n
            [39m[31m<ui-field class="min-w-0 [&amp;:not(:has([data-flux-field])):has([data-flux-control][disabled])&gt;[data-flux-label]]:opacity-50 [&amp;:has(&gt;[data-flux-radio-group][disabled])&gt;[data-flux-label]]:opacity-50 [&amp;:has(&gt;[data-flux-checkbox-group][disabled])&gt;[data-flux-label]]:opacity-50 grid gap-x-3 gap-y-1.5 has-[[data-flux-label]~[data-flux-control]]:grid-cols-[1fr_auto] has-[[data-flux-control]~[data-flux-label]]:grid-cols-[auto_1fr] [&amp;&gt;[data-flux-control]~[data-flux-description]]:row-start-2 [&amp;&gt;[data-flux-control]~[data-flux-description]]:col-start-2 [&amp;&gt;[data-flux-control]~[data-flux-error]]:col-span-2 [&amp;&gt;[data-flux-control]~[data-flux-error]]:mt-1 [&amp;&gt;[data-flux-label]~[data-flux-control]]:row-start-1 [&amp;&gt;[data-flux-label]~[data-flux-control]]:col-start-2" data-flux-field>[39m[31m\n
    [39m[31m<ui-checkbox class="flex size-[1.125rem] rounded-[.3rem] mt-px outline-offset-2" wire:model="is_active" label="Jadikan Tahun Aktif" Tahun="Tahun"  data-flux-control data-flux-checkbox>[39m[31m\n
        [39m[31m<div class="shrink-0 size-[1.125rem] rounded-[.3rem] flex justify-center items-center text-sm text-zinc-700 dark:text-zinc-800 shadow-xs [ui-checkbox[disabled]_&amp;]:opacity-75 [ui-checkbox[data-checked][disabled]_&amp;]:opacity-50 [ui-checkbox[disabled]_&amp;]:shadow-none [ui-checkbox[data-checked]_&amp;]:shadow-none [ui-checkbox[data-indeterminate]_&amp;]:shadow-none [ui-checkbox[data-checked]:not([data-indeterminate])_&amp;&gt;svg:first-child]:block [ui-checkbox[data-indeterminate]_&amp;&gt;svg:last-child]:block border border-zinc-300 dark:border-white/10 [ui-checkbox[disabled]_&amp;]:border-zinc-200 dark:[ui-checkbox[disabled]_&amp;]:border-white/5 [ui-checkbox[data-checked]_&amp;]:border-transparent [ui-checkbox[data-indeterminate]_&amp;]:border-transparent [ui-checkbox[disabled][data-checked]_&amp;]:border-transparent [ui-checkbox[disabled][data-indeterminate]_&amp;]:border-transparent [print-color-adjust:exact] bg-white dark:bg-white/10 [ui-checkbox[data-checked]_&amp;]:bg-[var(--color-accent)] hover:[ui-checkbox[data-checked]_&amp;]:bg-(--color-accent) focus:[ui-checkbox[data-checked]_&amp;]:bg-(--color-accent) [ui-checkbox[data-indeterminate]_&amp;]:bg-[var(--color-accent)] hover:[ui-checkbox[data-indeterminate]_&amp;]:bg-(--color-accent) focus:[ui-checkbox[data-indeterminate]_&amp;]:bg-(--color-accent)" data-flux-checkbox-indicator>[39m[31m\n
    [39m[31m<svg class="shrink-0 [:where(&amp;)]:size-4 hidden text-[var(--color-accent-foreground)]" data-flux-icon xmlns="http://www.w3.org/2000/svg" viewBox="0 0 16 16" fill="currentColor" aria-hidden="true" data-slot="icon">[39m[31m\n
  [39m[31m<path fill-rule="evenodd" d="M12.416 3.376a.75.75 0 0 1 .208 1.04l-5 7.5a.75.75 0 0 1-1.154.114l-3-3a.75.75 0 0 1 1.06-1.06l2.353 2.353 4.493-6.74a.75.75 0 0 1 1.04-.207Z" clip-rule="evenodd"/>[39m[31m\n
[39m[31m</svg>[39m[31m\n
\n
            [39m[31m<svg class="shrink-0 [:where(&amp;)]:size-4 hidden text-[var(--color-accent-foreground)]" data-flux-icon xmlns="http://www.w3.org/2000/svg" viewBox="0 0 16 16" fill="currentColor" aria-hidden="true" data-slot="icon">[39m[31m\n
  [39m[31m<path d="M3.75 7.25a.75.75 0 0 0 0 1.5h8.5a.75.75 0 0 0 0-1.5h-8.5Z"/>[39m[31m\n
[39m[31m</svg>[39m[31m\n
\n
        [39m[31m</div>[39m[31m\n
    [39m[31m</ui-checkbox>[39m[31m\n
\n
                    [39m[31m<ui-label class="inline-flex items-center text-sm font-medium  [:where(&amp;)]:text-zinc-800 [:where(&amp;)]:dark:text-white [&amp;:has([data-flux-label-trailing])]:flex" data-flux-label>[39m[31m\n
    Jadikan Tahun Aktif\n
\n
    \n
    \n
    [39m[31m</ui-label>[39m[31m\n
        \n
        \n
        [39m[31m<div role="alert" aria-live="polite" aria-atomic="true" class="mt-3 text-sm font-medium text-red-500 dark:text-red-400 hidden" data-flux-error>[39m[31m\n
    [39m[31m</div>[39m[31m\n
[39m[31m</ui-field>[39m[31m\n
\n
\n
\n
            [39m[31m<div class="flex justify-end gap-2">[39m[31m\n
                [39m[31m<ui-close data-flux-modal-close >[39m[31m\n
                    [39m[31m<button type="button" class="relative items-center font-medium justify-center gap-2 whitespace-nowrap disabled:opacity-75 dark:disabled:opacity-75 disabled:cursor-default disabled:pointer-events-none justify-center h-10 text-sm rounded-lg ps-4 pe-4 inline-flex  bg-transparent hover:bg-zinc-800/5 dark:hover:bg-white/15 text-zinc-800 dark:text-white" data-flux-button="data-flux-button">[39m[31mBatal[39m[31m</button>[39m[31m\n
\n
                [39m[31m</ui-close>[39m[31m\n
\n
                [39m[31m<button type="submit" class="relative items-center font-medium justify-center gap-2 whitespace-nowrap disabled:opacity-75 dark:disabled:opacity-75 disabled:cursor-default disabled:pointer-events-none justify-center h-10 text-sm rounded-lg ps-4 pe-4 inline-flex  bg-[var(--color-accent)] hover:bg-[color-mix(in_oklab,_var(--color-accent),_transparent_10%)] text-[var(--color-accent-foreground)] border border-black/10 dark:border-0 shadow-[inset_0px_1px_--theme(--color-white/.2)] [[data-flux-button-group]_&amp;]:border-e-0 [:is([data-flux-button-group]&gt;&amp;:last-child,_[data-flux-button-group]_:last-child&gt;&amp;)]:border-e-[1px] dark:[:is([data-flux-button-group]&gt;&amp;:last-child,_[data-flux-button-group]_:last-child&gt;&amp;)]:border-e-0 dark:[:is([data-flux-button-group]&gt;&amp;:last-child,_[data-flux-button-group]_:last-child&gt;&amp;)]:border-s-[1px] [:is([data-flux-button-group]&gt;&amp;:not(:first-child),_[data-flux-button-group]_:not(:first-child)&gt;&amp;)]:border-s-[color-mix(in_srgb,var(--color-accent-foreground),transparent_85%)] *:transition-opacity [&amp;[disabled]&gt;:not([data-flux-loading-indicator])]:opacity-0 [&amp;[disabled]&gt;[data-flux-loading-indicator]]:opacity-100 [&amp;[disabled]]:pointer-events-none" data-flux-button="data-flux-button" data-flux-group-target="data-flux-group-target">[39m[31m\n
        [39m[31m<div class="absolute inset-0 flex items-center justify-center opacity-0" data-flux-loading-indicator>[39m[31m\n
                [39m[31m<svg class="shrink-0 [:where(&amp;)]:size-4 animate-spin" data-flux-icon xmlns="http://www.w3.org/2000/svg" fill="none" viewBox="0 0 24 24" aria-hidden="true" data-slot="icon">[39m[31m\n
    [39m[31m<circle class="opacity-25" cx="12" cy="12" r="10" stroke="currentColor" stroke-width="4">[39m[31m</circle>[39m[31m\n
    [39m[31m<path class="opacity-75" fill="currentColor" d="M4 12a8 8 0 018-8V0C5.373 0 0 5.373 0 12h4zm2 5.291A7.962 7.962 0 014 12H0c0 3.042 1.135 5.824 3 7.938l3-2.647z">[39m[31m</path>[39m[31m\n
[39m[31m</svg>[39m[31m\n
                    [39m[31m</div>[39m[31m\n
        \n
        \n
                    \n
            \n
            [39m[31m<span>[39m[31mSimpan[39m[31m</span>[39m[31m\n
    [39m[31m</button>[39m[31m\n
\n
            [39m[31m</div>[39m[31m\n
        [39m[31m</form>[39m[31m\n
    [39m[31m<div class="absolute top-0 end-0 mt-4 me-4">[39m[31m\n
                [39m[31m<ui-close data-flux-modal-close >[39m[31m\n
    [39m[31m<button type="button" class="relative items-center font-medium justify-center gap-2 whitespace-nowrap disabled:opacity-75 dark:disabled:opacity-75 disabled:cursor-default disabled:pointer-events-none justify-center h-8 text-sm rounded-md w-8 inline-flex  bg-transparent hover:bg-zinc-800/5 dark:hover:bg-white/15 text-zinc-800 dark:text-white      text-zinc-400! hover:text-zinc-800! dark:text-zinc-500! dark:hover:text-white!" data-flux-button="data-flux-button" aria-label="Close modal">[39m[31m\n
        [39m[31m<svg class="shrink-0 [:where(&amp;)]:size-5" data-flux-icon xmlns="http://www.w3.org/2000/svg" viewBox="0 0 20 20" fill="currentColor" aria-hidden="true" data-slot="icon">[39m[31m\n
  [39m[31m<path d="M6.28 5.22a.75.75 0 0 0-1.06 1.06L8.94 10l-3.72 3.72a.75.75 0 1 0 1.06 1.06L10 11.06l3.72 3.72a.75.75 0 1 0 1.06-1.06L11.06 10l3.72-3.72a.75.75 0 0 0-1.06-1.06L10 8.94 6.28 5.22Z"/>[39m[31m\n
[39m[31m</svg>[39m[31m\n
    [39m[31m</button>[39m[31m\n
[39m[31m</ui-close>[39m[31m\n
            [39m[31m</div>[39m[31m\n
            [39m[31m</dialog>[39m[31m\n
[39m[31m</ui-modal>[39m[31m\n
\n
[39m[31m</div>[39m[31m\n
    [39m[31m</div>[39m[31m\n
\n
\n
    [39m[31m<script src="http://simkopkbm.test/flux/flux.js?id=dca30f4a" data-navigate-once>[39m[31m</script>[39m[31m\n
    [39m[31m<script src="/tallstackui/script/tallstackui-CSqCfOdr.js" defer>[39m[31m</script>[39m[31m<link href="/tallstackui/style/tippy-BHH8rdGj.css" rel="stylesheet" type="text/css">[39m[31m\n
<!-- Livewire Scripts -->\n
[39m[31m<script src="http://simkopkbm.test/livewire-492e1c8c/livewire.js?id=8aabbedf"   data-csrf="qyPJHPsyKAthsEUqX75toWm6Y2OG8IYVpQaEOmVs" data-module-url="http://simkopkbm.test/livewire-492e1c8c" data-update-uri="http://simkopkbm.test/livewire-492e1c8c/update" data-navigate-once="true">[39m[31m</script>[39m[31m\n
[39m[31m</body>[39m[31m\n
[39m[31m</html>[39m[39;1m

  To contain: [39;22m[32m&quot;name&quot;:&quot;academic.academic-years&quot;[39m

  at [32mvendor\livewire\livewire\src\Features\SupportTesting\SupportTesting.php[39m:[32m53[39m
     49▕                 $component = app('livewire.factory')->resolveComponentName($component);
     50▕             }
     51▕             $escapedComponentName = trim(htmlspecialchars(json_encode(['name' => $component])), '{}');
     52▕ 
  ➜  53▕             \PHPUnit\Framework\Assert::assertStringContainsString(
     54▕                 $escapedComponentName,
     55▕                 $this->getContent(),
     56▕                 'Cannot find Livewire component ['.$component.'] rendered on page.'
     57▕             );

  [33m1   [39m[39;1mvendor\livewire\livewire\src\Features\SupportTesting\SupportTesting.php[39;22m:[39;1m53[39;22m
  [33m2   [39m[39;1mvendor\laravel\framework\src\Illuminate\Macroable\Traits\Macroable.php[39;22m:[39;1m126[39;22m


  [90mTests:[39m    [31;1m1 failed[39;22m[90m (2 assertions)[39m
  [90mDuration:[39m [39m1.61s[39m

